一 ㄧ
乙 ㄧ
丁 ㄥ
七 ㄧ
乃 ㄞ
九 ㄡ
了 ㄜ
了 ㄠ
二 ㄦ
人 ㄣ
儿 ㄣ
入 ㄨ
八 ㄚ
几 ㄧ
刀 ㄠ
刁 ㄠ
力 ㄧ
匕 ㄧ
十 ㄕ
卜 ㄨ
又 ㄡ
三 ㄢ
下 ㄚ
丈 ㄤ
上 ㄤ
丫 ㄚ
丸 ㄢ
凡 ㄢ
久 ㄡ
么 ㄠ
也 ㄝ
乞 ㄧ
于 ㄩ
亡 ㄤ
兀 ㄨ
刃 ㄣ
勺 ㄠ
千 ㄢ
叉 ㄚ
口 ㄡ
土 ㄨ
士 ㄕ
夕 ㄧ
大 ㄚ
女 ㄩ
子 ㄗ
孑 ㄝ
孓 ㄝ
寸 ㄣ
小 ㄠ
尢 ㄤ
尸 ㄕ
山 ㄢ
川 ㄢ
工 ㄥ
己 ㄧ
已 ㄧ
巳 ㄙ
巾 ㄣ
干 ㄢ
廾 ㄥ
弋 ㄧ
弓 ㄥ
才 ㄞ
丑 ㄡ
丐 ㄞ
不 ㄨ
中 ㄥ
丰 ㄥ
丹 ㄢ
之 ㄓ
尹 ㄣ
予 ㄩ
云 ㄣ
井 ㄥ
互 ㄨ
五 ㄨ
亢 ㄤ
仁 ㄣ
什 ㄜ
仃 ㄥ
仆 ㄨ
仇 ㄡ
仍 ㄥ
今 ㄣ
介 ㄝ
仄 ㄜ
元 ㄢ
允 ㄣ
內 ㄟ
六 ㄡ
兮 ㄧ
公 ㄥ
冗 ㄥ
凶 ㄥ
分 ㄣ
切 ㄝ
刈 ㄧ
勻 ㄣ
勾 ㄡ
勿 ㄨ
化 ㄚ
匹 ㄧ
午 ㄨ
升 ㄥ
卅 ㄚ
卞 ㄢ
厄 ㄜ
友 ㄡ
及 ㄧ
反 ㄢ
壬 ㄣ
天 ㄢ
夫 ㄨ
太 ㄞ
夭 ㄠ
孔 ㄥ
少 ㄠ
尤 ㄡ
尺 ㄔ
屯 ㄣ
巴 ㄚ
幻 ㄢ
廿 ㄢ
弔 ㄠ
引 ㄣ
心 ㄣ
戈 ㄜ
戶 ㄨ
手 ㄡ
扎 ㄚ
支 ㄓ
文 ㄣ
斗 ㄡ
斤 ㄣ
方 ㄤ
日 ㄖ
曰 ㄝ
月 ㄝ
木 ㄨ
欠 ㄢ
止 ㄓ
歹 ㄞ
毋 ㄨ
比 ㄧ
毛 ㄠ
氏 ㄕ
水 ㄟ
火 ㄛ
爪 ㄚ
父 ㄨ
爻 ㄠ
片 ㄢ
牙 ㄚ
牛 ㄡ
犬 ㄢ
王 ㄤ
丙 ㄥ
世 ㄕ
丕 ㄧ
且 ㄝ
丘 ㄡ
主 ㄨ
乍 ㄚ
乏 ㄚ
乎 ㄨ
以 ㄧ
付 ㄨ
仔 ㄗ
仔 ㄞ
仕 ㄕ
他 ㄚ
仗 ㄤ
代 ㄞ
令 ㄥ
仙 ㄢ
仞 ㄣ
充 ㄥ
兄 ㄥ
冉 ㄢ
冊 ㄜ
冬 ㄥ
凹 ㄠ
出 ㄨ
凸 ㄨ
刊 ㄢ
加 ㄚ
功 ㄥ
包 ㄠ
匆 ㄥ
北 ㄟ
匝 ㄚ
仟 ㄢ
半 ㄢ
卉 ㄟ
卡 ㄚ
占 ㄢ
卯 ㄠ
卮 ㄓ
去 ㄩ
可 ㄜ
古 ㄨ
右 ㄡ
召 ㄠ
叮 ㄥ
叩 ㄡ
叨 ㄠ
叼 ㄠ
司 ㄙ
叵 ㄛ
叫 ㄠ
另 ㄥ
只 ㄓ
史 ㄕ
叱 ㄔ
台 ㄞ
句 ㄩ
叭 ㄚ
叻 ㄜ
四 ㄙ
囚 ㄡ
外 ㄞ
央 ㄤ
失 ㄕ
奴 ㄨ
奶 ㄞ
孕 ㄣ
它 ㄚ
尼 ㄧ
巨 ㄩ
巧 ㄠ
左 ㄛ
市 ㄕ
布 ㄨ
平 ㄥ
幼 ㄡ
弁 ㄢ
弘 ㄥ
弗 ㄨ
必 ㄧ
戊 ㄨ
打 ㄚ
扔 ㄥ
扒 ㄚ
扑 ㄨ
斥 ㄔ
旦 ㄢ
朮 ㄨ
本 ㄣ
未 ㄟ
末 ㄛ
札 ㄚ
正 ㄥ
母 ㄨ
民 ㄣ
氐 ㄧ
永 ㄥ
汁 ㄓ
汀 ㄥ
氾 ㄢ
犯 ㄢ
玄 ㄢ
玉 ㄩ
瓜 ㄚ
瓦 ㄚ
甘 ㄢ
生 ㄥ
用 ㄥ
甩 ㄞ
田 ㄢ
由 ㄡ
甲 ㄚ
申 ㄣ
疋 ㄧ
白 ㄞ
皮 ㄧ
皿 ㄣ
目 ㄨ
矛 ㄠ
矢 ㄕ
石 ㄕ
示 ㄕ
禾 ㄜ
穴 ㄝ
立 ㄧ
丞 ㄥ
丟 ㄡ
乒 ㄥ
乓 ㄤ
乩 ㄧ
亙 ㄣ
交 ㄠ
亦 ㄧ
亥 ㄞ
仿 ㄤ
伉 ㄤ
伙 ㄛ
伊 ㄧ
伕 ㄨ
伍 ㄨ
伐 ㄚ
休 ㄡ
伏 ㄨ
仲 ㄥ
件 ㄢ
任 ㄣ
仰 ㄤ
仳 ㄧ
份 ㄣ
企 ㄧ
伋 ㄧ
光 ㄤ
兇 ㄥ
兆 ㄠ
先 ㄢ
全 ㄢ
共 ㄥ
再 ㄞ
冰 ㄥ
列 ㄝ
刑 ㄥ
划 ㄚ
刎 ㄣ
刖 ㄝ
劣 ㄝ
匈 ㄥ
匡 ㄤ
匠 ㄤ
印 ㄣ
危 ㄟ
吉 ㄧ
吏 ㄧ
同 ㄥ
吊 ㄠ
吐 ㄨ
吁 ㄩ
吋 ㄣ
各 ㄜ
向 ㄤ
名 ㄥ
合 ㄜ
吃 ㄔ
后 ㄡ
吆 ㄠ
吒 ㄚ
因 ㄣ
回 ㄟ
囝 ㄢ
圳 ㄣ
地 ㄧ
地 ㄜ
在 ㄞ
圭 ㄟ
圬 ㄨ
圯 ㄧ
圩 ㄩ
夙 ㄨ
多 ㄛ
夷 ㄧ
夸 ㄚ
妄 ㄤ
奸 ㄢ
妃 ㄟ
好 ㄠ
她 ㄚ
如 ㄨ
妁 ㄛ
字 ㄗ
存 ㄣ
宇 ㄩ
守 ㄡ
宅 ㄞ
安 ㄢ
寺 ㄙ
尖 ㄢ
屹 ㄧ
州 ㄡ
帆 ㄢ
并 ㄥ
年 ㄢ
式 ㄕ
弛 ㄔ
忙 ㄤ
忖 ㄣ
戎 ㄥ
戌 ㄩ
戍 ㄨ
成 ㄥ
扣 ㄡ
扛 ㄤ
托 ㄛ
收 ㄡ
早 ㄠ
旨 ㄓ
旬 ㄣ
旭 ㄩ
曲 ㄩ
曳 ㄧ
有 ㄡ
朽 ㄡ
朴 ㄨ
朱 ㄨ
朵 ㄛ
次 ㄘ
此 ㄘ
死 ㄙ
氖 ㄞ
汝 ㄨ
汗 ㄢ
汙 ㄨ
江 ㄤ
池 ㄔ
汐 ㄧ
汕 ㄢ
污 ㄨ
汛 ㄣ
汍 ㄢ
汎 ㄢ
灰 ㄟ
牟 ㄡ
牝 ㄣ
百 ㄞ
竹 ㄨ
米 ㄧ
糸 ㄧ
缶 ㄡ
羊 ㄤ
羽 ㄩ
老 ㄠ
考 ㄠ
而 ㄦ
耒 ㄟ
耳 ㄦ
聿 ㄩ
肉 ㄡ
肋 ㄜ
肌 ㄧ
臣 ㄣ
自 ㄗ
至 ㄓ
臼 ㄡ
舌 ㄜ
舛 ㄢ
舟 ㄡ
艮 ㄣ
色 ㄜ
艾 ㄞ
虫 ㄥ
血 ㄝ
行 ㄥ
行 ㄤ
衣 ㄧ
西 ㄧ
阡 ㄢ
串 ㄢ
亨 ㄥ
位 ㄟ
住 ㄨ
佇 ㄨ
佗 ㄛ
佞 ㄥ
伴 ㄢ
佛 ㄛ
何 ㄜ
估 ㄨ
佐 ㄛ
佑 ㄡ
伽 ㄝ
伺 ㄘ
伸 ㄣ
佃 ㄢ
佔 ㄢ
似 ㄙ
但 ㄢ
佣 ㄥ
作 ㄛ
你 ㄧ
伯 ㄛ
低 ㄧ
伶 ㄥ
余 ㄩ
佝 ㄡ
佈 ㄨ
佚 ㄧ
兌 ㄟ
克 ㄜ
免 ㄢ
兵 ㄥ
冶 ㄝ
冷 ㄥ
別 ㄝ
判 ㄢ
利 ㄧ
刪 ㄢ
刨 ㄠ
劫 ㄝ
助 ㄨ
努 ㄨ
劬 ㄩ
匣 ㄚ
即 ㄧ
卵 ㄢ
吝 ㄣ
吭 ㄥ
吞 ㄣ
吾 ㄨ
否 ㄡ
呎 ㄔ
吧 ㄚ
呆 ㄞ
呃 ㄜ
吳 ㄨ
呈 ㄥ
呂 ㄩ
君 ㄣ
吩 ㄣ
告 ㄠ
吹 ㄟ
吻 ㄣ
吸 ㄧ
吮 ㄣ
吵 ㄠ
吶 ㄚ
吠 ㄟ
吼 ㄡ
呀 ㄚ
吱 ㄓ
含 ㄢ
吟 ㄣ
听 ㄣ
囪 ㄥ
困 ㄣ
囤 ㄣ
囫 ㄨ
坊 ㄤ
坑 ㄥ
址 ㄓ
坍 ㄢ
均 ㄣ
坎 ㄢ
圾 ㄜ
坐 ㄛ
坏 ㄞ
圻 ㄧ
壯 ㄤ
夾 ㄚ
妝 ㄤ
妒 ㄨ
妨 ㄤ
妞 ㄡ
妣 ㄧ
妙 ㄠ
妖 ㄠ
妍 ㄢ
妤 ㄩ
妓 ㄧ
妊 ㄣ
妥 ㄛ
孝 ㄠ
孜 ㄗ
孚 ㄨ
孛 ㄟ
完 ㄢ
宋 ㄥ
宏 ㄥ
尬 ㄚ
局 ㄩ
屁 ㄧ
尿 ㄠ
尾 ㄟ
岐 ㄧ
岑 ㄣ
岔 ㄚ
岌 ㄧ
巫 ㄨ
希 ㄧ
序 ㄩ
庇 ㄧ
床 ㄤ
廷 ㄥ
弄 ㄥ
弟 ㄧ
彤 ㄥ
形 ㄥ
彷 ㄤ
役 ㄧ
忘 ㄤ
忌 ㄧ
志 ㄓ
忍 ㄣ
忱 ㄣ
快 ㄞ
忸 ㄡ
忪 ㄥ
戒 ㄝ
我 ㄛ
抄 ㄠ
抗 ㄤ
抖 ㄡ
技 ㄧ
扶 ㄨ
抉 ㄝ
扭 ㄡ
把 ㄚ
扼 ㄜ
找 ㄠ
批 ㄧ
扳 ㄢ
抒 ㄨ
扯 ㄜ
折 ㄜ
扮 ㄢ
投 ㄡ
抓 ㄚ
抑 ㄧ
抆 ㄣ
改 ㄞ
攻 ㄥ
攸 ㄡ
旱 ㄢ
更 ㄥ
束 ㄨ
李 ㄧ
杏 ㄥ
材 ㄞ
村 ㄣ
杜 ㄨ
杖 ㄤ
杞 ㄧ
杉 ㄢ
杆 ㄢ
杠 ㄤ
杓 ㄠ
杗 ㄤ
步 ㄨ
每 ㄟ
求 ㄡ
汞 ㄥ
沙 ㄚ
沁 ㄣ
沈 ㄣ
沉 ㄣ
沅 ㄢ
沛 ㄟ
汪 ㄤ
決 ㄝ
沐 ㄨ
汰 ㄞ
沌 ㄣ
汨 ㄧ
沖 ㄥ
沒 ㄟ
汽 ㄧ
沃 ㄛ
汲 ㄧ
汾 ㄣ
汴 ㄢ
沆 ㄤ
汶 ㄣ
沍 ㄨ
沔 ㄢ
沘 ㄧ
沂 ㄧ
灶 ㄠ
灼 ㄛ
災 ㄞ
灸 ㄡ
牢 ㄠ
牡 ㄨ
牠 ㄚ
狄 ㄧ
狂 ㄤ
玖 ㄡ
甬 ㄥ
甫 ㄨ
男 ㄢ
甸 ㄢ
皂 ㄠ
盯 ㄥ
矣 ㄧ
私 ㄙ
秀 ㄡ
禿 ㄨ
究 ㄡ
系 ㄧ
罕 ㄢ
肖 ㄠ
肓 ㄤ
肝 ㄢ
肘 ㄡ
肛 ㄤ
肚 ㄨ
育 ㄩ
良 ㄤ
芒 ㄤ
芋 ㄩ
芍 ㄠ
見 ㄢ
角 ㄠ
言 ㄢ
谷 ㄨ
豆 ㄡ
豕 ㄕ
貝 ㄟ
赤 ㄔ
走 ㄡ
足 ㄨ
身 ㄣ
車 ㄜ
辛 ㄣ
辰 ㄣ
迂 ㄩ
迆 ㄧ
迅 ㄣ
迄 ㄧ
巡 ㄣ
邑 ㄧ
邢 ㄥ
邪 ㄝ
邦 ㄤ
那 ㄚ
酉 ㄡ
釆 ㄢ
里 ㄧ
防 ㄤ
阮 ㄢ
阱 ㄥ
阪 ㄢ
阬 ㄥ
並 ㄥ
乖 ㄞ
乳 ㄨ
事 ㄕ
些 ㄝ
亞 ㄚ
享 ㄤ
京 ㄥ
佯 ㄤ
依 ㄧ
侍 ㄕ
佳 ㄚ
使 ㄕ
佬 ㄠ
供 ㄥ
例 ㄧ
來 ㄞ
侃 ㄢ
佰 ㄞ
併 ㄥ
侈 ㄔ
佩 ㄟ
佻 ㄠ
侖 ㄣ
佾 ㄧ
侏 ㄨ
侑 ㄡ
佺 ㄢ
兔 ㄨ
兒 ㄦ
兕 ㄙ
兩 ㄤ
具 ㄩ
其 ㄧ
典 ㄢ
冽 ㄝ
函 ㄢ
刻 ㄜ
券 ㄢ
刷 ㄚ
刺 ㄘ
到 ㄠ
刮 ㄚ
制 ㄓ
剁 ㄛ
劾 ㄜ
劻 ㄤ
卒 ㄨ
協 ㄝ
卓 ㄛ
卑 ㄟ
卦 ㄚ
卷 ㄢ
卸 ㄝ
卹 ㄩ
取 ㄩ
叔 ㄨ
受 ㄡ
味 ㄟ
呵 ㄜ
咖 ㄚ
呸 ㄟ
咕 ㄨ
咀 ㄩ
呻 ㄣ
呷 ㄚ
咄 ㄛ
咒 ㄡ
咆 ㄠ
呼 ㄨ
咐 ㄨ
呱 ㄨ
呶 ㄠ
和 ㄢ
和 ㄜ
咚 ㄥ
呢 ㄜ
周 ㄡ
咋 ㄚ
命 ㄥ
咎 ㄡ
固 ㄨ
垃 ㄜ
坷 ㄜ
坪 ㄥ
坩 ㄢ
坡 ㄛ
坦 ㄢ
坤 ㄣ
坼 ㄜ
夜 ㄝ
奉 ㄥ
奇 ㄧ
奈 ㄞ
奄 ㄢ
奔 ㄣ
妾 ㄝ
妻 ㄧ
委 ㄟ
妹 ㄟ
妮 ㄧ
姑 ㄨ
姆 ㄨ
姐 ㄝ
姍 ㄢ
始 ㄕ
姓 ㄥ
姊 ㄝ
妯 ㄡ
妳 ㄧ
姒 ㄙ
姅 ㄢ
孟 ㄥ
孤 ㄨ
季 ㄧ
宗 ㄥ
定 ㄥ
官 ㄢ
宜 ㄧ
宙 ㄡ
宛 ㄢ
尚 ㄤ
屈 ㄩ
居 ㄩ
屆 ㄝ
岷 ㄣ
岡 ㄤ
岸 ㄢ
岩 ㄢ
岫 ㄡ
岱 ㄞ
岳 ㄝ
帘 ㄢ
帚 ㄡ
帖 ㄝ
帕 ㄚ
帛 ㄛ
帑 ㄤ
幸 ㄥ
庚 ㄥ
店 ㄢ
府 ㄨ
底 ㄧ
庖 ㄠ
延 ㄢ
弦 ㄢ
弧 ㄨ
弩 ㄨ
往 ㄤ
征 ㄥ
彿 ㄨ
彼 ㄧ
忝 ㄢ
忠 ㄥ
忽 ㄨ
念 ㄢ
忿 ㄣ
怏 ㄤ
怔 ㄥ
怯 ㄝ
怵 ㄨ
怖 ㄨ
怪 ㄞ
怕 ㄚ
怡 ㄧ
性 ㄥ
怩 ㄧ
怫 ㄨ
怛 ㄚ
或 ㄛ
戕 ㄤ
房 ㄤ
戾 ㄧ
所 ㄛ
承 ㄥ
拉 ㄚ
拌 ㄢ
拄 ㄨ
抿 ㄣ
拂 ㄨ
抹 ㄛ
拒 ㄩ
招 ㄠ
披 ㄧ
拓 ㄛ
拔 ㄚ
拋 ㄠ
拈 ㄢ
抨 ㄥ
抽 ㄡ
押 ㄚ
拐 ㄞ
拙 ㄛ
拇 ㄨ
拍 ㄞ
抵 ㄧ
拚 ㄢ
抱 ㄠ
拘 ㄩ
拖 ㄛ
拗 ㄡ
拆 ㄞ
抬 ㄞ
拎 ㄥ
放 ㄤ
斧 ㄨ
於 ㄩ
旺 ㄤ
昔 ㄧ
易 ㄧ
昌 ㄤ
昆 ㄣ
昂 ㄤ
明 ㄥ
昀 ㄣ
昏 ㄣ
昕 ㄣ
昊 ㄠ
昇 ㄥ
服 ㄨ
朋 ㄥ
杭 ㄤ
枋 ㄤ
枕 ㄣ
東 ㄥ
果 ㄛ
杳 ㄠ
杷 ㄚ
枇 ㄧ
枝 ㄓ
林 ㄣ
杯 ㄟ
杰 ㄝ
板 ㄢ
枉 ㄤ
松 ㄥ
析 ㄧ
杵 ㄨ
枚 ㄟ
枓 ㄡ
杼 ㄨ
杪 ㄠ
杲 ㄠ
欣 ㄣ
武 ㄨ
歧 ㄧ
歿 ㄛ
氓 ㄤ
氛 ㄣ
泣 ㄧ
注 ㄨ
泳 ㄥ
沱 ㄛ
泌 ㄧ
泥 ㄧ
河 ㄜ
沽 ㄨ
沾 ㄢ
沼 ㄠ
波 ㄛ
沫 ㄛ
法 ㄚ
泓 ㄥ
沸 ㄟ
泄 ㄝ
油 ㄡ
況 ㄤ
沮 ㄩ
泗 ㄙ
泅 ㄡ
泱 ㄤ
沿 ㄢ
治 ㄓ
泡 ㄠ
泛 ㄢ
泊 ㄛ
沬 ㄟ
泯 ㄣ
泜 ㄓ
泖 ㄠ
泠 ㄥ
炕 ㄤ
炎 ㄢ
炒 ㄠ
炊 ㄟ
炙 ㄓ
爬 ㄚ
爭 ㄥ
爸 ㄚ
版 ㄢ
牧 ㄨ
物 ㄨ
狀 ㄤ
狎 ㄚ
狙 ㄩ
狗 ㄡ
狐 ㄨ
玩 ㄢ
玨 ㄝ
玟 ㄣ
玫 ㄟ
玥 ㄝ
甽 ㄢ
疝 ㄢ
疙 ㄜ
疚 ㄡ
的 ㄜ
盂 ㄩ
盲 ㄤ
直 ㄓ
知 ㄓ
矽 ㄧ
社 ㄜ
祀 ㄙ
祁 ㄧ
秉 ㄥ
秈 ㄢ
空 ㄥ
穹 ㄥ
竺 ㄨ
糾 ㄡ
罔 ㄤ
羌 ㄤ
羋 ㄝ
者 ㄜ
肺 ㄟ
肥 ㄟ
肢 ㄓ
肱 ㄥ
股 ㄨ
肫 ㄣ
肩 ㄢ
肴 ㄠ
肪 ㄤ
肯 ㄣ
臥 ㄛ
臾 ㄩ
舍 ㄜ
芳 ㄤ
芝 ㄓ
芙 ㄨ
芭 ㄚ
芽 ㄚ
芟 ㄢ
芹 ㄣ
花 ㄚ
芬 ㄣ
芥 ㄝ
芯 ㄣ
芸 ㄣ
芣 ㄡ
芰 ㄧ
芾 ㄟ
芷 ㄓ
虎 ㄨ
虱 ㄕ
初 ㄨ
表 ㄠ
軋 ㄚ
迎 ㄥ
返 ㄢ
近 ㄣ
邵 ㄠ
邸 ㄧ
邱 ㄡ
邶 ㄟ
采 ㄞ
金 ㄣ
長 ㄤ
門 ㄣ
阜 ㄨ
陀 ㄛ
阿 ㄚ
阻 ㄨ
附 ㄨ
陂 ㄛ
隹 ㄟ
雨 ㄩ
青 ㄥ
非 ㄟ
亟 ㄧ
亭 ㄥ
亮 ㄤ
信 ㄣ
侵 ㄣ
侯 ㄡ
便 ㄢ
俠 ㄚ
俑 ㄥ
俏 ㄠ
保 ㄠ
促 ㄨ
侶 ㄩ
俘 ㄨ
俟 ㄙ
俊 ㄣ
俗 ㄨ
侮 ㄨ
俐 ㄧ
俄 ㄜ
係 ㄧ
俚 ㄧ
俎 ㄨ
俞 ㄩ
侷 ㄩ
兗 ㄢ
冒 ㄠ
冑 ㄡ
冠 ㄢ
剎 ㄚ
剃 ㄧ
削 ㄝ
前 ㄢ
剌 ㄚ
剋 ㄜ
則 ㄜ
勇 ㄥ
勉 ㄢ
勃 ㄛ
勁 ㄣ
勁 ㄥ
匍 ㄨ
南 ㄢ
卻 ㄝ
厚 ㄡ
叛 ㄢ
咬 ㄠ
哀 ㄞ
咨 ㄗ
哎 ㄞ
哉 ㄞ
咸 ㄢ
咦 ㄧ
咳 ㄜ
哇 ㄚ
哂 ㄣ
咽 ㄢ
咪 ㄧ
品 ㄣ
哄 ㄥ
哈 ㄚ
咯 ㄜ
咫 ㄓ
咱 ㄚ
咻 ㄡ
咩 ㄝ
咧 ㄝ
咿 ㄧ
囿 ㄡ
垂 ㄟ
型 ㄥ
垠 ㄣ
垣 ㄢ
垢 ㄡ
城 ㄥ
垮 ㄚ
垓 ㄞ
奕 ㄧ
契 ㄧ
奏 ㄡ
奎 ㄟ
奐 ㄢ
姜 ㄤ
姘 ㄣ
姿 ㄗ
姣 ㄠ
姨 ㄧ
娃 ㄚ
姥 ㄠ
姪 ㄓ
姚 ㄠ
姦 ㄢ
威 ㄟ
姻 ㄣ
孩 ㄞ
宣 ㄢ
宦 ㄢ
室 ㄕ
客 ㄜ
宥 ㄡ
封 ㄥ
屎 ㄕ
屏 ㄥ
屍 ㄕ
屋 ㄨ
峙 ㄓ
峒 ㄥ
巷 ㄤ
帝 ㄧ
帥 ㄞ
帟 ㄧ
幽 ㄡ
庠 ㄤ
度 ㄨ
建 ㄢ
弈 ㄧ
弭 ㄧ
彥 ㄢ
很 ㄣ
待 ㄞ
徊 ㄞ
律 ㄩ
徇 ㄣ
後 ㄡ
徉 ㄤ
怒 ㄨ
思 ㄙ
怠 ㄞ
急 ㄧ
怎 ㄣ
怨 ㄢ
恍 ㄤ
恰 ㄚ
恨 ㄣ
恢 ㄟ
恆 ㄥ
恃 ㄕ
恬 ㄢ
恫 ㄥ
恪 ㄜ
恤 ㄩ
扁 ㄢ
拜 ㄞ
挖 ㄚ
按 ㄢ
拼 ㄣ
拭 ㄕ
持 ㄔ
拮 ㄝ
拽 ㄝ
指 ㄓ
拱 ㄥ
拷 ㄠ
拯 ㄥ
括 ㄚ
拾 ㄕ
拴 ㄢ
挑 ㄠ
挂 ㄚ
政 ㄥ
故 ㄨ
斫 ㄛ
施 ㄕ
既 ㄧ
春 ㄣ
昭 ㄠ
映 ㄥ
昧 ㄟ
是 ㄕ
星 ㄥ
昨 ㄛ
昱 ㄩ
昤 ㄥ
曷 ㄜ
柿 ㄕ
染 ㄢ
柱 ㄨ
柔 ㄡ
某 ㄡ
柬 ㄢ
架 ㄚ
枯 ㄨ
柵 ㄚ
柩 ㄡ
柯 ㄜ
柄 ㄥ
柑 ㄢ
枴 ㄞ
柚 ㄡ
查 ㄚ
枸 ㄡ
柏 ㄛ
柞 ㄛ
柳 ㄡ
枰 ㄥ
柙 ㄚ
柢 ㄧ
柝 ㄛ
柒 ㄧ
歪 ㄞ
殃 ㄤ
殆 ㄞ
段 ㄢ
毒 ㄨ
毗 ㄧ
氟 ㄨ
泉 ㄢ
洋 ㄤ
洲 ㄡ
洪 ㄥ
流 ㄡ
津 ㄣ
洌 ㄝ
洱 ㄦ
洞 ㄥ
洗 ㄧ
活 ㄛ
洽 ㄚ
派 ㄞ
洶 ㄥ
洛 ㄛ
泵 ㄡ
洹 ㄢ
洧 ㄟ
洸 ㄤ
洩 ㄝ
洮 ㄠ
洵 ㄣ
洎 ㄧ
洫 ㄩ
炫 ㄢ
為 ㄟ
炳 ㄥ
炬 ㄩ
炯 ㄥ
炭 ㄢ
炸 ㄚ
炮 ㄠ
炤 ㄠ
爰 ㄢ
牲 ㄥ
牯 ㄨ
牴 ㄧ
狩 ㄡ
狠 ㄣ
狡 ㄠ
玷 ㄢ
珊 ㄢ
玻 ㄛ
玲 ㄥ
珍 ㄣ
珀 ㄛ
玳 ㄞ
甚 ㄣ
甚 ㄜ
甭 ㄥ
畏 ㄟ
界 ㄝ
畎 ㄢ
畋 ㄢ
疫 ㄧ
疤 ㄚ
疥 ㄝ
疢 ㄣ
疣 ㄡ
癸 ㄟ
皆 ㄝ
皇 ㄤ
皈 ㄟ
盈 ㄥ
盆 ㄣ
盃 ㄟ
盅 ㄥ
省 ㄥ
盹 ㄣ
相 ㄤ
眉 ㄟ
看 ㄢ
盾 ㄣ
盼 ㄢ
眇 ㄠ
矜 ㄢ
砂 ㄚ
研 ㄢ
砌 ㄧ
砍 ㄢ
祆 ㄢ
祉 ㄓ
祈 ㄧ
祇 ㄓ
禹 ㄩ
禺 ㄩ
科 ㄜ
秒 ㄠ
秋 ㄡ
穿 ㄢ
突 ㄨ
竿 ㄢ
竽 ㄩ
籽 ㄗ
紂 ㄡ
紅 ㄥ
紀 ㄧ
紉 ㄣ
紇 ㄜ
約 ㄝ
紆 ㄩ
缸 ㄤ
美 ㄟ
羿 ㄧ
耄 ㄠ
耐 ㄞ
耍 ㄚ
耑 ㄢ
耶 ㄝ
胖 ㄤ
胥 ㄩ
胚 ㄟ
胃 ㄟ
胄 ㄡ
背 ㄟ
胡 ㄨ
胛 ㄚ
胎 ㄞ
胞 ㄠ
胤 ㄣ
胝 ㄓ
致 ㄓ
舢 ㄢ
苧 ㄨ
范 ㄢ
茅 ㄠ
苣 ㄩ
苛 ㄜ
苦 ㄨ
茄 ㄝ
若 ㄛ
茂 ㄠ
茉 ㄛ
苒 ㄢ
苗 ㄠ
英 ㄥ
茁 ㄛ
苜 ㄨ
苔 ㄞ
苑 ㄢ
苞 ㄠ
苓 ㄥ
苟 ㄡ
苯 ㄣ
茆 ㄠ
虐 ㄝ
虹 ㄥ
虻 ㄥ
虺 ㄟ
衍 ㄢ
衫 ㄢ
要 ㄠ
觔 ㄣ
計 ㄧ
訂 ㄥ
訃 ㄨ
貞 ㄣ
負 ㄨ
赴 ㄨ
赳 ㄡ
趴 ㄚ
軍 ㄣ
軌 ㄟ
述 ㄨ
迦 ㄚ
迢 ㄠ
迪 ㄧ
迥 ㄥ
迭 ㄝ
迫 ㄛ
迤 ㄧ
迨 ㄞ
郊 ㄠ
郎 ㄤ
郁 ㄩ
郃 ㄜ
酋 ㄡ
酊 ㄥ
重 ㄥ
閂 ㄢ
限 ㄢ
陋 ㄡ
陌 ㄛ
降 ㄤ
面 ㄢ
革 ㄜ
韋 ㄟ
韭 ㄡ
音 ㄣ
頁 ㄝ
風 ㄥ
飛 ㄟ
食 ㄕ
首 ㄡ
香 ㄤ
乘 ㄥ
亳 ㄛ
倌 ㄢ
倍 ㄟ
倣 ㄤ
俯 ㄨ
倦 ㄢ
倥 ㄥ
俸 ㄥ
倩 ㄢ
倖 ㄥ
倆 ㄤ
值 ㄓ
借 ㄝ
倚 ㄧ
倒 ㄠ
們 ㄣ
俺 ㄢ
倀 ㄤ
倔 ㄝ
倨 ㄩ
俱 ㄩ
倡 ㄤ
個 ㄜ
候 ㄡ
倘 ㄤ
俳 ㄞ
修 ㄡ
倭 ㄛ
倪 ㄧ
俾 ㄧ
倫 ㄣ
倉 ㄤ
兼 ㄢ
冤 ㄢ
冥 ㄥ
冢 ㄥ
凍 ㄥ
凌 ㄥ
准 ㄣ
凋 ㄠ
剖 ㄛ
剜 ㄢ
剔 ㄧ
剛 ㄤ
剝 ㄛ
匪 ㄟ
卿 ㄥ
原 ㄢ
厝 ㄛ
叟 ㄡ
哨 ㄠ
唐 ㄤ
唁 ㄢ
唷 ㄛ
哼 ㄥ
哥 ㄜ
哲 ㄜ
唆 ㄛ
哺 ㄨ
唔 ㄨ
哩 ㄧ
哭 ㄨ
員 ㄢ
唉 ㄞ
哮 ㄠ
哪 ㄚ
哦 ㄛ
唧 ㄧ
唇 ㄣ
哽 ㄥ
唏 ㄧ
圃 ㄨ
圄 ㄩ
埂 ㄥ
埔 ㄨ
埋 ㄞ
埃 ㄞ
堉 ㄩ
夏 ㄚ
套 ㄠ
奘 ㄤ
奚 ㄧ
娑 ㄛ
娘 ㄤ
娜 ㄛ
娟 ㄢ
娛 ㄩ
娓 ㄟ
姬 ㄧ
娠 ㄣ
娣 ㄧ
娩 ㄢ
娥 ㄜ
娌 ㄧ
娉 ㄥ
孫 ㄣ
屘 ㄢ
宰 ㄞ
害 ㄞ
家 ㄚ
宴 ㄢ
宮 ㄥ
宵 ㄠ
容 ㄥ
宸 ㄣ
射 ㄜ
屑 ㄝ
展 ㄢ
屐 ㄧ
峭 ㄠ
峽 ㄚ
峻 ㄣ
峪 ㄩ
峨 ㄜ
峰 ㄥ
島 ㄠ
崁 ㄢ
峴 ㄢ
差 ㄚ
差 ㄞ
席 ㄧ
師 ㄕ
庫 ㄨ
庭 ㄥ
座 ㄛ
弱 ㄛ
徒 ㄨ
徑 ㄥ
徐 ㄩ
恙 ㄤ
恣 ㄗ
恥 ㄔ
恐 ㄥ
恕 ㄨ
恭 ㄥ
恩 ㄣ
息 ㄧ
悄 ㄠ
悟 ㄨ
悚 ㄥ
悍 ㄢ
悔 ㄟ
悌 ㄧ
悅 ㄝ
悖 ㄟ
扇 ㄢ
拳 ㄢ
挈 ㄝ
拿 ㄚ
捎 ㄠ
挾 ㄚ
振 ㄣ
捕 ㄨ
捂 ㄨ
捆 ㄣ
捏 ㄝ
捉 ㄛ
挺 ㄥ
捐 ㄢ
挽 ㄢ
挪 ㄛ
挫 ㄛ
挨 ㄞ
捍 ㄢ
捌 ㄚ
效 ㄠ
敉 ㄧ
料 ㄠ
旁 ㄤ
旅 ㄩ
時 ㄕ
晉 ㄣ
晏 ㄢ
晃 ㄤ
晒 ㄞ
晌 ㄤ
晅 ㄢ
晁 ㄠ
書 ㄨ
朔 ㄛ
朕 ㄣ
朗 ㄤ
校 ㄠ
核 ㄜ
案 ㄢ
框 ㄤ
桓 ㄢ
根 ㄣ
桂 ㄟ
桔 ㄝ
栩 ㄩ
梳 ㄨ
栗 ㄧ
桌 ㄛ
桑 ㄤ
栽 ㄞ
柴 ㄞ
桐 ㄥ
桀 ㄝ
格 ㄜ
桃 ㄠ
株 ㄨ
桅 ㄟ
栓 ㄢ
栘 ㄔ
桁 ㄥ
殊 ㄨ
殉 ㄣ
殷 ㄣ
氣 ㄧ
氧 ㄤ
氨 ㄢ
氦 ㄞ
氤 ㄣ
泰 ㄞ
浪 ㄤ
涕 ㄧ
消 ㄠ
涇 ㄥ
浦 ㄨ
浸 ㄣ
海 ㄞ
浙 ㄜ
涓 ㄢ
浬 ㄧ
涉 ㄜ
浮 ㄨ
浚 ㄣ
浴 ㄩ
浩 ㄠ
涌 ㄥ
涊 ㄢ
浹 ㄚ
涅 ㄝ
浥 ㄧ
涔 ㄣ
烊 ㄤ
烘 ㄥ
烤 ㄠ
烙 ㄠ
烈 ㄝ
烏 ㄨ
爹 ㄝ
特 ㄜ
狼 ㄤ
狹 ㄚ
狽 ㄟ
狸 ㄧ
狷 ㄢ
玆 ㄗ
班 ㄢ
琉 ㄡ
珮 ㄟ
珠 ㄨ
珪 ㄟ
珞 ㄛ
畔 ㄢ
畝 ㄨ
畜 ㄨ
畚 ㄣ
留 ㄡ
疾 ㄧ
病 ㄥ
症 ㄥ
疲 ㄧ
疳 ㄢ
疽 ㄩ
疼 ㄥ
疹 ㄣ
痂 ㄚ
疸 ㄢ
皋 ㄠ
皰 ㄠ
益 ㄧ
盍 ㄜ
盎 ㄤ
眩 ㄢ
真 ㄣ
眠 ㄢ
眨 ㄚ
矩 ㄩ
砰 ㄥ
砧 ㄣ
砸 ㄚ
砝 ㄚ
破 ㄛ
砷 ㄣ
砥 ㄧ
砭 ㄢ
砠 ㄩ
砟 ㄚ
砲 ㄠ
祕 ㄧ
祐 ㄡ
祠 ㄘ
祟 ㄟ
祖 ㄨ
神 ㄣ
祝 ㄨ
祗 ㄓ
祚 ㄛ
秤 ㄥ
秣 ㄛ
秧 ㄤ
租 ㄨ
秦 ㄣ
秩 ㄓ
秘 ㄧ
窄 ㄞ
窈 ㄠ
站 ㄢ
笆 ㄚ
笑 ㄠ
粉 ㄣ
紡 ㄤ
紗 ㄚ
紋 ㄣ
紊 ㄣ
素 ㄨ
索 ㄛ
純 ㄣ
紐 ㄡ
紕 ㄧ
級 ㄧ
紜 ㄣ
納 ㄚ
紙 ㄓ
紛 ㄣ
缺 ㄝ
罟 ㄨ
羔 ㄠ
翅 ㄔ
翁 ㄥ
耆 ㄧ
耘 ㄣ
耕 ㄥ
耙 ㄚ
耗 ㄠ
耽 ㄢ
耿 ㄥ
胱 ㄤ
脂 ㄓ
胰 ㄧ
脅 ㄝ
胭 ㄢ
胴 ㄥ
脆 ㄟ
胸 ㄥ
胳 ㄜ
脈 ㄞ
能 ㄥ
脊 ㄧ
胼 ㄢ
胯 ㄚ
臭 ㄡ
臬 ㄝ
舀 ㄠ
舐 ㄕ
航 ㄤ
舫 ㄤ
舨 ㄢ
般 ㄢ
芻 ㄨ
茫 ㄤ
荒 ㄤ
荔 ㄧ
荊 ㄥ
茸 ㄥ
荐 ㄢ
草 ㄠ
茵 ㄣ
茴 ㄟ
荏 ㄣ
茲 ㄗ
茹 ㄨ
茶 ㄚ
茗 ㄥ
荀 ㄣ
茱 ㄨ
茨 ㄘ
荃 ㄢ
虔 ㄢ
蚊 ㄣ
蚪 ㄡ
蚓 ㄣ
蚤 ㄠ
蚩 ㄔ
蚌 ㄤ
蚣 ㄥ
蚜 ㄚ
衰 ㄞ
衷 ㄥ
袁 ㄢ
袂 ㄟ
衽 ㄣ
衹 ㄧ
記 ㄧ
訐 ㄝ
討 ㄠ
訌 ㄥ
訕 ㄢ
訊 ㄣ
託 ㄛ
訓 ㄣ
訖 ㄧ
訏 ㄩ
訑 ㄧ
豈 ㄧ
豺 ㄞ
豹 ㄠ
財 ㄞ
貢 ㄥ
起 ㄧ
躬 ㄥ
軒 ㄢ
軔 ㄣ
軏 ㄨ
辱 ㄨ
送 ㄥ
逆 ㄧ
迷 ㄧ
退 ㄟ
迺 ㄞ
迴 ㄟ
逃 ㄠ
追 ㄟ
逅 ㄡ
迸 ㄥ
邕 ㄥ
郡 ㄣ
郝 ㄠ
郢 ㄥ
酒 ㄡ
配 ㄟ
酌 ㄛ
釘 ㄥ
針 ㄣ
釗 ㄠ
釜 ㄨ
釙 ㄧ
閃 ㄢ
院 ㄢ
陣 ㄣ
陡 ㄡ
陛 ㄧ
陝 ㄚ
除 ㄨ
陘 ㄥ
陞 ㄥ
隻 ㄓ
飢 ㄧ
馬 ㄚ
骨 ㄨ
高 ㄠ
鬥 ㄡ
鬲 ㄜ
鬼 ㄟ
乾 ㄢ
偺 ㄚ
偽 ㄟ
停 ㄥ
假 ㄚ
偃 ㄢ
偌 ㄛ
做 ㄛ
偉 ㄟ
健 ㄢ
偶 ㄡ
偎 ㄟ
偕 ㄝ
偵 ㄣ
側 ㄜ
偷 ㄡ
偏 ㄢ
倏 ㄨ
偯 ㄧ
偭 ㄢ
兜 ㄡ
冕 ㄢ
凰 ㄤ
剪 ㄢ
副 ㄨ
勒 ㄜ
務 ㄨ
勘 ㄢ
動 ㄥ
匐 ㄨ
匏 ㄠ
匙 ㄔ
匿 ㄧ
區 ㄩ
匾 ㄢ
參 ㄢ
參 ㄣ
曼 ㄢ
商 ㄤ
啪 ㄚ
啦 ㄚ
啄 ㄛ
啞 ㄚ
啡 ㄟ
啃 ㄣ
啊 ㄚ
唱 ㄤ
啖 ㄢ
問 ㄣ
啕 ㄠ
唯 ㄟ
啤 ㄧ
唸 ㄢ
售 ㄡ
啜 ㄛ
唬 ㄨ
啣 ㄢ
唳 ㄧ
啁 ㄡ
啗 ㄢ
圈 ㄢ
國 ㄛ
圉 ㄩ
域 ㄩ
堅 ㄢ
堊 ㄨ
堆 ㄟ
埠 ㄨ
埤 ㄧ
基 ㄧ
堂 ㄤ
堵 ㄨ
執 ㄓ
培 ㄟ
夠 ㄡ
奢 ㄜ
娶 ㄩ
婁 ㄡ
婉 ㄢ
婦 ㄨ
婪 ㄢ
婀 ㄜ
娼 ㄤ
婢 ㄧ
婚 ㄣ
婆 ㄛ
婊 ㄠ
孰 ㄨ
寇 ㄡ
寅 ㄣ
寄 ㄧ
寂 ㄧ
宿 ㄨ
密 ㄧ
尉 ㄟ
專 ㄢ
將 ㄤ
屠 ㄨ
屜 ㄝ
屝 ㄟ
崇 ㄥ
崆 ㄥ
崎 ㄧ
崛 ㄝ
崖 ㄞ
崢 ㄥ
崑 ㄣ
崩 ㄥ
崔 ㄟ
崙 ㄣ
崤 ㄠ
崧 ㄥ
崗 ㄤ
巢 ㄠ
常 ㄤ
帶 ㄞ
帳 ㄤ
帷 ㄟ
康 ㄤ
庸 ㄥ
庶 ㄨ
庵 ㄢ
庾 ㄩ
張 ㄤ
強 ㄤ
彗 ㄟ
彬 ㄣ
彩 ㄞ
彫 ㄠ
得 ㄜ
得 ㄟ
徙 ㄧ
從 ㄥ
徘 ㄞ
御 ㄩ
徠 ㄞ
徜 ㄤ
恿 ㄥ
患 ㄢ
悉 ㄧ
悠 ㄡ
您 ㄣ
惋 ㄢ
悴 ㄟ
惦 ㄢ
悽 ㄧ
情 ㄥ
悻 ㄥ
悵 ㄤ
惜 ㄧ
悼 ㄠ
惘 ㄤ
惕 ㄧ
惆 ㄡ
惟 ㄟ
悸 ㄧ
惚 ㄨ
惇 ㄣ
戚 ㄧ
戛 ㄚ
扈 ㄨ
掠 ㄝ
控 ㄥ
捲 ㄢ
掖 ㄧ
探 ㄢ
接 ㄝ
捷 ㄝ
捧 ㄥ
掘 ㄝ
措 ㄛ
捱 ㄞ
掩 ㄢ
掉 ㄠ
掃 ㄠ
掛 ㄚ
捫 ㄣ
推 ㄟ
掄 ㄣ
授 ㄡ
掙 ㄥ
採 ㄞ
掬 ㄩ
排 ㄞ
掏 ㄠ
掀 ㄢ
捻 ㄢ
捩 ㄝ
捨 ㄜ
捺 ㄚ
敝 ㄧ
敖 ㄠ
救 ㄡ
教 ㄠ
敗 ㄞ
啟 ㄧ
敏 ㄣ
敘 ㄩ
敕 ㄔ
敔 ㄩ
斜 ㄝ
斛 ㄨ
斬 ㄢ
族 ㄨ
旋 ㄢ
旌 ㄥ
旎 ㄧ
晝 ㄡ
晚 ㄢ
晤 ㄨ
晨 ㄣ
晦 ㄟ
晞 ㄧ
曹 ㄠ
勗 ㄩ
望 ㄤ
梁 ㄤ
梯 ㄧ
梢 ㄠ
梓 ㄗ
梵 ㄢ
桿 ㄢ
桶 ㄥ
梱 ㄣ
梧 ㄨ
梗 ㄥ
械 ㄝ
梃 ㄥ
棄 ㄧ
梭 ㄛ
梆 ㄤ
梅 ㄟ
梔 ㄓ
條 ㄠ
梨 ㄧ
梟 ㄠ
梡 ㄢ
梂 ㄡ
欲 ㄩ
殺 ㄚ
毫 ㄠ
毬 ㄡ
氫 ㄥ
涎 ㄢ
涼 ㄤ
淳 ㄣ
淙 ㄥ
液 ㄧ
淡 ㄢ
淌 ㄤ
淤 ㄩ
添 ㄢ
淺 ㄢ
清 ㄥ
淇 ㄧ
淋 ㄣ
涯 ㄚ
淑 ㄨ
涮 ㄢ
淞 ㄥ
淹 ㄢ
涸 ㄜ
混 ㄣ
淵 ㄢ
淅 ㄧ
淒 ㄧ
渚 ㄨ
涵 ㄢ
淚 ㄟ
淫 ㄣ
淘 ㄠ
淪 ㄣ
深 ㄣ
淮 ㄞ
淨 ㄥ
淆 ㄠ
淄 ㄗ
涪 ㄨ
淬 ㄟ
涿 ㄛ
淦 ㄢ
烹 ㄥ
焉 ㄢ
焊 ㄢ
烽 ㄥ
烯 ㄧ
爽 ㄤ
牽 ㄢ
犁 ㄧ
猜 ㄞ
猛 ㄥ
猖 ㄤ
猓 ㄛ
猙 ㄥ
率 ㄩ
率 ㄞ
琅 ㄤ
琊 ㄝ
球 ㄡ
理 ㄧ
現 ㄢ
琍 ㄧ
瓠 ㄨ
瓶 ㄥ
瓷 ㄘ
甜 ㄢ
產 ㄢ
略 ㄝ
畦 ㄧ
畢 ㄧ
異 ㄧ
疏 ㄨ
痔 ㄓ
痕 ㄣ
疵 ㄘ
痊 ㄢ
痍 ㄧ
皎 ㄠ
盔 ㄟ
盒 ㄜ
盛 ㄥ
眷 ㄢ
眾 ㄥ
眼 ㄢ
眶 ㄤ
眸 ㄡ
眺 ㄠ
硫 ㄡ
硃 ㄨ
硎 ㄥ
祥 ㄤ
票 ㄠ
祭 ㄧ
移 ㄧ
窒 ㄓ
窕 ㄠ
笠 ㄧ
笨 ㄣ
笛 ㄧ
第 ㄧ
符 ㄨ
笙 ㄥ
笞 ㄔ
笮 ㄜ
粒 ㄧ
粗 ㄨ
粕 ㄛ
絆 ㄢ
絃 ㄢ
統 ㄥ
紮 ㄚ
紹 ㄠ
紼 ㄨ
絀 ㄨ
細 ㄧ
紳 ㄣ
組 ㄨ
累 ㄟ
終 ㄥ
紲 ㄝ
紱 ㄨ
缽 ㄛ
羞 ㄡ
羚 ㄥ
翌 ㄧ
翎 ㄥ
習 ㄧ
耜 ㄙ
聊 ㄠ
聆 ㄥ
脯 ㄨ
脖 ㄛ
脣 ㄣ
脫 ㄛ
脩 ㄡ
脰 ㄡ
脤 ㄣ
舂 ㄥ
舵 ㄛ
舷 ㄢ
舶 ㄛ
船 ㄢ
莎 ㄚ
莞 ㄢ
莘 ㄣ
荸 ㄛ
莢 ㄚ
莖 ㄥ
莽 ㄤ
莫 ㄛ
莒 ㄩ
莊 ㄤ
莓 ㄟ
莉 ㄧ
莠 ㄡ
荷 ㄜ
荻 ㄧ
荼 ㄨ
莆 ㄨ
莧 ㄢ
處 ㄨ
彪 ㄠ
蛇 ㄜ
蛀 ㄨ
蚶 ㄢ
蛄 ㄨ
蚵 ㄜ
蛆 ㄩ
蛋 ㄢ
蚱 ㄚ
蚯 ㄡ
蛉 ㄥ
術 ㄨ
袞 ㄣ
袈 ㄚ
被 ㄟ
袒 ㄢ
袖 ㄡ
袍 ㄠ
袋 ㄞ
覓 ㄧ
規 ㄟ
訪 ㄤ
訝 ㄚ
訣 ㄝ
訥 ㄜ
許 ㄩ
設 ㄜ
訟 ㄥ
訛 ㄜ
訢 ㄣ
豉 ㄕ
豚 ㄣ
販 ㄢ
責 ㄜ
貫 ㄢ
貨 ㄛ
貪 ㄢ
貧 ㄣ
赧 ㄢ
赦 ㄜ
趾 ㄓ
趺 ㄨ
軛 ㄜ
軟 ㄢ
這 ㄜ
逍 ㄠ
通 ㄥ
逗 ㄡ
連 ㄢ
速 ㄨ
逝 ㄕ
逐 ㄨ
逕 ㄥ
逞 ㄥ
造 ㄠ
透 ㄡ
逢 ㄥ
逖 ㄧ
逛 ㄤ
途 ㄨ
部 ㄨ
郭 ㄛ
都 ㄡ
都 ㄨ
酗 ㄩ
野 ㄝ
釵 ㄞ
釦 ㄡ
釣 ㄠ
釧 ㄢ
釭 ㄤ
釩 ㄢ
閉 ㄧ
陪 ㄟ
陵 ㄥ
陳 ㄣ
陸 ㄨ
陰 ㄣ
陴 ㄧ
陶 ㄠ
陷 ㄢ
陬 ㄡ
雀 ㄝ
雪 ㄝ
雩 ㄩ
章 ㄤ
竟 ㄥ
頂 ㄥ
頃 ㄥ
魚 ㄩ
鳥 ㄠ
鹵 ㄨ
鹿 ㄨ
麥 ㄞ
麻 ㄚ
傢 ㄚ
傍 ㄤ
傅 ㄨ
備 ㄟ
傑 ㄝ
傀 ㄟ
傖 ㄤ
傘 ㄢ
傚 ㄠ
最 ㄟ
凱 ㄞ
割 ㄜ
剴 ㄞ
創 ㄤ
剩 ㄥ
勞 ㄠ
勝 ㄥ
勛 ㄣ
博 ㄛ
厥 ㄝ
啻 ㄔ
喀 ㄜ
喧 ㄢ
啼 ㄧ
喊 ㄢ
喝 ㄜ
喘 ㄢ
喂 ㄟ
喜 ㄧ
喪 ㄤ
喔 ㄛ
喇 ㄚ
喋 ㄝ
喃 ㄢ
喳 ㄚ
單 ㄢ
喟 ㄟ
唾 ㄛ
喲 ㄠ
喚 ㄢ
喻 ㄩ
喬 ㄠ
喱 ㄧ
啾 ㄡ
喉 ㄡ
喫 ㄔ
喙 ㄟ
圍 ㄟ
堯 ㄠ
堪 ㄢ
場 ㄤ
堤 ㄧ
堰 ㄢ
報 ㄠ
堡 ㄠ
堝 ㄛ
堠 ㄡ
壹 ㄧ
壺 ㄨ
奠 ㄢ
婷 ㄥ
媚 ㄟ
婿 ㄩ
媒 ㄟ
媛 ㄢ
媧 ㄚ
孳 ㄗ
孱 ㄢ
寒 ㄢ
富 ㄨ
寓 ㄩ
寐 ㄟ
尊 ㄣ
尋 ㄣ
就 ㄡ
嵌 ㄢ
嵐 ㄢ
崴 ㄟ
嵇 ㄧ
巽 ㄣ
幅 ㄨ
帽 ㄠ
幀 ㄥ
幃 ㄟ
幾 ㄧ
廊 ㄤ
廁 ㄜ
廂 ㄤ
廄 ㄡ
弼 ㄧ
彭 ㄥ
復 ㄨ
循 ㄣ
徨 ㄤ
惑 ㄛ
惡 ㄜ
悲 ㄟ
悶 ㄣ
惠 ㄟ
愜 ㄝ
愣 ㄥ
惺 ㄥ
愕 ㄜ
惰 ㄛ
惻 ㄜ
惴 ㄟ
慨 ㄞ
惱 ㄠ
愎 ㄧ
惶 ㄤ
愉 ㄩ
愀 ㄠ
愒 ㄧ
戟 ㄧ
扉 ㄟ
掣 ㄜ
掌 ㄤ
描 ㄠ
揀 ㄢ
揩 ㄞ
揉 ㄡ
揆 ㄟ
揍 ㄡ
插 ㄚ
揣 ㄞ
提 ㄧ
握 ㄛ
揖 ㄧ
揭 ㄝ
揮 ㄟ
捶 ㄟ
援 ㄢ
揪 ㄡ
換 ㄢ
摒 ㄥ
揚 ㄤ
揹 ㄟ
敞 ㄤ
敦 ㄣ
敢 ㄢ
散 ㄢ
斑 ㄢ
斐 ㄟ
斯 ㄙ
普 ㄨ
晰 ㄧ
晴 ㄥ
晶 ㄥ
景 ㄥ
暑 ㄨ
智 ㄓ
晾 ㄤ
晷 ㄟ
曾 ㄥ
替 ㄧ
期 ㄧ
朝 ㄠ
棺 ㄢ
棕 ㄥ
棠 ㄤ
棘 ㄧ
棗 ㄠ
椅 ㄧ
棟 ㄥ
棵 ㄜ
森 ㄣ
棧 ㄢ
棹 ㄠ
棒 ㄤ
棲 ㄧ
棣 ㄧ
棋 ㄧ
棍 ㄣ
植 ㄓ
椒 ㄠ
椎 ㄟ
棉 ㄢ
棚 ㄥ
楮 ㄨ
棻 ㄣ
款 ㄢ
欺 ㄧ
欽 ㄣ
殘 ㄢ
殖 ㄓ
殼 ㄜ
毯 ㄢ
氮 ㄢ
氯 ㄨ
氬 ㄚ
港 ㄤ
游 ㄡ
湔 ㄢ
渡 ㄨ
渲 ㄢ
湧 ㄥ
湊 ㄡ
渠 ㄩ
渥 ㄛ
渣 ㄚ
減 ㄢ
湛 ㄢ
湘 ㄤ
渤 ㄛ
湖 ㄨ
湮 ㄢ
渭 ㄟ
渦 ㄛ
湯 ㄤ
渴 ㄜ
湍 ㄢ
渺 ㄠ
測 ㄜ
湃 ㄞ
渝 ㄩ
渾 ㄣ
滋 ㄗ
溉 ㄞ
渙 ㄢ
湎 ㄢ
湣 ㄣ
湄 ㄟ
湲 ㄢ
湩 ㄥ
湟 ㄤ
焙 ㄟ
焚 ㄣ
焦 ㄠ
焰 ㄢ
無 ㄨ
然 ㄢ
煮 ㄨ
焜 ㄣ
牌 ㄞ
犄 ㄧ
犀 ㄧ
猶 ㄡ
猥 ㄟ
猴 ㄡ
猩 ㄥ
琺 ㄚ
琪 ㄧ
琳 ㄣ
琢 ㄛ
琥 ㄨ
琵 ㄧ
琶 ㄚ
琴 ㄣ
琯 ㄢ
琛 ㄣ
琦 ㄧ
琨 ㄣ
甥 ㄥ
甦 ㄨ
畫 ㄚ
番 ㄢ
痢 ㄧ
痛 ㄥ
痣 ㄓ
痙 ㄥ
痘 ㄡ
痞 ㄧ
痠 ㄢ
登 ㄥ
發 ㄚ
皖 ㄢ
皓 ㄠ
皴 ㄣ
盜 ㄠ
睏 ㄣ
短 ㄢ
硝 ㄠ
硬 ㄥ
硯 ㄢ
稍 ㄠ
稈 ㄢ
程 ㄥ
稅 ㄟ
稀 ㄧ
窘 ㄥ
窗 ㄤ
窖 ㄠ
童 ㄥ
竣 ㄣ
等 ㄥ
策 ㄜ
筆 ㄧ
筐 ㄤ
筒 ㄥ
答 ㄚ
筍 ㄣ
筋 ㄣ
筏 ㄚ
筑 ㄨ
粟 ㄨ
粥 ㄡ
絞 ㄠ
結 ㄝ
絨 ㄥ
絕 ㄝ
紫 ㄗ
絮 ㄩ
絲 ㄙ
絡 ㄛ
給 ㄟ
絢 ㄢ
絰 ㄝ
絳 ㄤ
善 ㄢ
翔 ㄤ
翕 ㄧ
耋 ㄝ
聒 ㄚ
肅 ㄨ
腕 ㄢ
腔 ㄤ
腋 ㄝ
腑 ㄨ
腎 ㄣ
脹 ㄤ
腆 ㄢ
脾 ㄧ
腌 ㄢ
腓 ㄟ
腴 ㄩ
舒 ㄨ
舜 ㄣ
菩 ㄨ
萃 ㄟ
菸 ㄢ
萍 ㄥ
菠 ㄛ
菅 ㄢ
萋 ㄧ
菁 ㄥ
華 ㄚ
菱 ㄥ
菴 ㄢ
著 ㄜ
著 ㄛ
著 ㄠ
萊 ㄞ
菰 ㄨ
萌 ㄥ
菌 ㄣ
菽 ㄨ
菲 ㄟ
菊 ㄩ
萸 ㄩ
萎 ㄟ
萄 ㄠ
菜 ㄞ
萇 ㄤ
菔 ㄨ
菟 ㄨ
虛 ㄩ
蛟 ㄠ
蛙 ㄚ
蛭 ㄓ
蛔 ㄟ
蛛 ㄨ
蛤 ㄜ
蛐 ㄩ
蛞 ㄛ
街 ㄝ
裁 ㄞ
裂 ㄝ
袱 ㄨ
覃 ㄢ
視 ㄕ
註 ㄨ
詠 ㄥ
評 ㄥ
詞 ㄘ
証 ㄥ
詁 ㄨ
詔 ㄠ
詛 ㄨ
詐 ㄚ
詆 ㄧ
訴 ㄨ
診 ㄣ
訶 ㄜ
詖 ㄧ
象 ㄤ
貂 ㄠ
貯 ㄨ
貼 ㄝ
貳 ㄦ
貽 ㄧ
賁 ㄣ
費 ㄟ
賀 ㄜ
貴 ㄟ
買 ㄞ
貶 ㄢ
貿 ㄠ
貸 ㄞ
越 ㄝ
超 ㄠ
趁 ㄣ
跎 ㄛ
距 ㄩ
跋 ㄚ
跚 ㄢ
跑 ㄠ
跌 ㄝ
跛 ㄛ
跆 ㄞ
軻 ㄜ
軸 ㄡ
軼 ㄧ
辜 ㄨ
逮 ㄞ
逵 ㄟ
週 ㄡ
逸 ㄧ
進 ㄣ
逶 ㄟ
鄂 ㄜ
郵 ㄡ
鄉 ㄤ
郾 ㄢ
酣 ㄢ
酥 ㄨ
量 ㄤ
鈔 ㄠ
鈕 ㄡ
鈣 ㄞ
鈉 ㄚ
鈞 ㄣ
鈍 ㄣ
鈐 ㄢ
鈇 ㄨ
鈑 ㄢ
閔 ㄣ
閏 ㄣ
開 ㄞ
閑 ㄢ
間 ㄢ
閒 ㄢ
閎 ㄥ
隊 ㄟ
階 ㄝ
隋 ㄟ
陽 ㄤ
隅 ㄩ
隆 ㄥ
隍 ㄤ
陲 ㄟ
隄 ㄧ
雁 ㄢ
雅 ㄚ
雄 ㄥ
集 ㄧ
雇 ㄨ
雯 ㄣ
雲 ㄣ
韌 ㄣ
項 ㄤ
順 ㄣ
須 ㄩ
飧 ㄣ
飪 ㄣ
飯 ㄢ
飩 ㄣ
飲 ㄣ
飭 ㄔ
馮 ㄥ
馭 ㄩ
黃 ㄤ
黍 ㄨ
黑 ㄟ
亂 ㄢ
傭 ㄥ
債 ㄞ
傲 ㄠ
傳 ㄢ
僅 ㄣ
傾 ㄥ
催 ㄟ
傷 ㄤ
傻 ㄚ
傯 ㄥ
僇 ㄨ
剿 ㄠ
剷 ㄢ
剽 ㄠ
募 ㄨ
勦 ㄠ
勤 ㄣ
勢 ㄕ
勣 ㄧ
匯 ㄟ
嗟 ㄝ
嗨 ㄞ
嗓 ㄤ
嗦 ㄛ
嗎 ㄚ
嗜 ㄕ
嗇 ㄜ
嗑 ㄜ
嗣 ㄙ
嗤 ㄔ
嗯 ㄣ
嗚 ㄨ
嗡 ㄥ
嗅 ㄡ
嗆 ㄤ
嗥 ㄠ
嗉 ㄨ
園 ㄢ
圓 ㄢ
塞 ㄞ
塞 ㄜ
塑 ㄨ
塘 ㄤ
塗 ㄨ
塚 ㄥ
塔 ㄚ
填 ㄢ
塌 ㄚ
塭 ㄣ
塊 ㄞ
塢 ㄨ
塒 ㄕ
塋 ㄥ
奧 ㄠ
嫁 ㄚ
嫉 ㄧ
嫌 ㄢ
媾 ㄡ
媽 ㄚ
媼 ㄠ
媳 ㄧ
嫂 ㄠ
媲 ㄧ
嵩 ㄥ
嵯 ㄛ
幌 ㄤ
幹 ㄢ
廉 ㄢ
廈 ㄚ
弒 ㄕ
彙 ㄟ
徬 ㄤ
微 ㄟ
愚 ㄩ
意 ㄧ
慈 ㄘ
感 ㄢ
想 ㄤ
愛 ㄞ
惹 ㄜ
愁 ㄡ
愈 ㄩ
慎 ㄣ
慌 ㄤ
慄 ㄧ
慍 ㄣ
愾 ㄞ
愴 ㄤ
愧 ㄟ
愍 ㄣ
愆 ㄢ
愷 ㄞ
戡 ㄢ
戢 ㄧ
搓 ㄛ
搾 ㄚ
搞 ㄠ
搪 ㄤ
搭 ㄚ
搽 ㄚ
搬 ㄢ
搏 ㄛ
搜 ㄡ
搔 ㄠ
損 ㄣ
搶 ㄤ
搖 ㄠ
搗 ㄠ
搆 ㄡ
敬 ㄥ
斟 ㄣ
新 ㄣ
暗 ㄢ
暉 ㄟ
暇 ㄚ
暈 ㄣ
暖 ㄢ
暄 ㄢ
暘 ㄤ
暍 ㄜ
會 ㄟ
榔 ㄤ
業 ㄝ
楚 ㄨ
楷 ㄞ
楠 ㄢ
楔 ㄝ
極 ㄧ
椰 ㄝ
概 ㄞ
楊 ㄤ
楨 ㄣ
楫 ㄧ
楞 ㄥ
楓 ㄥ
楹 ㄥ
榆 ㄩ
楝 ㄢ
楣 ㄟ
楛 ㄨ
歇 ㄝ
歲 ㄟ
毀 ㄟ
殿 ㄢ
毓 ㄩ
毽 ㄢ
溢 ㄧ
溯 ㄨ
滓 ㄗ
溶 ㄥ
滂 ㄤ
源 ㄢ
溝 ㄡ
滇 ㄢ
滅 ㄝ
溥 ㄨ
溘 ㄜ
溼 ㄕ
溺 ㄧ
溫 ㄣ
滑 ㄚ
準 ㄣ
溜 ㄡ
滄 ㄤ
滔 ㄠ
溪 ㄧ
溧 ㄧ
溴 ㄡ
煎 ㄢ
煙 ㄢ
煩 ㄢ
煤 ㄟ
煉 ㄢ
照 ㄠ
煜 ㄩ
煬 ㄤ
煦 ㄩ
煌 ㄤ
煥 ㄢ
煞 ㄚ
煆 ㄚ
煨 ㄟ
煖 ㄢ
爺 ㄝ
牒 ㄝ
猷 ㄡ
獅 ㄕ
猿 ㄢ
猾 ㄚ
瑯 ㄤ
瑚 ㄨ
瑕 ㄚ
瑟 ㄜ
瑞 ㄟ
瑁 ㄠ
琿 ㄣ
瑙 ㄠ
瑛 ㄥ
瑜 ㄩ
當 ㄤ
畸 ㄧ
瘀 ㄩ
痰 ㄢ
瘁 ㄟ
痲 ㄚ
痱 ㄟ
痺 ㄧ
痿 ㄟ
痴 ㄔ
痳 ㄣ
盞 ㄢ
盟 ㄥ
睛 ㄥ
睫 ㄝ
睦 ㄨ
睞 ㄞ
督 ㄨ
睹 ㄨ
睪 ㄠ
睬 ㄞ
睜 ㄥ
睥 ㄧ
睨 ㄧ
睢 ㄟ
矮 ㄞ
碎 ㄟ
碰 ㄥ
碗 ㄢ
碘 ㄢ
碌 ㄨ
碉 ㄠ
硼 ㄥ
碑 ㄟ
碓 ㄟ
硿 ㄥ
祺 ㄧ
祿 ㄨ
禁 ㄣ
萬 ㄢ
禽 ㄣ
稜 ㄥ
稚 ㄓ
稠 ㄡ
稔 ㄣ
稟 ㄥ
稞 ㄜ
窟 ㄨ
窠 ㄜ
筷 ㄞ
節 ㄝ
筠 ㄣ
筮 ㄕ
筧 ㄢ
粱 ㄤ
粳 ㄥ
粵 ㄝ
經 ㄥ
絹 ㄢ
綑 ㄣ
綁 ㄤ
綏 ㄟ
絛 ㄠ
置 ㄓ
罩 ㄠ
罪 ㄟ
署 ㄨ
義 ㄧ
羨 ㄢ
群 ㄣ
聖 ㄥ
聘 ㄣ
肆 ㄙ
肄 ㄧ
腱 ㄢ
腰 ㄠ
腸 ㄤ
腥 ㄥ
腮 ㄞ
腳 ㄠ
腫 ㄥ
腹 ㄨ
腺 ㄢ
腦 ㄠ
舅 ㄡ
艇 ㄥ
蒂 ㄧ
葷 ㄣ
落 ㄛ
落 ㄚ
萱 ㄢ
葵 ㄟ
葦 ㄟ
葫 ㄨ
葉 ㄝ
葬 ㄤ
葛 ㄜ
萼 ㄜ
萵 ㄛ
葡 ㄨ
董 ㄥ
葩 ㄚ
葭 ㄚ
葆 ㄠ
虞 ㄩ
虜 ㄨ
號 ㄠ
蛹 ㄥ
蜓 ㄥ
蜈 ㄨ
蜇 ㄜ
蜀 ㄨ
蛾 ㄜ
蛻 ㄟ
蜂 ㄥ
蜃 ㄣ
蜆 ㄢ
蜊 ㄧ
衙 ㄚ
裟 ㄚ
裔 ㄧ
裙 ㄣ
補 ㄨ
裘 ㄡ
裝 ㄤ
裡 ㄧ
裊 ㄠ
裕 ㄩ
裒 ㄡ
覜 ㄠ
解 ㄝ
詫 ㄚ
該 ㄞ
詳 ㄤ
試 ㄕ
詩 ㄕ
詰 ㄝ
誇 ㄚ
詼 ㄟ
詣 ㄧ
誠 ㄥ
話 ㄚ
誅 ㄨ
詭 ㄟ
詢 ㄣ
詮 ㄢ
詬 ㄡ
詹 ㄢ
詻 ㄜ
訾 ㄗ
詨 ㄠ
豢 ㄢ
貊 ㄛ
貉 ㄠ
賊 ㄟ
資 ㄗ
賈 ㄚ
賄 ㄟ
貲 ㄗ
賃 ㄣ
賂 ㄨ
賅 ㄞ
跡 ㄧ
跟 ㄣ
跨 ㄚ
路 ㄨ
跳 ㄠ
跺 ㄛ
跪 ㄟ
跤 ㄠ
跦 ㄨ
躲 ㄛ
較 ㄠ
載 ㄞ
軾 ㄕ
輊 ㄓ
辟 ㄧ
農 ㄥ
運 ㄣ
遊 ㄡ
道 ㄠ
遂 ㄟ
達 ㄚ
逼 ㄧ
違 ㄟ
遐 ㄚ
遇 ㄩ
遏 ㄜ
過 ㄛ
遍 ㄢ
遑 ㄤ
逾 ㄩ
遁 ㄣ
鄒 ㄡ
鄗 ㄠ
酬 ㄡ
酪 ㄛ
酩 ㄥ
釉 ㄡ
鈷 ㄨ
鉗 ㄢ
鈸 ㄚ
鈽 ㄨ
鉀 ㄚ
鈾 ㄡ
鉛 ㄢ
鉋 ㄠ
鉤 ㄡ
鉑 ㄛ
鈴 ㄥ
鉉 ㄢ
鉍 ㄧ
鉅 ㄩ
鈹 ㄧ
鈿 ㄢ
鉚 ㄡ
閘 ㄚ
隘 ㄞ
隔 ㄜ
隕 ㄣ
雍 ㄥ
雋 ㄢ
雉 ㄓ
雊 ㄡ
雷 ㄟ
電 ㄢ
雹 ㄠ
零 ㄥ
靖 ㄥ
靴 ㄝ
靶 ㄚ
預 ㄩ
頑 ㄢ
頓 ㄣ
頊 ㄩ
頒 ㄢ
頌 ㄥ
飼 ㄙ
飴 ㄧ
飽 ㄠ
飾 ㄕ
馳 ㄔ
馱 ㄛ
馴 ㄣ
髡 ㄣ
鳩 ㄡ
麂 ㄧ
鼎 ㄥ
鼓 ㄨ
鼠 ㄨ
僧 ㄥ
僮 ㄥ
僥 ㄠ
僖 ㄧ
僭 ㄢ
僚 ㄠ
僕 ㄨ
像 ㄤ
僑 ㄠ
僱 ㄨ
僎 ㄢ
僩 ㄢ
兢 ㄥ
凳 ㄥ
劃 ㄚ
劂 ㄝ
匱 ㄟ
厭 ㄢ
嗾 ㄨ
嘀 ㄧ
嘛 ㄚ
嘗 ㄤ
嗽 ㄡ
嘔 ㄡ
嘆 ㄢ
嘉 ㄚ
嘍 ㄡ
嘎 ㄚ
嗷 ㄠ
嘖 ㄜ
嘟 ㄨ
嘈 ㄠ
嘐 ㄠ
嗶 ㄧ
團 ㄢ
圖 ㄨ
塵 ㄣ
塾 ㄨ
境 ㄥ
墓 ㄨ
墊 ㄢ
塹 ㄢ
墅 ㄨ
塽 ㄤ
壽 ㄡ
夥 ㄛ
夢 ㄥ
夤 ㄣ
奪 ㄛ
奩 ㄢ
嫡 ㄧ
嫦 ㄤ
嫩 ㄣ
嫗 ㄩ
嫖 ㄠ
嫘 ㄟ
嫣 ㄢ
孵 ㄨ
寞 ㄛ
寧 ㄥ
寡 ㄚ
寥 ㄠ
實 ㄕ
寨 ㄞ
寢 ㄣ
寤 ㄨ
察 ㄚ
對 ㄟ
屢 ㄩ
嶄 ㄢ
嶇 ㄩ
幛 ㄤ
幣 ㄧ
幕 ㄨ
幗 ㄛ
幔 ㄢ
廓 ㄛ
廖 ㄠ
弊 ㄧ
彆 ㄝ
彰 ㄤ
徹 ㄜ
慇 ㄣ
愿 ㄢ
態 ㄞ
慷 ㄤ
慢 ㄢ
慣 ㄢ
慟 ㄥ
慚 ㄢ
慘 ㄢ
慵 ㄥ
截 ㄝ
撇 ㄝ
摘 ㄞ
摔 ㄞ
撤 ㄜ
摸 ㄛ
摟 ㄡ
摺 ㄜ
摑 ㄛ
摧 ㄟ
搴 ㄢ
摭 ㄓ
摻 ㄢ
敲 ㄠ
斡 ㄛ
旗 ㄧ
旖 ㄧ
暢 ㄤ
暨 ㄧ
暝 ㄥ
榜 ㄤ
榨 ㄚ
榕 ㄥ
槁 ㄠ
榮 ㄥ
槓 ㄤ
構 ㄡ
榛 ㄣ
榷 ㄝ
榻 ㄚ
榫 ㄣ
榴 ㄡ
槐 ㄞ
槍 ㄤ
榭 ㄝ
槌 ㄟ
榦 ㄢ
槃 ㄢ
榣 ㄠ
歉 ㄢ
歌 ㄜ
氳 ㄣ
漳 ㄤ
演 ㄢ
滾 ㄣ
漓 ㄧ
滴 ㄧ
漩 ㄢ
漾 ㄤ
漠 ㄛ
漬 ㄗ
漏 ㄡ
漂 ㄠ
漢 ㄢ
滿 ㄢ
滯 ㄓ
漆 ㄧ
漱 ㄨ
漸 ㄢ
漲 ㄤ
漣 ㄢ
漕 ㄠ
漫 ㄢ
漯 ㄚ
澈 ㄜ
漪 ㄧ
滬 ㄨ
漁 ㄩ
滲 ㄣ
滌 ㄧ
滷 ㄨ
熔 ㄥ
熙 ㄧ
煽 ㄢ
熊 ㄥ
熄 ㄧ
熒 ㄥ
爾 ㄦ
犒 ㄠ
犖 ㄛ
獄 ㄩ
獐 ㄤ
瑤 ㄠ
瑣 ㄛ
瑪 ㄚ
瑰 ㄟ
瑭 ㄤ
甄 ㄣ
疑 ㄧ
瘧 ㄝ
瘍 ㄤ
瘋 ㄥ
瘉 ㄩ
瘓 ㄢ
盡 ㄣ
監 ㄢ
瞄 ㄠ
睽 ㄟ
睿 ㄟ
睡 ㄟ
磁 ㄘ
碟 ㄝ
碧 ㄧ
碳 ㄢ
碩 ㄛ
碣 ㄝ
禎 ㄣ
福 ㄨ
禍 ㄛ
種 ㄥ
稱 ㄥ
窪 ㄚ
窩 ㄛ
竭 ㄝ
端 ㄢ
管 ㄢ
箕 ㄧ
箋 ㄢ
筵 ㄢ
算 ㄢ
箝 ㄢ
箔 ㄛ
箏 ㄥ
箸 ㄨ
箇 ㄜ
箄 ㄧ
粹 ㄟ
粽 ㄥ
精 ㄥ
綻 ㄢ
綰 ㄢ
綜 ㄥ
綽 ㄛ
綾 ㄥ
綠 ㄩ
緊 ㄣ
綴 ㄟ
網 ㄤ
綱 ㄤ
綺 ㄧ
綢 ㄡ
綿 ㄢ
綵 ㄞ
綸 ㄣ
維 ㄟ
緒 ㄩ
緇 ㄗ
綬 ㄡ
罰 ㄚ
翠 ㄟ
翡 ㄟ
翟 ㄞ
聞 ㄣ
聚 ㄩ
肇 ㄠ
腐 ㄨ
膀 ㄤ
膏 ㄠ
膈 ㄜ
膊 ㄛ
腿 ㄟ
膂 ㄩ
臧 ㄤ
臺 ㄞ
與 ㄩ
舔 ㄢ
舞 ㄨ
艋 ㄥ
蓉 ㄥ
蒿 ㄠ
蓆 ㄧ
蓄 ㄩ
蒙 ㄥ
蒞 ㄧ
蒲 ㄨ
蒜 ㄢ
蓋 ㄞ
蒸 ㄥ
蓀 ㄣ
蓓 ㄟ
蒐 ㄡ
蒼 ㄤ
蓑 ㄛ
蓊 ㄥ
蜿 ㄢ
蜜 ㄧ
蜻 ㄥ
蜢 ㄥ
蜥 ㄧ
蜴 ㄧ
蜘 ㄓ
蝕 ㄕ
蜷 ㄢ
蜩 ㄠ
裳 ㄤ
褂 ㄚ
裴 ㄟ
裹 ㄛ
裸 ㄛ
製 ㄓ
裨 ㄧ
褚 ㄨ
裯 ㄡ
誦 ㄥ
誌 ㄓ
語 ㄩ
誣 ㄨ
認 ㄣ
誡 ㄝ
誓 ㄕ
誤 ㄨ
說 ㄛ
誥 ㄠ
誨 ㄟ
誘 ㄡ
誑 ㄤ
誚 ㄠ
誧 ㄨ
豪 ㄠ
貍 ㄧ
貌 ㄠ
賓 ㄣ
賑 ㄣ
賒 ㄜ
赫 ㄜ
趙 ㄠ
趕 ㄢ
跼 ㄩ
輔 ㄨ
輒 ㄜ
輕 ㄥ
輓 ㄢ
辣 ㄚ
遠 ㄢ
遘 ㄡ
遜 ㄣ
遣 ㄢ
遙 ㄠ
遞 ㄧ
遢 ㄚ
遝 ㄚ
遛 ㄡ
鄙 ㄧ
鄘 ㄥ
鄞 ㄣ
酵 ㄠ
酸 ㄢ
酷 ㄨ
酴 ㄨ
鉸 ㄠ
銀 ㄣ
銅 ㄥ
銘 ㄥ
銖 ㄨ
鉻 ㄜ
銓 ㄢ
銜 ㄢ
銨 ㄢ
鉼 ㄥ
銑 ㄢ
閡 ㄜ
閨 ㄟ
閩 ㄣ
閣 ㄜ
閥 ㄚ
閤 ㄜ
隙 ㄧ
障 ㄤ
際 ㄧ
雌 ㄘ
雒 ㄛ
需 ㄩ
靼 ㄚ
鞅 ㄤ
韶 ㄠ
頗 ㄛ
領 ㄥ
颯 ㄚ
颱 ㄞ
餃 ㄠ
餅 ㄥ
餌 ㄦ
餉 ㄤ
駁 ㄛ
骯 ㄤ
骰 ㄞ
髦 ㄠ
魁 ㄟ
魂 ㄣ
鳴 ㄥ
鳶 ㄢ
鳳 ㄥ
麼 ㄛ
鼻 ㄧ
齊 ㄧ
億 ㄧ
儀 ㄧ
僻 ㄧ
僵 ㄤ
價 ㄚ
儂 ㄥ
儈 ㄞ
儉 ㄢ
儅 ㄤ
凜 ㄣ
劇 ㄩ
劈 ㄧ
劉 ㄡ
劍 ㄢ
劊 ㄞ
勰 ㄝ
厲 ㄧ
嘮 ㄠ
嘻 ㄧ
嘹 ㄠ
嘲 ㄠ
嘿 ㄟ
嘴 ㄟ
嘩 ㄚ
噓 ㄩ
噎 ㄝ
噗 ㄨ
噴 ㄣ
嘶 ㄙ
嘯 ㄠ
嘰 ㄧ
墀 ㄔ
墟 ㄩ
增 ㄥ
墳 ㄣ
墜 ㄟ
墮 ㄛ
墩 ㄣ
墦 ㄢ
奭 ㄕ
嬉 ㄧ
嫻 ㄢ
嬋 ㄢ
嫵 ㄨ
嬌 ㄠ
嬈 ㄠ
寮 ㄠ
寬 ㄢ
審 ㄣ
寫 ㄝ
層 ㄥ
履 ㄩ
嶝 ㄥ
嶔 ㄣ
幢 ㄤ
幟 ㄓ
幡 ㄢ
廢 ㄟ
廚 ㄨ
廟 ㄠ
廝 ㄙ
廣 ㄤ
廠 ㄤ
彈 ㄢ
影 ㄥ
德 ㄜ
徵 ㄥ
慶 ㄥ
慧 ㄟ
慮 ㄩ
慝 ㄜ
慕 ㄨ
憂 ㄡ
慼 ㄧ
慰 ㄟ
慫 ㄥ
慾 ㄩ
憧 ㄥ
憐 ㄢ
憫 ㄣ
憎 ㄥ
憬 ㄥ
憚 ㄢ
憤 ㄣ
憔 ㄠ
憮 ㄨ
戮 ㄨ
摩 ㄛ
摯 ㄓ
摹 ㄛ
撞 ㄤ
撲 ㄨ
撈 ㄠ
撐 ㄥ
撰 ㄢ
撥 ㄛ
撓 ㄠ
撕 ㄙ
撩 ㄠ
撒 ㄚ
撮 ㄛ
播 ㄛ
撫 ㄨ
撚 ㄢ
撬 ㄠ
撙 ㄣ
撢 ㄢ
撳 ㄣ
敵 ㄧ
敷 ㄨ
數 ㄨ
暮 ㄨ
暫 ㄢ
暴 ㄠ
暱 ㄧ
樣 ㄤ
樟 ㄤ
槨 ㄛ
樁 ㄤ
樞 ㄨ
標 ㄠ
槽 ㄠ
模 ㄛ
樓 ㄡ
樊 ㄢ
槳 ㄤ
樂 ㄜ
樂 ㄝ
樅 ㄥ
槭 ㄨ
樑 ㄤ
歐 ㄡ
歎 ㄢ
殤 ㄤ
毅 ㄧ
毆 ㄡ
漿 ㄤ
潼 ㄥ
澄 ㄥ
潑 ㄛ
潦 ㄠ
潔 ㄝ
澆 ㄠ
潭 ㄢ
潛 ㄢ
潸 ㄢ
潮 ㄠ
澎 ㄥ
潺 ㄢ
潰 ㄟ
潤 ㄣ
澗 ㄢ
潘 ㄢ
滕 ㄥ
潯 ㄣ
潠 ㄣ
潟 ㄧ
熟 ㄡ
熟 ㄨ
熬 ㄠ
熱 ㄜ
熨 ㄣ
牖 ㄡ
犛 ㄧ
獎 ㄤ
獗 ㄝ
瑩 ㄥ
璋 ㄤ
璃 ㄧ
瑾 ㄣ
璀 ㄟ
畿 ㄧ
瘠 ㄧ
瘩 ㄚ
瘟 ㄣ
瘤 ㄡ
瘦 ㄡ
瘡 ㄤ
瘢 ㄢ
皚 ㄞ
皺 ㄡ
盤 ㄢ
瞎 ㄚ
瞇 ㄧ
瞌 ㄜ
瞑 ㄥ
瞋 ㄣ
磋 ㄛ
磅 ㄤ
確 ㄝ
磊 ㄟ
碾 ㄢ
磕 ㄜ
碼 ㄚ
磐 ㄢ
稿 ㄠ
稼 ㄚ
穀 ㄨ
稽 ㄧ
稷 ㄧ
稻 ㄠ
窯 ㄠ
窮 ㄥ
箭 ㄢ
箱 ㄤ
範 ㄢ
箴 ㄣ
篆 ㄢ
篇 ㄢ
篁 ㄤ
箠 ㄟ
篌 ㄡ
糊 ㄨ
締 ㄧ
練 ㄢ
緯 ㄟ
緻 ㄓ
緘 ㄢ
緬 ㄢ
緝 ㄧ
編 ㄢ
緣 ㄢ
線 ㄢ
緞 ㄢ
緩 ㄢ
綞 ㄟ
緙 ㄜ
緲 ㄠ
緹 ㄧ
罵 ㄚ
罷 ㄚ
羯 ㄝ
翩 ㄢ
耦 ㄡ
膛 ㄤ
膜 ㄛ
膝 ㄧ
膠 ㄠ
膚 ㄨ
膘 ㄠ
蔗 ㄜ
蔽 ㄧ
蔚 ㄟ
蓮 ㄢ
蔬 ㄨ
蔭 ㄣ
蔓 ㄢ
蔑 ㄝ
蔣 ㄤ
蔡 ㄞ
蔔 ㄛ
蓬 ㄥ
蔥 ㄥ
蓿 ㄨ
蔆 ㄥ
螂 ㄤ
蝴 ㄨ
蝶 ㄝ
蝠 ㄨ
蝦 ㄚ
蝸 ㄚ
蝨 ㄕ
蝙 ㄢ
蝗 ㄤ
蝌 ㄜ
蝓 ㄩ
衛 ㄟ
衝 ㄥ
褐 ㄜ
複 ㄨ
褒 ㄠ
褓 ㄠ
褕 ㄩ
褊 ㄢ
誼 ㄧ
諒 ㄤ
談 ㄢ
諄 ㄣ
誕 ㄢ
請 ㄥ
諸 ㄨ
課 ㄜ
諉 ㄟ
諂 ㄢ
調 ㄠ
誰 ㄟ
論 ㄣ
諍 ㄥ
誶 ㄟ
誹 ㄟ
諛 ㄩ
豌 ㄢ
豎 ㄨ
豬 ㄨ
賠 ㄟ
賞 ㄤ
賦 ㄨ
賤 ㄢ
賬 ㄤ
賭 ㄨ
賢 ㄢ
賣 ㄞ
賜 ㄘ
賜 ㄙ
質 ㄓ
賡 ㄥ
赭 ㄜ
趟 ㄤ
趣 ㄩ
踫 ㄢ
踐 ㄢ
踝 ㄞ
踢 ㄧ
踏 ㄚ
踩 ㄞ
踟 ㄔ
踡 ㄢ
踞 ㄩ
躺 ㄤ
輝 ㄟ
輛 ㄤ
輟 ㄛ
輩 ㄟ
輦 ㄢ
輪 ㄣ
輜 ㄗ
輞 ㄤ
輥 ㄣ
適 ㄕ
遮 ㄜ
遨 ㄠ
遭 ㄠ
遷 ㄢ
鄰 ㄣ
鄭 ㄥ
鄧 ㄥ
鄱 ㄛ
醇 ㄣ
醉 ㄟ
醋 ㄨ
醃 ㄢ
鋅 ㄣ
銻 ㄧ
銷 ㄠ
鋪 ㄨ
銬 ㄠ
鋤 ㄨ
鋁 ㄩ
銳 ㄟ
銼 ㄛ
鋒 ㄥ
鋇 ㄟ
鋰 ㄧ
銲 ㄢ
閭 ㄩ
閱 ㄝ
霄 ㄠ
霆 ㄥ
震 ㄣ
霉 ㄟ
靠 ㄠ
鞍 ㄢ
鞋 ㄝ
鞏 ㄥ
頡 ㄝ
頫 ㄨ
頜 ㄢ
颳 ㄚ
養 ㄤ
餓 ㄜ
餒 ㄟ
餘 ㄩ
駝 ㄛ
駐 ㄨ
駟 ㄙ
駛 ㄕ
駑 ㄨ
駕 ㄚ
駒 ㄩ
駙 ㄨ
骷 ㄨ
髮 ㄚ
髯 ㄢ
鬧 ㄠ
魅 ㄟ
魄 ㄛ
魷 ㄡ
魯 ㄨ
鴆 ㄣ
鴉 ㄚ
鴃 ㄝ
麩 ㄨ
麾 ㄟ
黎 ㄧ
墨 ㄛ
齒 ㄔ
儒 ㄨ
儘 ㄣ
儔 ㄡ
儐 ㄣ
儕 ㄞ
冀 ㄧ
冪 ㄧ
凝 ㄥ
劑 ㄧ
劓 ㄧ
勳 ㄣ
噙 ㄣ
噫 ㄧ
噹 ㄤ
噩 ㄜ
噤 ㄣ
噸 ㄣ
噪 ㄠ
器 ㄧ
噥 ㄥ
噱 ㄝ
噯 ㄞ
噬 ㄕ
噢 ㄡ
噶 ㄚ
壁 ㄧ
墾 ㄣ
壇 ㄢ
壅 ㄥ
奮 ㄣ
嬝 ㄠ
嬴 ㄥ
學 ㄝ
寰 ㄢ
導 ㄠ
彊 ㄤ
憲 ㄢ
憑 ㄥ
憩 ㄧ
憊 ㄟ
懍 ㄣ
憶 ㄧ
憾 ㄢ
懊 ㄠ
懈 ㄝ
戰 ㄢ
擅 ㄢ
擁 ㄥ
擋 ㄤ
撻 ㄚ
撼 ㄢ
據 ㄩ
擄 ㄨ
擇 ㄜ
擂 ㄟ
操 ㄠ
撿 ㄢ
擒 ㄣ
擔 ㄢ
撾 ㄚ
整 ㄥ
曆 ㄧ
曉 ㄠ
暹 ㄢ
曄 ㄝ
曇 ㄢ
暸 ㄠ
樽 ㄣ
樸 ㄨ
樺 ㄚ
橙 ㄥ
橫 ㄥ
橘 ㄩ
樹 ㄨ
橄 ㄢ
橢 ㄛ
橡 ㄤ
橋 ㄠ
橇 ㄠ
樵 ㄠ
機 ㄧ
橈 ㄠ
歙 ㄧ
歷 ㄧ
氅 ㄤ
濂 ㄢ
澱 ㄢ
澡 ㄠ
濃 ㄥ
澤 ㄜ
濁 ㄛ
澧 ㄧ
澳 ㄠ
激 ㄧ
澹 ㄢ
澶 ㄢ
澦 ㄩ
澠 ㄣ
澴 ㄢ
熾 ㄔ
燉 ㄣ
燐 ㄣ
燒 ㄠ
燈 ㄥ
燕 ㄢ
熹 ㄧ
燎 ㄠ
燙 ㄤ
燜 ㄣ
燃 ㄢ
燄 ㄢ
獨 ㄨ
璜 ㄤ
璣 ㄧ
璘 ㄣ
璟 ㄥ
璞 ㄨ
瓢 ㄠ
甌 ㄡ
甍 ㄥ
瘴 ㄤ
瘸 ㄝ
瘺 ㄡ
盧 ㄨ
盥 ㄢ
瞠 ㄥ
瞞 ㄢ
瞟 ㄠ
瞥 ㄝ
磨 ㄛ
磚 ㄢ
磬 ㄥ
磧 ㄧ
禦 ㄩ
積 ㄧ
穎 ㄥ
穆 ㄨ
穌 ㄨ
穋 ㄨ
窺 ㄟ
篙 ㄠ
簑 ㄛ
築 ㄨ
篤 ㄨ
篛 ㄛ
篡 ㄢ
篩 ㄞ
篦 ㄧ
糕 ㄠ
糖 ㄤ
縊 ㄧ
縑 ㄢ
縈 ㄥ
縛 ㄨ
縣 ㄢ
縞 ㄠ
縝 ㄣ
縉 ㄣ
縐 ㄡ
罹 ㄧ
羲 ㄧ
翰 ㄢ
翱 ㄠ
翮 ㄜ
耨 ㄡ
膳 ㄢ
膩 ㄧ
膨 ㄥ
臻 ㄣ
興 ㄥ
艘 ㄠ
艙 ㄤ
蕊 ㄟ
蕙 ㄟ
蕈 ㄣ
蕨 ㄝ
蕩 ㄤ
蕃 ㄢ
蕉 ㄠ
蕭 ㄠ
蕪 ㄨ
蕞 ㄟ
螃 ㄤ
螟 ㄥ
螞 ㄚ
螢 ㄥ
融 ㄥ
衡 ㄥ
褪 ㄣ
褲 ㄨ
褥 ㄨ
褫 ㄔ
褡 ㄚ
親 ㄣ
覦 ㄩ
諦 ㄧ
諺 ㄢ
諫 ㄢ
諱 ㄟ
謀 ㄡ
諜 ㄝ
諧 ㄝ
諮 ㄗ
諾 ㄛ
謁 ㄝ
謂 ㄟ
諷 ㄥ
諭 ㄩ
諳 ㄢ
諶 ㄣ
諼 ㄢ
豫 ㄩ
豭 ㄚ
貓 ㄠ
賴 ㄞ
蹄 ㄧ
踱 ㄛ
踴 ㄥ
蹂 ㄡ
踹 ㄞ
踵 ㄥ
輻 ㄨ
輯 ㄧ
輸 ㄨ
輳 ㄡ
辨 ㄢ
辦 ㄢ
遵 ㄣ
遴 ㄣ
選 ㄢ
遲 ㄔ
遼 ㄠ
遺 ㄧ
鄴 ㄝ
醒 ㄥ
錠 ㄥ
錶 ㄠ
鋸 ㄩ
錳 ㄥ
錯 ㄛ
錢 ㄢ
鋼 ㄤ
錫 ㄧ
錄 ㄨ
錚 ㄥ
錐 ㄟ
錦 ㄣ
錡 ㄧ
錕 ㄣ
錮 ㄨ
錙 ㄗ
閻 ㄢ
隧 ㄟ
隨 ㄟ
險 ㄢ
雕 ㄠ
霎 ㄚ
霑 ㄢ
霖 ㄣ
霍 ㄛ
霓 ㄧ
霏 ㄟ
靛 ㄢ
靜 ㄥ
靦 ㄢ
鞘 ㄠ
頰 ㄚ
頸 ㄥ
頻 ㄣ
頷 ㄢ
頭 ㄡ
頹 ㄟ
頤 ㄧ
餐 ㄢ
館 ㄢ
餞 ㄢ
餛 ㄣ
餡 ㄢ
餚 ㄠ
駭 ㄞ
駢 ㄢ
駱 ㄛ
骸 ㄞ
骼 ㄜ
髻 ㄧ
髭 ㄗ
鬨 ㄥ
鮑 ㄠ
鴕 ㄛ
鴣 ㄨ
鴦 ㄤ
鴨 ㄚ
鴒 ㄥ
鴛 ㄢ
默 ㄛ
黔 ㄢ
龍 ㄥ
龜 ㄟ
優 ㄡ
償 ㄤ
儡 ㄟ
儲 ㄨ
勵 ㄧ
嚎 ㄠ
嚀 ㄥ
嚐 ㄤ
嚅 ㄨ
嚇 ㄚ
嚇 ㄜ
嚏 ㄧ
壕 ㄠ
壓 ㄚ
壑 ㄛ
壎 ㄢ
嬰 ㄥ
嬪 ㄣ
嬤 ㄚ
孺 ㄨ
尷 ㄢ
屨 ㄩ
嶼 ㄩ
嶺 ㄥ
嶽 ㄝ
嶸 ㄥ
幫 ㄤ
彌 ㄧ
徽 ㄟ
應 ㄥ
懂 ㄥ
懇 ㄣ
懦 ㄛ
懋 ㄠ
戲 ㄧ
戴 ㄞ
擎 ㄥ
擊 ㄧ
擘 ㄛ
擠 ㄧ
擰 ㄥ
擦 ㄚ
擬 ㄧ
擱 ㄜ
擢 ㄛ
擭 ㄛ
斂 ㄢ
斃 ㄧ
曙 ㄨ
曖 ㄞ
檀 ㄢ
檔 ㄤ
檄 ㄧ
檢 ㄢ
檜 ㄞ
櫛 ㄝ
檣 ㄤ
橾 ㄨ
檗 ㄛ
檐 ㄣ
檠 ㄥ
歜 ㄨ
殮 ㄢ
毚 ㄢ
氈 ㄢ
濘 ㄥ
濱 ㄣ
濟 ㄧ
濠 ㄠ
濛 ㄥ
濤 ㄠ
濫 ㄢ
濯 ㄛ
澀 ㄜ
濬 ㄣ
濡 ㄨ
濩 ㄛ
濕 ㄕ
濮 ㄨ
濰 ㄟ
燧 ㄟ
營 ㄥ
燮 ㄝ
燦 ㄢ
燥 ㄠ
燭 ㄨ
燬 ㄟ
燴 ㄟ
燠 ㄩ
爵 ㄝ
牆 ㄤ
獰 ㄥ
獲 ㄛ
璩 ㄩ
環 ㄢ
璦 ㄞ
璨 ㄢ
癆 ㄠ
療 ㄠ
癌 ㄢ
盪 ㄤ
瞳 ㄥ
瞪 ㄥ
瞰 ㄢ
瞬 ㄣ
瞧 ㄠ
瞭 ㄠ
矯 ㄠ
磷 ㄣ
磺 ㄤ
磴 ㄥ
磯 ㄧ
礁 ㄠ
禧 ㄧ
禪 ㄢ
穗 ㄟ
窿 ㄥ
簇 ㄨ
簍 ㄡ
篾 ㄝ
篷 ㄥ
簌 ㄨ
篠 ㄠ
糠 ㄤ
糜 ㄧ
糞 ㄣ
糢 ㄛ
糟 ㄠ
糙 ㄠ
糝 ㄢ
縮 ㄛ
績 ㄧ
繆 ㄠ
繆 ㄡ
縷 ㄩ
縲 ㄟ
繃 ㄥ
縫 ㄥ
總 ㄥ
縱 ㄥ
繅 ㄠ
繁 ㄢ
縴 ㄢ
縹 ㄠ
繈 ㄤ
縵 ㄢ
縿 ㄢ
縯 ㄣ
罄 ㄥ
翳 ㄧ
翼 ㄧ
聱 ㄠ
聲 ㄥ
聰 ㄥ
聯 ㄢ
聳 ㄥ
臆 ㄧ
臃 ㄥ
膺 ㄥ
臂 ㄧ
臀 ㄣ
膿 ㄥ
膽 ㄢ
臉 ㄢ
膾 ㄞ
臨 ㄣ
舉 ㄩ
艱 ㄢ
薪 ㄣ
薄 ㄛ
蕾 ㄟ
薜 ㄧ
薑 ㄤ
薔 ㄤ
薯 ㄨ
薛 ㄝ
薇 ㄟ
薨 ㄥ
薊 ㄧ
虧 ㄟ
蟀 ㄛ
蟑 ㄤ
螳 ㄤ
蟒 ㄤ
蟆 ㄚ
螫 ㄕ
螻 ㄡ
螺 ㄛ
蟈 ㄛ
蟋 ㄧ
褻 ㄝ
褶 ㄜ
襄 ㄤ
褸 ㄩ
褽 ㄟ
覬 ㄧ
謎 ㄧ
謗 ㄤ
謙 ㄢ
講 ㄤ
謊 ㄤ
謠 ㄠ
謝 ㄝ
謄 ㄥ
謐 ㄧ
豁 ㄛ
谿 ㄧ
豳 ㄣ
賺 ㄢ
賽 ㄞ
購 ㄡ
賸 ㄥ
賻 ㄨ
趨 ㄩ
蹉 ㄛ
蹋 ㄚ
蹈 ㄠ
蹊 ㄧ
轄 ㄚ
輾 ㄢ
轂 ㄨ
轅 ㄢ
輿 ㄩ
避 ㄧ
遽 ㄩ
還 ㄞ
還 ㄢ
邁 ㄞ
邂 ㄝ
邀 ㄠ
鄹 ㄡ
醣 ㄤ
醞 ㄣ
醜 ㄡ
鍍 ㄨ
鎂 ㄟ
錨 ㄠ
鍵 ㄢ
鍊 ㄢ
鍥 ㄝ
鍋 ㄛ
錘 ㄟ
鍾 ㄥ
鍬 ㄠ
鍛 ㄢ
鍰 ㄢ
鍚 ㄤ
鍔 ㄜ
闊 ㄛ
闋 ㄝ
闌 ㄢ
闈 ㄟ
闆 ㄢ
隱 ㄣ
隸 ㄧ
雖 ㄟ
霜 ㄤ
霞 ㄚ
鞠 ㄩ
韓 ㄢ
顆 ㄜ
颶 ㄩ
餵 ㄟ
騁 ㄥ
駿 ㄣ
鮮 ㄢ
鮫 ㄠ
鮪 ㄟ
鮭 ㄟ
鴻 ㄥ
鴿 ㄜ
麋 ㄧ
黏 ㄢ
點 ㄢ
黜 ㄨ
黝 ㄡ
黛 ㄞ
鼾 ㄢ
齋 ㄞ
叢 ㄥ
嚕 ㄨ
嚮 ㄤ
壙 ㄤ
壘 ㄟ
嬸 ㄣ
彝 ㄧ
懣 ㄣ
戳 ㄛ
擴 ㄛ
擲 ㄓ
擾 ㄠ
攆 ㄢ
擺 ㄞ
擻 ㄡ
擷 ㄝ
斷 ㄢ
曜 ㄠ
朦 ㄥ
檳 ㄣ
檬 ㄥ
櫃 ㄟ
檻 ㄢ
檸 ㄥ
櫂 ㄠ
檮 ㄠ
檯 ㄞ
歟 ㄩ
歸 ㄟ
殯 ㄣ
瀉 ㄝ
瀋 ㄣ
濾 ㄩ
瀆 ㄨ
濺 ㄢ
瀑 ㄨ
瀏 ㄡ
燻 ㄣ
燼 ㄣ
燾 ㄠ
燸 ㄨ
獷 ㄤ
獵 ㄝ
璧 ㄧ
璿 ㄢ
甕 ㄥ
癖 ㄧ
癘 ㄧ
癒 ㄩ
瞽 ㄨ
瞿 ㄩ
瞻 ㄢ
瞼 ㄢ
礎 ㄨ
禮 ㄧ
穡 ㄜ
穢 ㄟ
穠 ㄥ
竄 ㄢ
竅 ㄠ
簫 ㄠ
簧 ㄤ
簪 ㄢ
簞 ㄢ
簣 ㄟ
簡 ㄢ
糧 ㄤ
織 ㄓ
繕 ㄢ
繞 ㄠ
繚 ㄠ
繡 ㄡ
繒 ㄥ
繙 ㄢ
罈 ㄢ
翹 ㄠ
翻 ㄢ
職 ㄓ
聶 ㄝ
臍 ㄧ
臏 ㄣ
舊 ㄡ
藏 ㄤ
薩 ㄚ
藍 ㄢ
藐 ㄠ
藉 ㄝ
薰 ㄣ
薺 ㄧ
薹 ㄞ
薦 ㄢ
蟯 ㄠ
蟬 ㄢ
蟲 ㄥ
蟠 ㄢ
覆 ㄨ
覲 ㄣ
觴 ㄤ
謨 ㄛ
謹 ㄣ
謬 ㄡ
謫 ㄜ
豐 ㄥ
贅 ㄟ
蹙 ㄨ
蹣 ㄢ
蹦 ㄥ
蹤 ㄥ
蹟 ㄧ
蹕 ㄧ
軀 ㄩ
轉 ㄢ
轍 ㄜ
邇 ㄦ
邃 ㄟ
邈 ㄠ
醫 ㄧ
醬 ㄤ
釐 ㄧ
鎔 ㄥ
鎊 ㄤ
鎖 ㄛ
鎢 ㄨ
鎳 ㄝ
鎮 ㄣ
鎬 ㄠ
鎰 ㄧ
鎘 ㄜ
鎚 ㄟ
鎗 ㄤ
闔 ㄜ
闖 ㄤ
闐 ㄢ
闕 ㄝ
離 ㄧ
雜 ㄚ
雙 ㄤ
雛 ㄨ
雞 ㄧ
霤 ㄡ
鞣 ㄡ
鞦 ㄡ
鞭 ㄢ
韹 ㄤ
額 ㄜ
顏 ㄢ
題 ㄧ
顎 ㄜ
顓 ㄢ
颺 ㄤ
餾 ㄡ
餿 ㄡ
餽 ㄟ
餮 ㄝ
馥 ㄨ
騎 ㄧ
髁 ㄜ
鬃 ㄥ
鬆 ㄥ
魏 ㄟ
魎 ㄤ
魍 ㄤ
鯊 ㄚ
鯉 ㄧ
鯽 ㄧ
鯈 ㄡ
鯀 ㄣ
鵑 ㄢ
鵝 ㄜ
鵠 ㄨ
黠 ㄚ
鼕 ㄥ
鼬 ㄡ
儳 ㄢ
嚥 ㄢ
壞 ㄞ
壟 ㄥ
壢 ㄧ
寵 ㄥ
龐 ㄤ
廬 ㄨ
懲 ㄥ
懷 ㄞ
懶 ㄢ
懵 ㄥ
攀 ㄢ
攏 ㄥ
曠 ㄤ
曝 ㄨ
櫥 ㄨ
櫝 ㄨ
櫚 ㄩ
櫓 ㄨ
瀛 ㄥ
瀟 ㄠ
瀨 ㄞ
瀚 ㄢ
瀝 ㄧ
瀕 ㄣ
瀘 ㄨ
爆 ㄠ
爍 ㄛ
牘 ㄨ
犢 ㄨ
獸 ㄡ
獺 ㄚ
璽 ㄧ
瓊 ㄥ
瓣 ㄢ
疇 ㄡ
疆 ㄤ
癟 ㄝ
癡 ㄔ
矇 ㄥ
礙 ㄞ
禱 ㄠ
穫 ㄛ
穩 ㄣ
簾 ㄢ
簿 ㄨ
簸 ㄛ
簽 ㄢ
簷 ㄢ
籀 ㄡ
繫 ㄧ
繭 ㄢ
繹 ㄧ
繩 ㄥ
繪 ㄟ
羅 ㄛ
繳 ㄠ
羶 ㄢ
羹 ㄥ
羸 ㄟ
臘 ㄚ
藩 ㄢ
藝 ㄧ
藪 ㄡ
藕 ㄡ
藤 ㄥ
藥 ㄠ
藷 ㄨ
蟻 ㄧ
蠅 ㄥ
蠍 ㄝ
蟹 ㄝ
蟾 ㄢ
襠 ㄤ
襟 ㄣ
襖 ㄠ
襞 ㄧ
譁 ㄚ
譜 ㄨ
識 ㄕ
證 ㄥ
譚 ㄢ
譎 ㄝ
譏 ㄧ
譆 ㄧ
譙 ㄠ
贈 ㄥ
贊 ㄢ
蹼 ㄨ
蹲 ㄣ
躇 ㄨ
蹶 ㄝ
蹬 ㄥ
蹺 ㄠ
蹴 ㄨ
轔 ㄣ
轎 ㄠ
辭 ㄘ
邊 ㄢ
邋 ㄚ
醱 ㄛ
醮 ㄠ
鏡 ㄥ
鏑 ㄧ
鏟 ㄢ
鏃 ㄨ
鏈 ㄢ
鏜 ㄤ
鏝 ㄢ
鏖 ㄠ
鏢 ㄠ
鏍 ㄛ
鏘 ㄤ
鏤 ㄡ
鏗 ㄥ
鏨 ㄢ
關 ㄢ
隴 ㄥ
難 ㄢ
霪 ㄣ
霧 ㄨ
靡 ㄧ
韜 ㄠ
韻 ㄣ
類 ㄟ
願 ㄢ
顛 ㄢ
颼 ㄡ
饅 ㄢ
饉 ㄣ
騖 ㄨ
騙 ㄢ
鬍 ㄨ
鯨 ㄥ
鯧 ㄤ
鯖 ㄥ
鯛 ㄠ
鶉 ㄣ
鵡 ㄨ
鵲 ㄝ
鵪 ㄢ
鵬 ㄥ
麒 ㄧ
麗 ㄧ
麓 ㄨ
麴 ㄩ
勸 ㄢ
嚨 ㄥ
嚷 ㄤ
嚶 ㄥ
嚴 ㄢ
嚼 ㄠ
壤 ㄤ
孀 ㄤ
孃 ㄤ
孽 ㄝ
寶 ㄠ
巉 ㄢ
懸 ㄢ
懺 ㄢ
攘 ㄤ
攔 ㄢ
攙 ㄢ
曦 ㄧ
朧 ㄥ
櫬 ㄣ
瀾 ㄢ
瀰 ㄧ
瀲 ㄢ
爐 ㄨ
獻 ㄢ
瓏 ㄥ
癢 ㄤ
癥 ㄥ
礦 ㄤ
礪 ㄧ
礬 ㄢ
礫 ㄧ
竇 ㄡ
競 ㄥ
籌 ㄡ
籃 ㄢ
籍 ㄧ
糯 ㄛ
糰 ㄢ
辮 ㄢ
繽 ㄣ
繼 ㄧ
纂 ㄢ
罌 ㄥ
耀 ㄠ
臚 ㄨ
艦 ㄢ
藻 ㄠ
藹 ㄞ
蘑 ㄛ
藺 ㄣ
蘆 ㄨ
蘋 ㄥ
蘇 ㄨ
蘊 ㄣ
蠔 ㄠ
蠕 ㄨ
襤 ㄢ
覺 ㄝ
觸 ㄨ
議 ㄧ
譬 ㄧ
警 ㄥ
譯 ㄧ
譟 ㄠ
譫 ㄢ
贏 ㄥ
贍 ㄢ
躉 ㄣ
躁 ㄠ
躅 ㄨ
躂 ㄚ
醴 ㄧ
釋 ㄕ
鐘 ㄥ
鐃 ㄠ
鏽 ㄡ
闡 ㄢ
霰 ㄢ
飄 ㄠ
饒 ㄠ
饑 ㄧ
馨 ㄣ
騫 ㄢ
騰 ㄥ
騷 ㄠ
騵 ㄢ
鰓 ㄞ
鰍 ㄡ
鹹 ㄢ
麵 ㄢ
黨 ㄤ
鼯 ㄨ
齟 ㄩ
齣 ㄨ
齡 ㄥ
儷 ㄧ
儸 ㄛ
囁 ㄝ
囀 ㄢ
囂 ㄠ
夔 ㄟ
屬 ㄨ
巍 ㄟ
懼 ㄩ
懾 ㄜ
攝 ㄜ
攜 ㄧ
斕 ㄢ
曩 ㄤ
櫻 ㄥ
欄 ㄢ
櫺 ㄥ
殲 ㄢ
灌 ㄢ
爛 ㄢ
犧 ㄧ
瓖 ㄤ
瓔 ㄥ
癩 ㄞ
矓 ㄥ
籐 ㄥ
纏 ㄢ
續 ㄩ
羼 ㄢ
蘗 ㄛ
蘭 ㄢ
蘚 ㄢ
蠣 ㄧ
蠢 ㄣ
蠡 ㄧ
蠟 ㄚ
襪 ㄚ
襬 ㄞ
覽 ㄢ
譴 ㄢ
護 ㄨ
譽 ㄩ
贓 ㄤ
躊 ㄡ
躍 ㄝ
躋 ㄧ
轟 ㄥ
辯 ㄢ
醺 ㄣ
鐮 ㄢ
鐳 ㄟ
鐵 ㄝ
鐺 ㄤ
鐸 ㄛ
鐲 ㄛ
鐫 ㄢ
闢 ㄧ
霸 ㄚ
霹 ㄧ
露 ㄡ
露 ㄨ
響 ㄤ
顧 ㄨ
顥 ㄠ
饗 ㄤ
驅 ㄩ
驃 ㄠ
驀 ㄛ
騾 ㄛ
髏 ㄡ
魔 ㄛ
魑 ㄔ
鰭 ㄧ
鰥 ㄢ
鶯 ㄥ
鶴 ㄜ
鷂 ㄠ
鶸 ㄛ
麝 ㄜ
黯 ㄢ
鼙 ㄧ
齜 ㄗ
齦 ㄣ
齧 ㄝ
儼 ㄢ
儻 ㄤ
囈 ㄧ
囊 ㄤ
囉 ㄛ
孿 ㄢ
巔 ㄢ
巒 ㄢ
彎 ㄢ
懿 ㄧ
攤 ㄢ
權 ㄢ
歡 ㄢ
灑 ㄚ
灘 ㄢ
玀 ㄛ
瓤 ㄤ
疊 ㄝ
癮 ㄣ
癬 ㄢ
禳 ㄤ
籠 ㄥ
籟 ㄞ
聾 ㄥ
聽 ㄥ
臟 ㄤ
襲 ㄧ
襯 ㄣ
觼 ㄝ
讀 ㄨ
贖 ㄨ
贗 ㄢ
躑 ㄓ
躓 ㄓ
轡 ㄟ
酈 ㄧ
鑄 ㄨ
鑑 ㄢ
鑒 ㄢ
霽 ㄧ
霾 ㄞ
韃 ㄚ
韁 ㄤ
顫 ㄢ
饕 ㄠ
驕 ㄠ
驍 ㄠ
髒 ㄤ
鬚 ㄩ
鱉 ㄝ
鰱 ㄢ
鰾 ㄠ
鰻 ㄢ
鷓 ㄜ
鷗 ㄡ
鼴 ㄢ
齬 ㄩ
齪 ㄛ
龔 ㄥ
囌 ㄨ
巖 ㄢ
戀 ㄢ
攣 ㄢ
攫 ㄝ
攪 ㄠ
曬 ㄞ
欐 ㄧ
瓚 ㄢ
竊 ㄝ
籤 ㄢ
籣 ㄢ
籥 ㄝ
纓 ㄥ
纖 ㄢ
纔 ㄞ
臢 ㄤ
蘸 ㄢ
蘿 ㄛ
蠱 ㄨ
變 ㄢ
邐 ㄧ
邏 ㄛ
鑣 ㄠ
鑠 ㄛ
鑤 ㄠ
靨 ㄝ
顯 ㄢ
饜 ㄢ
驚 ㄥ
驛 ㄧ
驗 ㄢ
髓 ㄟ
體 ㄧ
髑 ㄨ
鱔 ㄢ
鱗 ㄣ
鱖 ㄝ
鷥 ㄙ
麟 ㄣ
黴 ㄟ
囑 ㄨ
壩 ㄚ
攬 ㄢ
灞 ㄚ
癱 ㄢ
癲 ㄢ
矗 ㄨ
罐 ㄢ
羈 ㄧ
蠶 ㄢ
蠹 ㄨ
衢 ㄩ
讓 ㄤ
讒 ㄢ
讖 ㄣ
艷 ㄢ
贛 ㄢ
釀 ㄤ
鑪 ㄨ
靂 ㄧ
靈 ㄥ
靄 ㄞ
韆 ㄢ
顰 ㄣ
驟 ㄡ
鬢 ㄣ
魘 ㄢ
鱟 ㄡ
鷹 ㄥ
鷺 ㄨ
鹼 ㄢ
鹽 ㄢ
鼇 ㄠ
齷 ㄛ
齲 ㄩ
廳 ㄥ
欖 ㄢ
灣 ㄢ
籬 ㄧ
籮 ㄛ
蠻 ㄢ
觀 ㄢ
躡 ㄝ
釁 ㄣ
鑲 ㄤ
鑰 ㄠ
顱 ㄨ
饞 ㄢ
髖 ㄢ
鬣 ㄝ
黌 ㄥ
灤 ㄢ
矚 ㄨ
讚 ㄢ
鑷 ㄝ
韉 ㄢ
驢 ㄩ
驥 ㄧ
纜 ㄢ
讜 ㄤ
躪 ㄣ
釅 ㄢ
鑽 ㄢ
鑾 ㄢ
鑼 ㄛ
鱷 ㄜ
鱸 ㄨ
黷 ㄨ
豔 ㄢ
鑿 ㄠ
鸚 ㄥ
爨 ㄢ
驪 ㄧ
鬱 ㄩ
鸛 ㄢ
鸞 ㄢ
籲 ㄩ
乂 ㄧ
乜 ㄝ
凵 ㄢ
匚 ㄤ
厂 ㄢ
万 ㄢ
丌 ㄧ
乇 ㄜ
亍 ㄨ
囗 ㄟ
屮 ㄜ
彳 ㄔ
丏 ㄢ
冇 ㄡ
与 ㄩ
丮 ㄧ
亓 ㄧ
仂 ㄜ
仉 ㄤ
仈 ㄚ
冘 ㄣ
勼 ㄡ
卬 ㄤ
厹 ㄡ
圠 ㄚ
夃 ㄨ
夬 ㄞ
尐 ㄧ
巿 ㄨ
旡 ㄧ
殳 ㄨ
毌 ㄢ
气 ㄧ
爿 ㄤ
丱 ㄢ
丼 ㄥ
仨 ㄚ
仜 ㄥ
仩 ㄤ
仡 ㄧ
仝 ㄥ
仚 ㄢ
刌 ㄣ
匜 ㄧ
卌 ㄧ
圢 ㄥ
圣 ㄥ
夗 ㄢ
夯 ㄤ
宁 ㄨ
宄 ㄟ
尒 ㄦ
尻 ㄠ
屴 ㄧ
屳 ㄢ
帄 ㄥ
庀 ㄧ
庂 ㄜ
忉 ㄠ
戉 ㄝ
扐 ㄜ
氕 ㄝ
氶 ㄥ
汃 ㄣ
氿 ㄟ
氻 ㄜ
犮 ㄚ
犰 ㄡ
玊 ㄡ
禸 ㄡ
肊 ㄧ
阞 ㄜ
伎 ㄧ
优 ㄡ
伬 ㄔ
仵 ㄨ
伔 ㄣ
仱 ㄥ
伀 ㄥ
价 ㄝ
伝 ㄣ
伂 ㄟ
伅 ㄣ
伢 ㄚ
伓 ㄟ
伄 ㄠ
仴 ㄢ
伒 ㄣ
冱 ㄨ
刓 ㄢ
刉 ㄧ
刐 ㄢ
劦 ㄝ
匢 ㄨ
匟 ㄤ
卍 ㄢ
厊 ㄚ
吇 ㄗ
囡 ㄢ
囟 ㄣ
圮 ㄧ
圪 ㄧ
圴 ㄛ
妀 ㄧ
奼 ㄚ
妅 ㄥ
奻 ㄢ
奾 ㄢ
奷 ㄢ
奿 ㄢ
孖 ㄗ
尥 ㄠ
屼 ㄨ
屺 ㄧ
屻 ㄣ
屾 ㄣ
巟 ㄤ
幵 ㄢ
庄 ㄤ
异 ㄧ
弚 ㄟ
彴 ㄛ
忕 ㄞ
忔 ㄧ
忏 ㄢ
扜 ㄩ
扞 ㄢ
扤 ㄨ
扡 ㄧ
扦 ㄢ
扢 ㄨ
扙 ㄤ
扠 ㄚ
扚 ㄠ
扥 ㄛ
旯 ㄚ
旮 ㄩ
朾 ㄥ
朹 ㄡ
朸 ㄧ
朻 ㄡ
机 ㄧ
朿 ㄘ
朼 ㄧ
朳 ㄚ
氘 ㄠ
汆 ㄣ
汒 ㄤ
汜 ㄙ
汏 ㄞ
汊 ㄚ
汔 ㄧ
汋 ㄛ
汌 ㄢ
灱 ㄠ
牞 ㄡ
犴 ㄢ
犵 ㄝ
玎 ㄥ
甪 ㄨ
癿 ㄝ
穵 ㄚ
网 ㄤ
艸 ㄠ
艼 ㄥ
芀 ㄠ
艽 ㄠ
艿 ㄞ
虍 ㄨ
襾 ㄚ
邙 ㄤ
邗 ㄢ
邘 ㄩ
邛 ㄥ
邔 ㄧ
阢 ㄨ
阤 ㄛ
阠 ㄣ
阣 ㄧ
佖 ㄧ
伻 ㄥ
佢 ㄩ
佉 ㄩ
体 ㄧ
佤 ㄚ
伾 ㄧ
佧 ㄚ
佒 ㄤ
佟 ㄥ
佁 ㄞ
佘 ㄜ
伭 ㄢ
伳 ㄝ
伿 ㄧ
佡 ㄢ
冏 ㄥ
冹 ㄨ
刜 ㄨ
刞 ㄩ
刡 ㄣ
劭 ㄠ
劮 ㄧ
匉 ㄥ
卣 ㄡ
卲 ㄠ
厎 ㄓ
厏 ㄚ
吰 ㄥ
吷 ㄛ
吪 ㄜ
呔 ㄞ
呅 ㄟ
吙 ㄝ
吜 ㄡ
吥 ㄡ
吘 ㄡ
吽 ㄥ
呏 ㄥ
呁 ㄣ
吨 ㄣ
吤 ㄝ
呇 ㄧ
囮 ㄜ
囧 ㄥ
囥 ㄤ
坁 ㄓ
坅 ㄣ
坌 ㄣ
坉 ㄣ
坋 ㄣ
坒 ㄧ
夆 ㄥ
奀 ㄤ
妦 ㄥ
妘 ㄣ
妠 ㄚ
妗 ㄣ
妎 ㄝ
妢 ㄣ
妐 ㄥ
妏 ㄣ
妧 ㄢ
妡 ㄣ
宎 ㄠ
宒 ㄣ
尨 ㄤ
尪 ㄤ
岍 ㄢ
岏 ㄢ
岈 ㄚ
岋 ㄜ
岉 ㄨ
岒 ㄢ
岊 ㄝ
岆 ㄠ
岓 ㄧ
岕 ㄝ
巠 ㄥ
帊 ㄚ
帎 ㄢ
庋 ㄧ
庉 ㄣ
庌 ㄚ
庈 ㄣ
庍 ㄞ
弅 ㄣ
弝 ㄚ
彸 ㄥ
彶 ㄧ
忒 ㄜ
忑 ㄜ
忐 ㄢ
忭 ㄢ
忨 ㄢ
忮 ㄓ
忳 ㄣ
忡 ㄥ
忤 ㄨ
忣 ㄧ
忺 ㄢ
忯 ㄔ
忷 ㄥ
忻 ㄣ
怀 ㄞ
忴 ㄢ
戺 ㄕ
抃 ㄢ
抌 ㄣ
抎 ㄣ
抏 ㄢ
抔 ㄡ
抇 ㄨ
扱 ㄧ
扻 ㄗ
扺 ㄓ
扰 ㄡ
抁 ㄢ
抈 ㄝ
扷 ㄠ
扽 ㄣ
扲 ㄢ
扴 ㄚ
攷 ㄠ
旰 ㄢ
旴 ㄩ
旳 ㄧ
旲 ㄞ
旵 ㄢ
杅 ㄩ
杇 ㄨ
杙 ㄧ
杕 ㄧ
杌 ㄨ
杈 ㄚ
杝 ㄧ
杍 ㄗ
杚 ㄨ
杋 ㄢ
毐 ㄞ
氙 ㄢ
氚 ㄢ
汸 ㄤ
汧 ㄢ
汫 ㄥ
沄 ㄣ
沋 ㄡ
沏 ㄝ
汱 ㄢ
汯 ㄥ
汩 ㄨ
沚 ㄓ
汭 ㄟ
沇 ㄢ
沕 ㄨ
沜 ㄢ
汦 ㄔ
汳 ㄢ
汥 ㄓ
汻 ㄨ
沎 ㄛ
灴 ㄥ
灺 ㄝ
牣 ㄣ
犿 ㄢ
犽 ㄚ
狃 ㄡ
狆 ㄥ
狁 ㄣ
犺 ㄤ
狅 ㄥ
玕 ㄢ
玗 ㄩ
玓 ㄧ
玔 ㄢ
玒 ㄥ
町 ㄥ
甹 ㄥ
疔 ㄥ
疕 ㄧ
皁 ㄠ
礽 ㄥ
耴 ㄜ
肕 ㄣ
肙 ㄢ
肐 ㄜ
肒 ㄢ
肜 ㄥ
芐 ㄢ
芏 ㄨ
芅 ㄧ
芎 ㄥ
芑 ㄧ
芓 ㄗ
芊 ㄢ
芃 ㄥ
芄 ㄢ
豸 ㄓ
辿 ㄢ
邟 ㄤ
邡 ㄤ
邥 ㄣ
邞 ㄨ
邧 ㄢ
邠 ㄣ
阰 ㄧ
阨 ㄜ
阯 ㄓ
阭 ㄣ
丳 ㄢ
侘 ㄚ
佼 ㄠ
侅 ㄞ
佽 ㄘ
侀 ㄥ
侇 ㄧ
佶 ㄧ
佴 ㄦ
侉 ㄚ
侄 ㄓ
佷 ㄥ
佌 ㄘ
侗 ㄥ
佪 ㄞ
侚 ㄣ
佹 ㄟ
侁 ㄣ
佸 ㄛ
侐 ㄩ
侜 ㄡ
侔 ㄡ
侞 ㄨ
侒 ㄢ
侂 ㄛ
侕 ㄦ
佫 ㄜ
佮 ㄜ
冞 ㄧ
冼 ㄥ
冾 ㄚ
刵 ㄦ
刲 ㄟ
刳 ㄨ
剆 ㄛ
刱 ㄤ
劼 ㄝ
匊 ㄩ
匋 ㄠ
匼 ㄢ
厒 ㄜ
厔 ㄓ
咇 ㄝ
呿 ㄩ
咁 ㄢ
咑 ㄚ
咂 ㄚ
咈 ㄨ
呫 ㄢ
呺 ㄠ
呾 ㄚ
呥 ㄢ
呬 ㄥ
呴 ㄩ
呦 ㄡ
咍 ㄞ
呯 ㄥ
呡 ㄣ
咘 ㄨ
呣 ㄡ
呧 ㄧ
呤 ㄥ
囷 ㄣ
囹 ㄥ
坯 ㄧ
坲 ㄛ
坭 ㄧ
坫 ㄢ
坱 ㄤ
坰 ㄥ
坶 ㄨ
垀 ㄨ
坵 ㄡ
坻 ㄔ
坳 ㄠ
坴 ㄡ
坨 ㄛ
坽 ㄥ
夌 ㄥ
奅 ㄠ
妺 ㄛ
姏 ㄢ
姎 ㄤ
妲 ㄚ
姌 ㄢ
姁 ㄩ
妶 ㄢ
妼 ㄧ
姃 ㄥ
姖 ㄩ
妱 ㄠ
妽 ㄣ
姀 ㄜ
姈 ㄥ
妴 ㄢ
姇 ㄨ
孢 ㄠ
孥 ㄨ
宓 ㄧ
宕 ㄤ
屄 ㄧ
屇 ㄢ
岮 ㄛ
岤 ㄝ
岠 ㄩ
岵 ㄨ
岯 ㄟ
岨 ㄩ
岬 ㄚ
岟 ㄤ
岣 ㄡ
岭 ㄥ
岢 ㄜ
岪 ㄨ
岧 ㄠ
岝 ㄞ
岥 ㄛ
岶 ㄛ
岰 ㄡ
岦 ㄧ
帗 ㄨ
帔 ㄟ
帙 ㄓ
弨 ㄠ
弢 ㄠ
弣 ㄨ
弤 ㄧ
彔 ㄨ
徂 ㄨ
彾 ㄥ
彽 ㄧ
忞 ㄣ
忥 ㄧ
怭 ㄧ
怦 ㄥ
怙 ㄨ
怲 ㄥ
怋 ㄣ
怴 ㄩ
怊 ㄠ
怗 ㄝ
怳 ㄤ
怚 ㄩ
怞 ㄡ
怬 ㄧ
怢 ㄨ
怍 ㄛ
怐 ㄡ
怮 ㄡ
怓 ㄠ
怑 ㄢ
怌 ㄧ
怉 ㄠ
怜 ㄥ
戔 ㄢ
戽 ㄨ
抭 ㄠ
抴 ㄝ
拑 ㄢ
抾 ㄩ
抪 ㄨ
抶 ㄔ
拊 ㄨ
抮 ㄣ
抳 ㄧ
抯 ㄚ
抻 ㄣ
抩 ㄢ
抰 ㄤ
抸 ㄚ
攽 ㄢ
斨 ㄤ
斻 ㄤ
昉 ㄤ
旼 ㄣ
昄 ㄢ
昒 ㄨ
昈 ㄨ
旻 ㄣ
昃 ㄜ
昋 ㄟ
昍 ㄢ
昅 ㄝ
旽 ㄣ
昑 ㄣ
昐 ㄣ
曶 ㄨ
朊 ㄢ
枅 ㄧ
杬 ㄢ
枎 ㄨ
枒 ㄚ
杶 ㄣ
杻 ㄡ
枘 ㄟ
枆 ㄠ
构 ㄡ
杴 ㄢ
枍 ㄧ
枌 ㄣ
杺 ㄣ
枟 ㄣ
枑 ㄨ
枙 ㄜ
枃 ㄣ
杽 ㄡ
极 ㄧ
杸 ㄨ
杹 ㄚ
枔 ㄣ
欥 ㄩ
殀 ㄠ
歾 ㄛ
毞 ㄧ
氝 ㄞ
沓 ㄚ
泬 ㄝ
泫 ㄢ
泮 ㄢ
泙 ㄥ
沶 ㄧ
泔 ㄢ
沭 ㄨ
泧 ㄝ
沷 ㄨ
泐 ㄜ
泂 ㄥ
沺 ㄢ
泃 ㄡ
泆 ㄧ
泭 ㄨ
泲 ㄧ
泒 ㄨ
泝 ㄨ
沴 ㄧ
沊 ㄢ
沀 ㄩ
泞 ㄨ
泀 ㄙ
洰 ㄩ
泍 ㄣ
泇 ㄚ
沰 ㄛ
泹 ㄢ
泏 ㄨ
泩 ㄥ
泑 ㄡ
炔 ㄝ
炘 ㄣ
炅 ㄥ
炓 ㄠ
炆 ㄣ
炄 ㄡ
炑 ㄨ
炖 ㄣ
炂 ㄥ
炚 ㄤ
炃 ㄣ
牪 ㄢ
狖 ㄡ
狋 ㄧ
狘 ㄝ
狉 ㄧ
狜 ㄨ
狒 ㄟ
狔 ㄧ
狚 ㄢ
狌 ㄥ
狑 ㄥ
玤 ㄥ
玡 ㄚ
玭 ㄧ
玦 ㄝ
玢 ㄣ
玠 ㄝ
玬 ㄢ
玝 ㄨ
瓝 ㄠ
瓨 ㄤ
甿 ㄥ
畀 ㄧ
甾 ㄗ
疌 ㄝ
疘 ㄥ
皯 ㄢ
盳 ㄤ
盱 ㄩ
盰 ㄢ
盵 ㄧ
矸 ㄢ
矼 ㄤ
矹 ㄨ
矻 ㄨ
矺 ㄛ
矷 ㄗ
祂 ㄚ
礿 ㄝ
秅 ㄚ
穸 ㄧ
穻 ㄩ
竻 ㄜ
籵 ㄢ
糽 ㄥ
耵 ㄥ
肏 ㄠ
肮 ㄤ
肣 ㄣ
肸 ㄧ
肵 ㄣ
肭 ㄚ
舠 ㄠ
芠 ㄣ
苀 ㄤ
芫 ㄢ
芚 ㄣ
芘 ㄧ
芛 ㄟ
芵 ㄝ
芧 ㄩ
芮 ㄟ
芼 ㄠ
芞 ㄧ
芺 ㄠ
芴 ㄨ
芨 ㄧ
芡 ㄢ
芩 ㄣ
苂 ㄣ
芤 ㄡ
苃 ㄡ
芶 ㄡ
芢 ㄣ
虰 ㄥ
虯 ㄡ
虭 ㄠ
虮 ㄧ
豖 ㄨ
迒 ㄤ
迋 ㄤ
迓 ㄚ
迍 ㄣ
迖 ㄚ
迕 ㄨ
迗 ㄜ
邲 ㄧ
邴 ㄥ
邯 ㄢ
邳 ㄟ
邰 ㄞ
阹 ㄩ
阽 ㄢ
阼 ㄛ
阺 ㄧ
陃 ㄥ
俍 ㄤ
俅 ㄡ
俓 ㄥ
侲 ㄣ
俉 ㄨ
俋 ㄧ
俁 ㄩ
俔 ㄢ
俜 ㄥ
俙 ㄧ
侻 ㄛ
侳 ㄛ
俛 ㄨ
俇 ㄤ
俖 ㄞ
侺 ㄣ
俀 ㄟ
侹 ㄥ
俬 ㄙ
剄 ㄥ
剉 ㄛ
勀 ㄜ
勂 ㄠ
匽 ㄢ
卼 ㄨ
厗 ㄧ
厖 ㄤ
厙 ㄜ
厘 ㄧ
咺 ㄢ
咡 ㄦ
咭 ㄧ
咥 ㄝ
哏 ㄣ
哃 ㄥ
茍 ㄡ
咷 ㄠ
咮 ㄡ
咶 ㄞ
哅 ㄥ
哆 ㄛ
咠 ㄧ
呰 ㄗ
咼 ㄞ
咢 ㄜ
咾 ㄠ
呲 ㄘ
哞 ㄡ
咰 ㄣ
垵 ㄢ
垞 ㄚ
垟 ㄤ
垤 ㄝ
垌 ㄥ
垗 ㄠ
垝 ㄟ
垛 ㄛ
垔 ㄣ
垘 ㄨ
垏 ㄨ
垙 ㄤ
垥 ㄝ
垚 ㄠ
垕 ㄡ
壴 ㄨ
复 ㄨ
奓 ㄜ
姡 ㄛ
姞 ㄧ
姮 ㄥ
娀 ㄥ
姱 ㄚ
姝 ㄨ
姺 ㄢ
姽 ㄟ
姼 ㄔ
姶 ㄢ
姤 ㄡ
姲 ㄢ
姷 ㄡ
姛 ㄥ
姩 ㄢ
姳 ㄥ
姵 ㄟ
姠 ㄤ
姾 ㄢ
姴 ㄝ
姭 ㄢ
宨 ㄠ
屌 ㄠ
峐 ㄞ
峘 ㄨ
峌 ㄝ
峗 ㄟ
峋 ㄣ
峛 ㄧ
峞 ㄟ
峚 ㄧ
峉 ㄜ
峇 ㄜ
峊 ㄨ
峖 ㄢ
峓 ㄧ
峔 ㄨ
峏 ㄦ
峈 ㄛ
峆 ㄜ
峎 ㄤ
峟 ㄡ
峸 ㄥ
巹 ㄣ
帡 ㄥ
帢 ㄚ
帣 ㄢ
帠 ㄧ
帤 ㄨ
庰 ㄥ
庤 ㄓ
庢 ㄓ
庛 ㄘ
庣 ㄠ
庥 ㄡ
弇 ㄢ
弮 ㄢ
彖 ㄢ
徆 ㄧ
怷 ㄧ
怹 ㄢ
恔 ㄠ
恲 ㄥ
恞 ㄧ
恅 ㄠ
恓 ㄧ
恇 ㄤ
恉 ㄓ
恛 ㄟ
恌 ㄠ
恀 ㄔ
恂 ㄣ
恟 ㄥ
怤 ㄨ
恄 ㄧ
恘 ㄡ
恦 ㄤ
恮 ㄢ
扂 ㄢ
扃 ㄥ
拏 ㄚ
挍 ㄠ
挋 ㄣ
拵 ㄣ
挎 ㄨ
挃 ㄓ
拫 ㄣ
拹 ㄝ
挏 ㄥ
挌 ㄜ
拸 ㄔ
拶 ㄢ
挀 ㄛ
挓 ㄚ
挔 ㄩ
拺 ㄜ
挕 ㄝ
拻 ㄟ
敁 ㄢ
敃 ㄣ
斪 ㄩ
斿 ㄡ
昶 ㄤ
昡 ㄢ
昲 ㄟ
昵 ㄧ
昜 ㄤ
昦 ㄠ
昳 ㄝ
昫 ㄩ
昺 ㄥ
昝 ㄢ
昴 ㄠ
昹 ㄞ
昮 ㄥ
朏 ㄟ
朐 ㄩ
柁 ㄛ
柲 ㄧ
柈 ㄢ
枺 ㄛ
柜 ㄩ
枻 ㄧ
柸 ㄟ
柘 ㄜ
柀 ㄧ
枷 ㄚ
柅 ㄧ
柫 ㄧ
柤 ㄚ
柟 ㄢ
枵 ㄠ
柍 ㄤ
枳 ㄓ
柷 ㄨ
柶 ㄙ
柮 ㄛ
柣 ㄓ
柂 ㄧ
枹 ㄠ
柎 ㄨ
柧 ㄨ
柰 ㄞ
枲 ㄧ
柼 ㄠ
柆 ㄚ
柭 ㄛ
柌 ㄘ
枮 ㄢ
柦 ㄢ
柛 ㄣ
柺 ㄞ
柉 ㄢ
柊 ㄥ
柃 ㄥ
柪 ㄠ
柋 ㄞ
欨 ㄩ
殂 ㄨ
殄 ㄢ
殶 ㄨ
毖 ㄧ
毘 ㄧ
毠 ㄚ
氠 ㄣ
氡 ㄥ
洨 ㄠ
洴 ㄥ
洭 ㄤ
洟 ㄧ
洼 ㄚ
洿 ㄨ
洒 ㄚ
洊 ㄢ
泚 ㄘ
洳 ㄨ
洄 ㄟ
洙 ㄨ
洺 ㄥ
洚 ㄤ
洑 ㄨ
洀 ㄡ
洝 ㄢ
浂 ㄧ
洁 ㄧ
洘 ㄠ
洷 ㄓ
洃 ㄟ
洏 ㄦ
浀 ㄩ
洇 ㄣ
洠 ㄡ
洬 ㄨ
洈 ㄟ
洢 ㄧ
洉 ㄡ
洐 ㄥ
炷 ㄨ
炟 ㄚ
炾 ㄥ
炱 ㄞ
炰 ㄠ
炡 ㄥ
炴 ㄤ
炵 ㄥ
炩 ㄥ
牁 ㄜ
牉 ㄢ
牊 ㄠ
牬 ㄟ
牰 ㄡ
牳 ㄨ
牮 ㄢ
狊 ㄩ
狤 ㄧ
狨 ㄥ
狫 ㄠ
狟 ㄢ
狪 ㄥ
狦 ㄢ
狣 ㄠ
玅 ㄠ
珌 ㄧ
珂 ㄜ
珈 ㄚ
珅 ㄣ
玹 ㄢ
玶 ㄥ
玴 ㄧ
珫 ㄥ
玿 ㄠ
珇 ㄨ
玾 ㄚ
珃 ㄢ
珆 ㄧ
玸 ㄨ
珋 ㄡ
瓬 ㄤ
瓮 ㄥ
畇 ㄣ
畈 ㄢ
疧 ㄧ
疪 ㄧ
癹 ㄛ
盄 ㄠ
眈 ㄢ
眃 ㄣ
眄 ㄢ
眅 ㄢ
眊 ㄠ
盷 ㄢ
盻 ㄧ
盺 ㄣ
矧 ㄣ
矨 ㄥ
砆 ㄨ
砑 ㄚ
砒 ㄧ
砅 ㄧ
砐 ㄜ
砏 ㄣ
砎 ㄝ
砉 ㄛ
砃 ㄢ
砓 ㄜ
祊 ㄥ
祌 ㄥ
祋 ㄨ
祅 ㄠ
祄 ㄝ
秕 ㄧ
种 ㄥ
秏 ㄠ
秖 ㄓ
秎 ㄣ
窀 ㄣ
穾 ㄠ
竑 ㄥ
笀 ㄤ
笁 ㄨ
籺 ㄝ
籸 ㄣ
籹 ㄩ
籿 ㄣ
粀 ㄤ
粁 ㄢ
紃 ㄣ
紈 ㄢ
紁 ㄚ
罘 ㄡ
羑 ㄡ
羍 ㄚ
羾 ㄥ
耇 ㄡ
耎 ㄢ
耏 ㄦ
耔 ㄗ
耷 ㄚ
胘 ㄢ
胇 ㄟ
胠 ㄩ
胑 ㄓ
胈 ㄚ
胂 ㄣ
胐 ㄨ
胅 ㄝ
胣 ㄧ
胙 ㄛ
胜 ㄥ
胊 ㄩ
胕 ㄨ
胉 ㄛ
胏 ㄗ
胗 ㄣ
胦 ㄤ
胍 ㄚ
臿 ㄚ
舡 ㄤ
芔 ㄟ
苙 ㄧ
苾 ㄧ
苹 ㄥ
茇 ㄚ
苨 ㄧ
茀 ㄨ
苕 ㄠ
茺 ㄥ
苫 ㄢ
苖 ㄧ
苴 ㄩ
苬 ㄡ
苡 ㄧ
苲 ㄚ
苵 ㄝ
茌 ㄔ
苻 ㄨ
苶 ㄝ
苰 ㄥ
苪 ㄥ
苤 ㄧ
苠 ㄣ
苺 ㄟ
苳 ㄥ
苭 ㄠ
虷 ㄢ
虴 ㄜ
虼 ㄜ
虳 ㄧ
衁 ㄤ
衎 ㄢ
衧 ㄩ
衪 ㄧ
衩 ㄚ
觓 ㄡ
訄 ㄡ
訇 ㄥ
赲 ㄧ
迣 ㄓ
迡 ㄧ
迮 ㄜ
迠 ㄜ
郱 ㄥ
邽 ㄟ
邿 ㄕ
郕 ㄥ
郅 ㄓ
邾 ㄨ
郇 ㄣ
郋 ㄧ
郈 ㄡ
釔 ㄧ
釓 ㄚ
陔 ㄞ
陏 ㄛ
陑 ㄦ
陓 ㄨ
陊 ㄛ
陎 ㄨ
倞 ㄥ
倅 ㄟ
倇 ㄢ
倓 ㄢ
倢 ㄝ
倰 ㄥ
倛 ㄧ
俵 ㄠ
俴 ㄢ
倳 ㄗ
倷 ㄞ
倬 ㄛ
俶 ㄧ
俷 ㄟ
倗 ㄥ
倜 ㄧ
倠 ㄩ
倧 ㄥ
倵 ㄨ
倯 ㄥ
倱 ㄣ
倎 ㄢ
党 ㄤ
冔 ㄩ
冓 ㄡ
凊 ㄥ
凄 ㄧ
凅 ㄨ
凈 ㄥ
剡 ㄢ
剚 ㄗ
剒 ㄛ
剞 ㄧ
剟 ㄛ
剕 ㄟ
剢 ㄛ
勍 ㄥ
匎 ㄢ
厞 ㄟ
唦 ㄡ
哢 ㄥ
唗 ㄡ
哧 ㄔ
哳 ㄚ
哤 ㄤ
唚 ㄣ
哿 ㄜ
唄 ㄟ
唈 ㄧ
哫 ㄨ
唑 ㄕ
唅 ㄢ
哱 ㄟ
唊 ㄚ
哻 ㄢ
哷 ㄜ
哸 ㄟ
哠 ㄠ
唎 ㄧ
唃 ㄨ
唋 ㄨ
圁 ㄣ
圂 ㄣ
埌 ㄤ
堲 ㄧ
埕 ㄥ
埒 ㄜ
垺 ㄟ
埆 ㄝ
垽 ㄣ
垼 ㄧ
垸 ㄢ
垶 ㄥ
垿 ㄩ
埇 ㄥ
埐 ㄣ
垹 ㄤ
埁 ㄣ
夎 ㄛ
奊 ㄝ
娙 ㄥ
娖 ㄛ
娭 ㄧ
娮 ㄢ
娕 ㄞ
娏 ㄤ
娗 ㄥ
娊 ㄢ
娞 ㄟ
娳 ㄧ
孬 ㄞ
宧 ㄧ
宭 ㄣ
宬 ㄥ
尃 ㄨ
屖 ㄧ
屔 ㄧ
峬 ㄨ
峿 ㄨ
峮 ㄣ
峱 ㄠ
峷 ㄣ
崀 ㄤ
峹 ㄨ
帩 ㄠ
帨 ㄟ
庨 ㄠ
庮 ㄡ
庪 ㄟ
庬 ㄤ
弳 ㄥ
弰 ㄠ
彧 ㄩ
恝 ㄚ
恚 ㄟ
恧 ㄩ
恁 ㄣ
悢 ㄤ
悈 ㄝ
悀 ㄥ
悒 ㄧ
悁 ㄢ
悝 ㄟ
悃 ㄣ
悕 ㄧ
悛 ㄢ
悗 ㄢ
悇 ㄩ
悜 ㄥ
悎 ㄠ
戙 ㄥ
扆 ㄧ
拲 ㄥ
挐 ㄚ
捖 ㄢ
挬 ㄛ
捄 ㄡ
捅 ㄥ
挶 ㄩ
捃 ㄣ
揤 ㄝ
挹 ㄧ
捋 ㄜ
捊 ㄡ
挼 ㄛ
挩 ㄛ
捁 ㄠ
挴 ㄟ
捘 ㄣ
捔 ㄝ
捙 ㄧ
挭 ㄥ
捇 ㄛ
挳 ㄥ
捚 ㄞ
捑 ㄜ
挸 ㄢ
捗 ㄨ
捀 ㄥ
捈 ㄨ
敊 ㄨ
敆 ㄜ
旆 ㄟ
旃 ㄢ
旄 ㄠ
旂 ㄧ
晊 ㄓ
晟 ㄥ
晇 ㄩ
晑 ㄤ
朒 ㄩ
朓 ㄠ
栟 ㄥ
栚 ㄣ
桉 ㄢ
栲 ㄠ
栳 ㄠ
栻 ㄔ
桋 ㄧ
桏 ㄥ
栖 ㄧ
栱 ㄥ
栜 ㄨ
栵 ㄧ
栫 ㄢ
栭 ㄦ
栯 ㄩ
桎 ㄓ
桄 ㄤ
栴 ㄢ
栝 ㄚ
栒 ㄣ
栔 ㄧ
栦 ㄡ
栨 ㄝ
栮 ㄦ
桍 ㄨ
栺 ㄓ
栥 ㄗ
栠 ㄣ
欬 ㄞ
欯 ㄧ
欭 ㄧ
欱 ㄚ
欴 ㄤ
歭 ㄔ
肂 ㄙ
殈 ㄩ
毦 ㄦ
毤 ㄛ
毨 ㄢ
毣 ㄨ
毢 ㄞ
毧 ㄥ
氥 ㄧ
浺 ㄥ
浣 ㄢ
浤 ㄥ
浶 ㄠ
洍 ㄙ
浡 ㄛ
涒 ㄣ
浘 ㄟ
浢 ㄡ
浭 ㄥ
浯 ㄨ
涑 ㄨ
涍 ㄠ
淯 ㄩ
浿 ㄟ
涆 ㄢ
浞 ㄛ
浧 ㄥ
浠 ㄧ
涗 ㄟ
浰 ㄧ
浼 ㄟ
浟 ㄡ
涂 ㄨ
涘 ㄙ
洯 ㄝ
浨 ㄢ
涋 ㄨ
浾 ㄥ
涀 ㄢ
涄 ㄣ
洖 ㄨ
涃 ㄣ
浻 ㄥ
浽 ㄟ
浵 ㄥ
涐 ㄜ
烜 ㄢ
烓 ㄟ
烑 ㄠ
烝 ㄥ
烋 ㄠ
缹 ㄡ
烢 ㄜ
烗 ㄞ
烒 ㄕ
烞 ㄛ
烠 ㄟ
烔 ㄥ
烍 ㄢ
烅 ㄩ
烆 ㄥ
烇 ㄢ
烚 ㄚ
烎 ㄣ
烡 ㄤ
牂 ㄤ
牸 ㄗ
牷 ㄢ
牶 ㄢ
猀 ㄚ
狺 ㄣ
狴 ㄧ
狾 ㄓ
狶 ㄧ
狳 ㄩ
狻 ㄢ
猁 ㄧ
珓 ㄠ
珙 ㄥ
珥 ㄦ
珖 ㄤ
玼 ㄘ
珧 ㄠ
珣 ㄣ
珩 ㄥ
珜 ㄤ
珒 ㄣ
珛 ㄡ
珔 ㄢ
珝 ㄩ
珚 ㄢ
珗 ㄢ
珘 ㄡ
珨 ㄚ
瓞 ㄝ
瓟 ㄠ
瓴 ㄥ
瓵 ㄧ
甡 ㄣ
畛 ㄣ
畟 ㄜ
疰 ㄨ
痁 ㄢ
疻 ㄓ
痄 ㄚ
痀 ㄩ
疿 ㄟ
疶 ㄝ
疺 ㄚ
皊 ㄥ
盉 ㄜ
眝 ㄨ
眛 ㄟ
眐 ㄥ
眓 ㄛ
眒 ㄣ
眣 ㄝ
眑 ㄠ
眕 ㄣ
眙 ㄔ
眚 ㄥ
眢 ㄢ
眧 ㄠ
砣 ㄛ
砬 ㄧ
砢 ㄛ
砵 ㄛ
砯 ㄥ
砨 ㄜ
砮 ㄨ
砫 ㄨ
砡 ㄩ
砩 ㄟ
砳 ㄜ
砪 ㄨ
砱 ㄥ
祔 ㄨ
祛 ㄩ
祏 ㄕ
祜 ㄨ
祓 ㄨ
祒 ㄠ
祑 ㄓ
秫 ㄨ
秬 ㄩ
秠 ㄧ
秮 ㄞ
秭 ㄗ
秪 ㄓ
秜 ㄧ
秞 ㄡ
秝 ㄧ
窆 ㄢ
窉 ㄥ
窅 ㄠ
窋 ㄨ
窌 ㄠ
窊 ㄚ
窇 ㄠ
竘 ㄩ
笐 ㄤ
笄 ㄧ
笓 ㄧ
笅 ㄠ
笏 ㄨ
笈 ㄧ
笊 ㄠ
笎 ㄢ
笉 ㄣ
笒 ㄣ
粄 ㄢ
粑 ㄚ
粊 ㄧ
粌 ㄣ
粈 ㄡ
粍 ㄧ
粅 ㄨ
紞 ㄢ
紝 ㄣ
紑 ㄡ
紎 ㄗ
紘 ㄥ
紖 ㄣ
紓 ㄨ
紟 ㄣ
紒 ㄝ
紌 ㄡ
罜 ㄨ
罡 ㄤ
罞 ㄠ
罠 ㄣ
罝 ㄩ
罛 ㄨ
羖 ㄨ
羒 ㄣ
翃 ㄥ
翂 ㄣ
翀 ㄥ
耖 ㄠ
耾 ㄥ
耹 ㄣ
胺 ㄜ
胲 ㄞ
胹 ㄦ
胵 ㄓ
脁 ㄠ
胻 ㄥ
脀 ㄥ
舁 ㄩ
舯 ㄥ
舥 ㄚ
茳 ㄤ
茭 ㄠ
荄 ㄞ
茙 ㄥ
荑 ㄧ
茥 ㄟ
荖 ㄠ
茿 ㄨ
荁 ㄢ
茦 ㄜ
茜 ㄢ
茢 ㄝ
荂 ㄚ
荎 ㄔ
茛 ㄣ
茪 ㄤ
茈 ㄗ
茼 ㄥ
荍 ㄡ
茖 ㄜ
茤 ㄛ
茠 ㄡ
茷 ㄚ
茯 ㄨ
茩 ㄡ
荇 ㄥ
荅 ㄚ
荌 ㄢ
荓 ㄥ
茞 ㄣ
茬 ㄔ
荋 ㄦ
茧 ㄥ
荈 ㄢ
虓 ㄠ
虒 ㄙ
蚢 ㄤ
蚨 ㄨ
蚖 ㄢ
蚍 ㄧ
蚑 ㄧ
蚞 ㄨ
蚇 ㄔ
蚗 ㄝ
蚆 ㄚ
蚋 ㄟ
蚚 ㄧ
蚅 ㄜ
蚥 ㄨ
蚙 ㄢ
蚡 ㄣ
蚧 ㄝ
蚕 ㄢ
蚘 ㄟ
蚎 ㄝ
蚝 ㄘ
蚐 ㄣ
蚔 ㄔ
衃 ㄟ
衄 ㄩ
衭 ㄨ
衵 ㄖ
衶 ㄥ
衲 ㄚ
袀 ㄣ
衱 ㄝ
衿 ㄣ
衯 ㄣ
袃 ㄞ
衾 ㄣ
衴 ㄢ
衼 ㄓ
訒 ㄣ
豇 ㄤ
豗 ㄟ
豻 ㄢ
貤 ㄧ
貣 ㄜ
赶 ㄢ
赸 ㄢ
趵 ㄠ
趷 ㄜ
趶 ㄨ
軑 ㄧ
軓 ㄢ
迾 ㄝ
迵 ㄥ
适 ㄚ
迿 ㄣ
迻 ㄧ
逄 ㄤ
迼 ㄝ
迶 ㄡ
郖 ㄡ
郠 ㄥ
郙 ㄨ
郚 ㄨ
郣 ㄛ
郟 ㄚ
郥 ㄟ
郘 ㄩ
郛 ㄨ
郗 ㄔ
郜 ㄠ
郤 ㄧ
酎 ㄡ
酏 ㄧ
釕 ㄠ
釢 ㄞ
釚 ㄡ
陜 ㄢ
陟 ㄓ
隼 ㄣ
飣 ㄥ
髟 ㄠ
鬯 ㄤ
乿 ㄔ
偰 ㄝ
偪 ㄧ
偡 ㄢ
偞 ㄝ
偠 ㄠ
偓 ㄛ
偋 ㄥ
偝 ㄟ
偲 ㄙ
偈 ㄝ
偍 ㄧ
偁 ㄥ
偛 ㄚ
偊 ㄩ
偢 ㄡ
倕 ㄟ
偅 ㄥ
偟 ㄤ
偩 ㄨ
偫 ㄓ
偣 ㄢ
偤 ㄡ
偆 ㄣ
偀 ㄥ
偮 ㄧ
偳 ㄢ
偗 ㄥ
偑 ㄥ
凐 ㄣ
剫 ㄛ
剭 ㄨ
剬 ㄢ
剮 ㄚ
勖 ㄩ
勓 ㄞ
匭 ㄟ
厜 ㄟ
啵 ㄛ
啶 ㄥ
唼 ㄚ
啍 ㄣ
啐 ㄟ
唴 ㄤ
唪 ㄥ
啑 ㄝ
啢 ㄤ
唶 ㄝ
唵 ㄢ
唰 ㄚ
啒 ㄨ
啅 ㄛ
唌 ㄢ
唲 ㄦ
啥 ㄚ
啎 ㄨ
唹 ㄩ
啈 ㄥ
唭 ㄧ
唻 ㄞ
啀 ㄞ
啋 ㄠ
圊 ㄥ
圇 ㄣ
埻 ㄣ
堔 ㄣ
埢 ㄢ
埶 ㄧ
埜 ㄝ
埴 ㄓ
堀 ㄝ
埭 ㄞ
埽 ㄠ
堈 ㄤ
埸 ㄧ
堋 ㄥ
埳 ㄢ
埏 ㄢ
堇 ㄣ
埮 ㄢ
埣 ㄟ
埲 ㄥ
埥 ㄥ
埬 ㄥ
埡 ㄨ
堎 ㄥ
埼 ㄧ
堐 ㄚ
埧 ㄩ
堁 ㄜ
堌 ㄨ
埱 ㄨ
埩 ㄥ
埰 ㄞ
堍 ㄨ
堄 ㄧ
奜 ㄟ
婠 ㄢ
婘 ㄢ
婕 ㄝ
婧 ㄥ
婞 ㄥ
娸 ㄧ
娵 ㄩ
婭 ㄚ
婐 ㄛ
婟 ㄨ
婥 ㄛ
婬 ㄣ
婓 ㄟ
婤 ㄡ
婗 ㄧ
婃 ㄥ
婝 ㄢ
婒 ㄢ
婄 ㄡ
婛 ㄥ
婈 ㄥ
媎 ㄝ
娾 ㄞ
婍 ㄧ
娹 ㄢ
婌 ㄨ
婰 ㄢ
婩 ㄢ
婇 ㄞ
婑 ㄟ
婖 ㄢ
婂 ㄢ
婜 ㄢ
孲 ㄚ
孮 ㄥ
寁 ㄢ
寀 ㄞ
屙 ㄜ
崞 ㄛ
崋 ㄚ
崝 ㄥ
崚 ㄥ
崠 ㄥ
崌 ㄩ
崨 ㄝ
崍 ㄞ
崦 ㄢ
崥 ㄧ
崏 ㄣ
崰 ㄗ
崒 ㄨ
崣 ㄟ
崟 ㄣ
崮 ㄨ
帾 ㄨ
帴 ㄚ
庱 ㄥ
庴 ㄧ
庹 ㄛ
庲 ㄞ
庳 ㄧ
弶 ㄤ
弸 ㄥ
徛 ㄧ
徖 ㄥ
徟 ㄡ
悊 ㄜ
悐 ㄧ
悆 ㄩ
悾 ㄥ
悰 ㄥ
悺 ㄢ
惓 ㄢ
惔 ㄢ
惏 ㄣ
惤 ㄢ
惙 ㄛ
惝 ㄤ
惈 ㄛ
悱 ㄟ
惛 ㄣ
悷 ㄧ
惊 ㄥ
悿 ㄢ
惃 ㄣ
惍 ㄣ
惀 ㄣ
挲 ㄛ
捥 ㄢ
掊 ㄡ
掂 ㄢ
捽 ㄨ
掽 ㄥ
掞 ㄢ
掭 ㄢ
掝 ㄛ
掗 ㄚ
掫 ㄡ
掎 ㄧ
捯 ㄠ
掇 ㄛ
掐 ㄚ
据 ㄩ
掯 ㄣ
捵 ㄣ
掜 ㄧ
捭 ㄞ
掮 ㄢ
捼 ㄛ
掤 ㄥ
挻 ㄢ
掟 ㄥ
捸 ㄨ
掅 ㄥ
掁 ㄥ
掑 ㄧ
掍 ㄣ
捰 ㄛ
敓 ㄛ
旍 ㄥ
晥 ㄢ
晡 ㄨ
晛 ㄢ
晙 ㄣ
晜 ㄣ
晢 ㄜ
朘 ㄢ
桹 ㄤ
梇 ㄥ
梐 ㄧ
梜 ㄚ
桭 ㄣ
桮 ㄟ
梮 ㄩ
梫 ㄣ
楖 ㄧ
桯 ㄥ
梣 ㄣ
梬 ㄥ
梩 ㄧ
桵 ㄟ
桴 ㄨ
梲 ㄛ
梏 ㄨ
桷 ㄝ
梒 ㄢ
桼 ㄧ
桫 ㄛ
桲 ㄛ
梪 ㄡ
梀 ㄨ
桱 ㄥ
桾 ㄣ
梛 ㄛ
梖 ㄟ
梋 ㄢ
梠 ㄩ
梉 ㄤ
梤 ㄣ
桸 ㄧ
桻 ㄥ
梑 ㄧ
梌 ㄨ
梊 ㄧ
桽 ㄣ
欶 ㄛ
欳 ㄞ
欷 ㄧ
欸 ㄞ
殑 ㄥ
殏 ㄡ
殍 ㄠ
殎 ㄚ
殌 ㄥ
氪 ㄜ
淀 ㄢ
涫 ㄢ
涴 ㄛ
涳 ㄥ
湴 ㄢ
涬 ㄥ
淩 ㄥ
淢 ㄩ
涷 ㄥ
淶 ㄞ
淔 ㄔ
渀 ㄣ
淈 ㄨ
淠 ㄧ
淟 ㄢ
淖 ㄠ
涾 ㄚ
淥 ㄨ
淜 ㄥ
淝 ㄟ
淛 ㄓ
淴 ㄨ
淊 ㄢ
涽 ㄣ
淭 ㄩ
淰 ㄢ
涺 ㄩ
淕 ㄨ
淂 ㄜ
淏 ㄠ
淉 ㄛ
淐 ㄤ
淲 ㄨ
淓 ㄤ
淽 ㄓ
淗 ㄩ
淍 ㄡ
淣 ㄧ
涻 ㄢ
烺 ㄤ
焍 ㄧ
烷 ㄢ
焗 ㄩ
烴 ㄥ
焌 ㄣ
烰 ㄨ
焄 ㄣ
烳 ㄨ
焐 ㄨ
烼 ㄨ
烿 ㄥ
焆 ㄝ
焓 ㄢ
焀 ㄨ
烸 ㄞ
烶 ㄥ
焋 ㄤ
焂 ㄨ
焎 ㄝ
牾 ㄨ
牻 ㄤ
牼 ㄥ
牿 ㄨ
猝 ㄨ
猗 ㄧ
猇 ㄠ
猑 ㄣ
猘 ㄓ
猊 ㄧ
猈 ㄧ
狿 ㄢ
猏 ㄢ
猞 ㄜ
玈 ㄨ
珶 ㄧ
珸 ㄨ
珵 ㄥ
琄 ㄢ
琁 ㄢ
珽 ㄥ
琇 ㄡ
琀 ㄢ
珺 ㄣ
珼 ㄟ
珿 ㄛ
琌 ㄥ
琋 ㄧ
珴 ㄜ
琈 ㄨ
畤 ㄓ
畣 ㄚ
痎 ㄞ
痒 ㄤ
痏 ㄟ
痋 ㄥ
痌 ㄥ
痑 ㄛ
痐 ㄟ
皏 ㄥ
皉 ㄘ
盓 ㄩ
眹 ㄣ
眯 ㄧ
眭 ㄟ
眱 ㄧ
眲 ㄦ
眴 ㄢ
眳 ㄥ
眽 ㄛ
眥 ㄗ
眻 ㄤ
眵 ㄔ
硈 ㄚ
硒 ㄧ
硉 ㄨ
硍 ㄣ
硊 ㄟ
硌 ㄛ
砦 ㄞ
硅 ㄟ
硐 ㄥ
祤 ㄩ
祧 ㄠ
祩 ㄨ
祪 ㄟ
祣 ㄩ
祫 ㄚ
祡 ㄞ
离 ㄔ
秺 ㄨ
秸 ㄧ
秶 ㄗ
秷 ㄓ
窏 ㄨ
窔 ㄠ
窐 ㄟ
笵 ㄢ
筇 ㄥ
笴 ㄜ
笥 ㄙ
笰 ㄨ
笢 ㄣ
笤 ㄠ
笳 ㄚ
笘 ㄢ
笪 ㄚ
笝 ㄚ
笱 ㄡ
笫 ㄗ
笭 ㄥ
笯 ㄨ
笲 ㄢ
笸 ㄛ
笚 ㄚ
笣 ㄠ
粔 ㄩ
粘 ㄢ
粖 ㄛ
粣 ㄜ
紵 ㄨ
紽 ㄛ
紸 ㄨ
紶 ㄩ
紺 ㄢ
絅 ㄥ
紬 ㄡ
紩 ㄓ
絁 ㄕ
絇 ㄩ
紾 ㄣ
紿 ㄞ
絊 ㄟ
紻 ㄤ
紨 ㄨ
罣 ㄚ
羕 ㄤ
羜 ㄨ
羝 ㄧ
羛 ㄧ
翊 ㄧ
翋 ㄚ
翍 ㄛ
翐 ㄓ
翑 ㄩ
翇 ㄟ
翏 ㄡ
耟 ㄩ
耞 ㄚ
耛 ㄔ
聇 ㄥ
聃 ㄢ
聈 ㄡ
脘 ㄢ
脥 ㄝ
脙 ㄡ
脛 ㄥ
脭 ㄥ
脟 ㄝ
脬 ㄠ
脞 ㄛ
脡 ㄥ
脕 ㄢ
脧 ㄢ
脝 ㄥ
脢 ㄟ
舑 ㄢ
舸 ㄜ
舳 ㄨ
舺 ㄚ
舴 ㄜ
舲 ㄥ
艴 ㄨ
莐 ㄣ
莣 ㄤ
莨 ㄤ
莍 ㄡ
荺 ㄣ
荳 ㄡ
莤 ㄡ
荴 ㄨ
莏 ㄛ
莁 ㄨ
莕 ㄥ
莙 ㄣ
荵 ㄣ
莔 ㄥ
莩 ㄨ
荽 ㄟ
莃 ㄧ
莌 ㄛ
莝 ㄛ
莛 ㄥ
莪 ㄜ
莋 ㄧ
荾 ㄟ
莥 ㄡ
莯 ㄨ
莈 ㄛ
莗 ㄜ
荿 ㄥ
莦 ㄠ
莇 ㄨ
莮 ㄢ
荶 ㄣ
莚 ㄢ
虙 ㄨ
虖 ㄨ
蚿 ㄢ
蚷 ㄩ
蛂 ㄝ
蛁 ㄠ
蛅 ㄢ
蚺 ㄢ
蚰 ㄡ
蛈 ㄝ
蚹 ㄨ
蚳 ㄔ
蚸 ㄧ
蛌 ㄨ
蚴 ㄡ
蚻 ㄚ
蚼 ㄡ
蛃 ㄥ
蚽 ㄧ
蚾 ㄛ
衒 ㄢ
袉 ㄛ
袕 ㄝ
袨 ㄢ
袢 ㄢ
袪 ㄩ
袚 ㄛ
袑 ㄠ
袡 ㄢ
袟 ㄓ
袘 ㄧ
袧 ㄡ
袙 ㄚ
袛 ㄧ
袗 ㄣ
袤 ㄠ
袬 ㄩ
袌 ㄠ
袓 ㄩ
袎 ㄠ
覂 ㄥ
觖 ㄝ
觙 ㄧ
觕 ㄨ
訰 ㄣ
訧 ㄡ
訬 ㄠ
訞 ㄠ
谹 ㄥ
谻 ㄝ
豜 ㄢ
豝 ㄚ
豽 ㄚ
貥 ㄤ
赽 ㄝ
赻 ㄢ
赹 ㄥ
趼 ㄢ
跂 ㄧ
趹 ㄝ
趿 ㄚ
跁 ㄚ
軘 ㄣ
軞 ㄠ
軝 ㄧ
軜 ㄚ
軗 ㄨ
軠 ㄣ
軡 ㄢ
逤 ㄛ
逋 ㄨ
逑 ㄡ
逜 ㄨ
逌 ㄡ
逡 ㄣ
郯 ㄢ
郪 ㄧ
郰 ㄡ
郴 ㄣ
郲 ㄞ
郳 ㄧ
郔 ㄢ
郫 ㄧ
郬 ㄥ
郩 ㄠ
酖 ㄣ
酘 ㄡ
酚 ㄣ
酓 ㄢ
酕 ㄠ
釬 ㄢ
釴 ㄧ
釱 ㄧ
釳 ㄧ
釸 ㄧ
釤 ㄢ
釹 ㄩ
釪 ㄩ
釫 ㄚ
釷 ㄨ
釨 ㄗ
釮 ㄧ
镺 ㄠ
閆 ㄢ
閈 ㄢ
陼 ㄨ
陭 ㄧ
陫 ㄟ
陱 ㄩ
陯 ㄣ
隿 ㄧ
靪 ㄥ
頄 ㄢ
飥 ㄛ
馗 ㄟ
傛 ㄥ
傕 ㄝ
傔 ㄢ
傞 ㄛ
傋 ㄡ
傣 ㄞ
傃 ㄨ
傌 ㄚ
傎 ㄢ
傝 ㄚ
偨 ㄞ
傜 ㄠ
傒 ㄧ
傂 ㄔ
傇 ㄥ
兟 ㄣ
凔 ㄤ
匒 ㄚ
匑 ㄥ
厤 ㄧ
厧 ㄢ
喑 ㄣ
喨 ㄤ
喥 ㄨ
喭 ㄢ
啷 ㄤ
噅 ㄟ
喢 ㄚ
喓 ㄠ
喈 ㄝ
喏 ㄜ
喵 ㄠ
喁 ㄥ
喣 ㄩ
喒 ㄢ
喤 ㄤ
喌 ㄡ
喦 ㄢ
啿 ㄢ
喕 ㄢ
喡 ㄟ
喎 ㄞ
圌 ㄟ
堩 ㄥ
堷 ㄢ
堙 ㄣ
堞 ㄝ
堧 ㄢ
堣 ㄩ
堨 ㄞ
埵 ㄛ
塈 ㄧ
堥 ㄠ
堜 ㄢ
堛 ㄧ
堳 ㄟ
堿 ㄢ
堶 ㄛ
堮 ㄜ
堹 ㄥ
堸 ㄥ
堭 ㄤ
堬 ㄩ
堻 ㄣ
奡 ㄠ
媯 ㄟ
媔 ㄢ
媟 ㄝ
婺 ㄨ
媢 ㄠ
媞 ㄕ
婸 ㄤ
媦 ㄟ
婼 ㄛ
媥 ㄢ
媬 ㄠ
媕 ㄢ
媮 ㄡ
娷 ㄟ
媄 ㄟ
媊 ㄢ
媗 ㄢ
媃 ㄡ
媋 ㄣ
媩 ㄨ
婻 ㄢ
婽 ㄚ
媌 ㄠ
媜 ㄣ
媏 ㄢ
媓 ㄤ
媝 ㄡ
寪 ㄟ
寍 ㄥ
寋 ㄢ
寔 ㄕ
寑 ㄣ
寊 ㄣ
寎 ㄥ
尌 ㄨ
尰 ㄥ
崷 ㄡ
嵃 ㄢ
嵫 ㄗ
嵁 ㄢ
嵋 ㄟ
崿 ㄜ
崵 ㄤ
嵑 ㄝ
嵎 ㄩ
嵕 ㄥ
崳 ㄩ
崺 ㄧ
嵒 ㄢ
崽 ㄞ
崱 ㄜ
嵙 ㄜ
嵂 ㄩ
崹 ㄧ
嵉 ㄥ
崸 ㄣ
崼 ㄕ
崲 ㄤ
崶 ㄥ
嵀 ㄨ
嵅 ㄢ
幄 ㄛ
幁 ㄩ
彘 ㄓ
徦 ㄚ
徥 ㄔ
徫 ㄟ
惉 ㄢ
悹 ㄢ
惌 ㄢ
惢 ㄟ
惎 ㄧ
惄 ㄧ
愔 ㄣ
惲 ㄣ
愊 ㄧ
愖 ㄣ
愅 ㄜ
惵 ㄝ
愓 ㄤ
惸 ㄥ
惼 ㄢ
惾 ㄥ
惁 ㄧ
愃 ㄢ
愘 ㄚ
愝 ㄢ
愐 ㄢ
惿 ㄧ
愄 ㄟ
愋 ㄢ
扊 ㄢ
掔 ㄢ
掱 ㄡ
掰 ㄞ
揎 ㄢ
揥 ㄧ
揨 ㄥ
揯 ㄥ
揃 ㄢ
撝 ㄟ
揳 ㄝ
揊 ㄧ
揠 ㄚ
揶 ㄝ
揕 ㄣ
揲 ㄜ
揵 ㄢ
摡 ㄧ
揟 ㄩ
掾 ㄢ
揝 ㄢ
揜 ㄢ
揄 ㄩ
揘 ㄥ
揓 ㄕ
揂 ㄡ
揇 ㄢ
揌 ㄞ
揋 ㄟ
揈 ㄥ
揰 ㄥ
揗 ㄣ
揙 ㄢ
攲 ㄧ
敧 ㄧ
敪 ㄛ
敤 ㄜ
敜 ㄝ
敨 ㄡ
敥 ㄢ
斌 ㄣ
斝 ㄚ
斞 ㄩ
斮 ㄛ
旐 ㄠ
旒 ㄡ
晼 ㄢ
晬 ㄟ
晻 ㄢ
暀 ㄤ
晱 ㄢ
晹 ㄧ
晪 ㄢ
晲 ㄧ
朁 ㄢ
椌 ㄤ
棓 ㄤ
椄 ㄝ
棜 ㄩ
椪 ㄥ
棬 ㄢ
棪 ㄢ
棱 ㄥ
椏 ㄚ
棖 ㄥ
棷 ㄡ
棫 ㄩ
棤 ㄧ
棶 ㄞ
椓 ㄛ
椐 ㄩ
棳 ㄛ
棡 ㄤ
椇 ㄩ
棌 ㄞ
椈 ㄩ
楰 ㄩ
梴 ㄢ
椑 ㄟ
棯 ㄣ
棆 ㄣ
椔 ㄗ
棸 ㄡ
棐 ㄟ
棽 ㄣ
棼 ㄣ
棨 ㄧ
椋 ㄤ
椊 ㄛ
椗 ㄥ
棎 ㄢ
棈 ㄢ
棝 ㄨ
棞 ㄣ
棦 ㄥ
棴 ㄨ
棑 ㄞ
椆 ㄡ
棔 ㄣ
棩 ㄢ
椕 ㄣ
椥 ㄓ
棇 ㄥ
欹 ㄧ
欻 ㄚ
欿 ㄢ
欼 ㄔ
殔 ㄧ
殗 ㄝ
殙 ㄣ
殕 ㄡ
殽 ㄠ
毰 ㄟ
毲 ㄛ
毳 ㄟ
氰 ㄥ
淼 ㄠ
湆 ㄧ
湇 ㄧ
渟 ㄥ
湉 ㄢ
溈 ㄟ
渼 ㄟ
渽 ㄞ
湅 ㄢ
湢 ㄧ
渫 ㄝ
渿 ㄞ
湁 ㄕ
湝 ㄝ
湳 ㄢ
渜 ㄢ
渳 ㄧ
湋 ㄟ
湀 ㄟ
湑 ㄩ
渻 ㄥ
渃 ㄜ
渮 ㄜ
湞 ㄥ
湨 ㄩ
湜 ㄕ
湡 ㄡ
渱 ㄥ
渨 ㄟ
湠 ㄢ
湱 ㄛ
湫 ㄡ
渹 ㄥ
渢 ㄥ
渰 ㄢ
湓 ㄣ
湥 ㄨ
渧 ㄧ
湸 ㄤ
湤 ㄕ
湷 ㄟ
湕 ㄢ
湹 ㄢ
湒 ㄧ
湦 ㄥ
渵 ㄠ
渶 ㄥ
湚 ㄣ
焠 ㄟ
焞 ㄣ
焯 ㄛ
烻 ㄢ
焮 ㄣ
焱 ㄢ
焣 ㄩ
焥 ㄛ
焢 ㄥ
焲 ㄧ
焟 ㄧ
焨 ㄥ
焺 ㄥ
焛 ㄣ
牋 ㄢ
牚 ㄥ
犈 ㄢ
犆 ㄓ
犅 ㄤ
犋 ㄩ
猒 ㄢ
猋 ㄠ
猰 ㄚ
猢 ㄨ
猱 ㄠ
猳 ㄚ
猧 ㄛ
猲 ㄝ
猭 ㄢ
猦 ㄥ
猣 ㄥ
猵 ㄢ
猌 ㄣ
琮 ㄥ
琬 ㄢ
琰 ㄢ
琫 ㄥ
琖 ㄢ
琚 ㄩ
琡 ㄨ
琭 ㄨ
琱 ㄠ
琤 ㄥ
琝 ㄣ
琩 ㄤ
琠 ㄢ
琲 ㄟ
瓻 ㄔ
甯 ㄥ
畯 ㄣ
畬 ㄩ
痧 ㄚ
痚 ㄠ
痡 ㄨ
痦 ㄨ
痝 ㄤ
痟 ㄠ
痤 ㄛ
痗 ㄟ
皕 ㄧ
皒 ㄜ
盚 ㄡ
睆 ㄢ
睇 ㄧ
睄 ㄠ
睍 ㄢ
睅 ㄢ
睊 ㄢ
睎 ㄧ
睋 ㄜ
睌 ㄢ
矞 ㄩ
矬 ㄛ
硠 ㄤ
硤 ㄚ
硥 ㄤ
硜 ㄥ
硭 ㄤ
硱 ㄣ
硪 ㄜ
确 ㄝ
硰 ㄚ
硩 ㄜ
硨 ㄜ
硞 ㄝ
硢 ㄩ
祴 ㄞ
祳 ㄣ
祲 ㄣ
祰 ㄠ
稂 ㄤ
稊 ㄧ
稃 ㄨ
稌 ㄨ
稄 ㄜ
窙 ㄠ
竦 ㄥ
竤 ㄥ
筊 ㄠ
笻 ㄥ
筄 ㄠ
筈 ㄚ
筌 ㄢ
筎 ㄨ
筀 ㄟ
筘 ㄡ
筅 ㄢ
粢 ㄗ
粞 ㄧ
粨 ㄞ
粡 ㄥ
絘 ㄘ
絯 ㄞ
絣 ㄥ
絓 ㄚ
絖 ㄤ
絧 ㄥ
絪 ㄣ
絏 ㄝ
絭 ㄢ
絜 ㄝ
絫 ㄟ
絒 ㄡ
絔 ㄞ
絩 ㄠ
絑 ㄨ
絟 ㄢ
絎 ㄥ
缾 ㄥ
缿 ㄡ
罥 ㄢ
罦 ㄨ
羢 ㄥ
羠 ㄧ
羡 ㄧ
翗 ㄧ
聑 ㄝ
聏 ㄦ
聐 ㄚ
胾 ㄗ
胔 ㄗ
腃 ㄢ
腊 ㄚ
腒 ㄩ
腏 ㄛ
腇 ㄟ
脽 ㄟ
腍 ㄣ
脺 ㄟ
臦 ㄤ
臮 ㄧ
臷 ㄝ
臸 ㄓ
臹 ㄡ
舄 ㄧ
舼 ㄥ
舽 ㄤ
艵 ㄥ
茻 ㄤ
菏 ㄜ
菹 ㄩ
萣 ㄥ
菀 ㄢ
菨 ㄝ
萒 ㄢ
菧 ㄧ
菤 ㄢ
菼 ㄢ
菶 ㄥ
萐 ㄚ
菆 ㄡ
菈 ㄚ
菫 ㄣ
菣 ㄣ
莿 ㄘ
萁 ㄧ
菝 ㄚ
菥 ㄧ
菘 ㄥ
菿 ㄠ
菡 ㄢ
菋 ㄟ
菎 ㄣ
菖 ㄤ
菵 ㄤ
菉 ㄩ
萉 ㄟ
萏 ㄢ
菞 ㄧ
萑 ㄢ
萆 ㄟ
菂 ㄧ
菳 ㄣ
菕 ㄣ
菺 ㄢ
菇 ㄨ
菑 ㄗ
菪 ㄤ
萓 ㄧ
菃 ㄩ
菬 ㄠ
菮 ㄥ
菄 ㄥ
菻 ㄣ
菗 ㄡ
菢 ㄠ
萛 ㄡ
菛 ㄣ
菾 ㄢ
蛘 ㄤ
蛢 ㄥ
蛦 ㄧ
蛓 ㄘ
蛣 ㄧ
蛚 ㄝ
蛪 ㄝ
蛝 ㄢ
蛫 ㄟ
蛜 ㄧ
蛬 ㄥ
蛩 ㄥ
蛗 ㄨ
蛨 ㄛ
蛑 ㄡ
衈 ㄦ
衖 ㄥ
衕 ㄥ
袺 ㄝ
裗 ㄡ
袹 ㄛ
袸 ㄣ
裀 ㄣ
袾 ㄨ
袶 ㄤ
袼 ㄛ
袷 ㄚ
袽 ㄨ
袲 ㄧ
褁 ㄓ
裉 ㄣ
覕 ㄝ
覘 ㄢ
覗 ㄙ
觝 ㄧ
觚 ㄨ
觛 ㄢ
詎 ㄩ
詍 ㄕ
訹 ㄩ
詙 ㄚ
詀 ㄢ
詗 ㄥ
詘 ㄨ
詄 ㄝ
詅 ㄥ
詒 ㄧ
詈 ㄧ
詑 ㄛ
詊 ㄢ
詌 ㄢ
詏 ㄠ
豟 ㄜ
貁 ㄡ
貀 ㄛ
貺 ㄤ
貾 ㄔ
貰 ㄕ
貹 ㄥ
貵 ㄢ
趄 ㄩ
趀 ㄘ
趉 ㄨ
跘 ㄢ
跓 ㄨ
跍 ㄨ
跇 ㄧ
跖 ㄓ
跜 ㄧ
跏 ㄚ
跕 ㄝ
跙 ㄩ
跈 ㄢ
跗 ㄨ
跅 ㄛ
軯 ㄥ
軷 ㄚ
軺 ㄠ
軹 ㄓ
軦 ㄤ
軥 ㄩ
軵 ㄨ
軧 ㄧ
軨 ㄥ
軶 ㄜ
軫 ㄣ
軱 ㄨ
軬 ㄢ
軴 ㄨ
軩 ㄞ
逭 ㄢ
逴 ㄛ
逯 ㄨ
鄆 ㄣ
鄬 ㄟ
鄄 ㄢ
郿 ㄟ
郼 ㄧ
鄈 ㄟ
郹 ㄩ
郻 ㄠ
鄁 ㄟ
鄀 ㄛ
鄇 ㄡ
鄅 ㄩ
鄃 ㄩ
酡 ㄛ
酤 ㄨ
酟 ㄢ
酢 ㄛ
酠 ㄚ
鈁 ㄤ
鈊 ㄣ
鈥 ㄛ
鈃 ㄢ
鈚 ㄧ
鈦 ㄞ
鈏 ㄣ
鈌 ㄝ
鈀 ㄚ
鈒 ㄧ
釿 ㄣ
釽 ㄧ
鈆 ㄢ
鈧 ㄤ
鈂 ㄣ
鈜 ㄥ
鈤 ㄖ
鈙 ㄣ
鈗 ㄣ
鈅 ㄝ
鈖 ㄣ
镻 ㄝ
閍 ㄥ
閌 ㄤ
閐 ㄢ
隇 ㄟ
陾 ㄥ
隈 ㄟ
隉 ㄝ
隃 ㄩ
隀 ㄥ
雂 ㄣ
雈 ㄢ
雃 ㄚ
雱 ㄤ
雰 ㄣ
靬 ㄢ
靰 ㄨ
靮 ㄧ
頇 ㄢ
颩 ㄠ
飫 ㄩ
鳦 ㄧ
黹 ㄓ
亃 ㄣ
亄 ㄧ
亶 ㄢ
傽 ㄤ
傿 ㄢ
僆 ㄢ
傮 ㄠ
僄 ㄠ
僊 ㄢ
傴 ㄩ
僈 ㄢ
僂 ㄡ
傰 ㄥ
僁 ㄧ
傺 ㄔ
傱 ㄥ
僋 ㄡ
僉 ㄢ
傶 ㄨ
傸 ㄤ
剺 ㄧ
剸 ㄢ
剻 ㄡ
剼 ㄢ
嗃 ㄜ
嗛 ㄢ
嗌 ㄧ
嗐 ㄞ
嗋 ㄝ
嗊 ㄥ
嗝 ㄜ
嗀 ㄛ
嗔 ㄣ
嗄 ㄚ
嗩 ㄛ
喿 ㄠ
嗒 ㄚ
喍 ㄞ
嗏 ㄚ
嗕 ㄨ
嗢 ㄚ
嗖 ㄡ
嗈 ㄥ
嗍 ㄛ
嗙 ㄤ
嗂 ㄠ
圔 ㄜ
塓 ㄧ
塨 ㄥ
塤 ㄢ
塏 ㄞ
塍 ㄥ
塉 ㄧ
塯 ㄡ
塕 ㄥ
塎 ㄥ
塝 ㄤ
塙 ㄝ
塥 ㄜ
塛 ㄧ
堽 ㄤ
塣 ㄥ
塱 ㄤ
壼 ㄣ
嫇 ㄥ
嫄 ㄢ
嫋 ㄠ
媺 ㄟ
媸 ㄔ
媱 ㄠ
媵 ㄥ
媰 ㄡ
媿 ㄟ
嫈 ㄥ
媻 ㄢ
嫆 ㄥ
媷 ㄨ
嫀 ㄣ
嫊 ㄨ
媴 ㄢ
媶 ㄥ
嫍 ㄠ
媹 ㄡ
媐 ㄧ
寖 ㄣ
寘 ㄓ
寙 ㄩ
尟 ㄢ
尳 ㄨ
嵱 ㄥ
嵣 ㄤ
嵊 ㄥ
嵥 ㄝ
嵲 ㄝ
嵬 ㄟ
嵞 ㄨ
嵨 ㄨ
嵧 ㄡ
嵢 ㄤ
巰 ㄡ
幏 ㄚ
幎 ㄧ
幊 ㄥ
幍 ㄠ
幋 ㄢ
廅 ㄜ
廌 ㄢ
廆 ㄟ
廋 ㄡ
廇 ㄡ
彀 ㄡ
徯 ㄧ
徭 ㄠ
惷 ㄣ
慉 ㄩ
慊 ㄢ
愫 ㄨ
慅 ㄠ
愶 ㄝ
愲 ㄨ
愮 ㄠ
慆 ㄠ
愯 ㄥ
慏 ㄥ
愩 ㄥ
慀 ㄝ
戠 ㄔ
酨 ㄞ
戣 ㄟ
戥 ㄥ
戤 ㄞ
揅 ㄢ
揱 ㄛ
揫 ㄡ
搐 ㄨ
搒 ㄥ
搉 ㄝ
搠 ㄛ
搤 ㄜ
搳 ㄚ
摃 ㄥ
搟 ㄢ
搕 ㄜ
搘 ㄓ
搹 ㄜ
搷 ㄣ
搢 ㄣ
搣 ㄝ
搌 ㄢ
搦 ㄛ
搰 ㄨ
搨 ㄚ
摁 ㄣ
搵 ㄣ
搯 ㄠ
搊 ㄡ
搚 ㄝ
摀 ㄨ
搥 ㄟ
搧 ㄢ
搋 ㄞ
揧 ㄚ
搛 ㄢ
搮 ㄧ
搡 ㄤ
搎 ㄣ
敯 ㄣ
斒 ㄢ
旓 ㄠ
暆 ㄧ
暌 ㄟ
暕 ㄢ
暐 ㄟ
暋 ㄣ
暊 ㄨ
暙 ㄣ
暔 ㄢ
晸 ㄣ
朠 ㄥ
楦 ㄢ
楟 ㄥ
椸 ㄧ
楎 ㄣ
楢 ㄡ
楱 ㄡ
椿 ㄣ
楅 ㄧ
楪 ㄝ
椹 ㄣ
楂 ㄚ
楗 ㄢ
楙 ㄠ
楺 ㄡ
楈 ㄩ
楉 ㄛ
椵 ㄚ
楬 ㄝ
椳 ㄟ
椽 ㄢ
楥 ㄢ
棰 ㄟ
楸 ㄡ
椴 ㄢ
楩 ㄢ
楀 ㄩ
楯 ㄣ
楄 ㄢ
楶 ㄝ
楘 ㄨ
楁 ㄜ
楴 ㄧ
楌 ㄢ
椻 ㄢ
楋 ㄚ
椷 ㄢ
楜 ㄨ
楏 ㄟ
楑 ㄟ
椲 ㄟ
楒 ㄙ
椯 ㄛ
楻 ㄥ
椼 ㄢ
歆 ㄣ
歅 ㄣ
歃 ㄚ
歂 ㄢ
歈 ㄩ
歁 ㄢ
殛 ㄧ
毻 ㄛ
毼 ㄜ
毹 ㄩ
毷 ㄠ
毸 ㄟ
溛 ㄚ
滖 ㄟ
滈 ㄠ
溏 ㄤ
滀 ㄨ
溟 ㄥ
溓 ㄢ
溔 ㄠ
溠 ㄚ
溱 ㄣ
溹 ㄨ
滆 ㄜ
滒 ㄜ
溽 ㄨ
滁 ㄨ
溞 ㄠ
滉 ㄤ
溷 ㄣ
溰 ㄧ
滍 ㄓ
溦 ㄟ
滏 ㄨ
溲 ㄡ
溾 ㄟ
滃 ㄥ
滜 ㄠ
滘 ㄠ
溙 ㄞ
溒 ㄢ
溎 ㄟ
溍 ㄣ
溤 ㄚ
溡 ㄕ
溿 ㄢ
溳 ㄣ
滐 ㄝ
滊 ㄧ
溗 ㄥ
溮 ㄕ
溣 ㄣ
煇 ㄟ
煔 ㄢ
煒 ㄟ
煣 ㄡ
煠 ㄝ
煁 ㄣ
煝 ㄟ
煢 ㄥ
煲 ㄠ
煸 ㄢ
煪 ㄡ
煡 ㄣ
煂 ㄜ
煘 ㄢ
煃 ㄟ
煋 ㄥ
煰 ㄠ
煟 ㄨ
煐 ㄥ
煓 ㄢ
煄 ㄥ
煍 ㄠ
煚 ㄥ
牏 ㄡ
犍 ㄢ
犌 ㄚ
犑 ㄩ
犐 ㄜ
犎 ㄥ
猼 ㄛ
獂 ㄢ
猻 ㄣ
猺 ㄠ
獀 ㄡ
獊 ㄤ
獉 ㄣ
瑄 ㄢ
瑊 ㄣ
瑋 ㄟ
瑒 ㄤ
瑑 ㄢ
瑗 ㄢ
瑀 ㄩ
瑏 ㄢ
瑐 ㄢ
瑎 ㄝ
瑂 ㄟ
瑆 ㄥ
瑍 ㄢ
瑔 ㄢ
瓡 ㄓ
瓿 ㄡ
瓾 ㄥ
瓽 ㄤ
甝 ㄢ
畹 ㄢ
畷 ㄛ
痯 ㄢ
瘏 ㄨ
瘃 ㄨ
痷 ㄢ
痾 ㄜ
痼 ㄨ
痹 ㄧ
痸 ㄔ
瘐 ㄩ
痻 ㄣ
痶 ㄢ
痭 ㄥ
痵 ㄧ
痽 ㄟ
皙 ㄧ
皵 ㄝ
盝 ㄨ
睕 ㄢ
睟 ㄟ
睠 ㄢ
睒 ㄢ
睖 ㄥ
睚 ㄞ
睩 ㄨ
睧 ㄣ
睔 ㄣ
睙 ㄝ
睭 ㄡ
矠 ㄜ
碇 ㄥ
碚 ㄟ
碔 ㄨ
碏 ㄝ
碄 ㄣ
碕 ㄧ
碅 ㄣ
碆 ㄛ
碡 ㄨ
碃 ㄥ
硹 ㄥ
碙 ㄤ
碀 ㄥ
碖 ㄣ
硻 ㄥ
祼 ㄢ
禂 ㄠ
祽 ㄟ
祹 ㄠ
稑 ㄨ
稘 ㄧ
稙 ㄓ
稒 ㄨ
稗 ㄧ
稢 ㄩ
稓 ㄛ
稛 ㄣ
窣 ㄨ
窢 ㄩ
窞 ㄢ
竫 ㄥ
筦 ㄢ
筤 ㄤ
筭 ㄢ
筴 ㄚ
筩 ㄥ
筲 ㄠ
筥 ㄩ
筳 ㄥ
筱 ㄠ
筰 ㄛ
筡 ㄨ
筸 ㄢ
筶 ㄠ
筣 ㄧ
粲 ㄢ
粴 ㄧ
粯 ㄢ
綈 ㄧ
綆 ㄥ
綀 ㄨ
綍 ㄨ
絿 ㄡ
綅 ㄣ
絺 ㄔ
綎 ㄥ
絻 ㄢ
綃 ㄠ
絼 ㄣ
綌 ㄧ
綔 ㄨ
綄 ㄢ
絽 ㄩ
綒 ㄨ
罭 ㄩ
罫 ㄚ
罧 ㄣ
罨 ㄢ
罬 ㄛ
羦 ㄢ
羥 ㄢ
羧 ㄟ
翛 ㄨ
翜 ㄜ
耡 ㄨ
腤 ㄢ
腠 ㄡ
腷 ㄧ
腜 ㄟ
腩 ㄢ
腛 ㄨ
腢 ㄡ
腲 ㄟ
朡 ㄥ
腞 ㄢ
腶 ㄢ
腧 ㄩ
腯 ㄨ
腄 ㄟ
腡 ㄚ
舝 ㄚ
艉 ㄟ
艄 ㄠ
艀 ㄨ
艂 ㄥ
艅 ㄩ
蓱 ㄥ
萿 ㄛ
葖 ㄨ
葶 ㄥ
葹 ㄕ
蒍 ㄟ
葥 ㄢ
葑 ㄥ
葀 ㄚ
蒆 ㄥ
葧 ㄛ
萰 ㄢ
葍 ㄨ
葽 ㄠ
葚 ㄣ
葙 ㄤ
葴 ㄢ
葳 ㄟ
葝 ㄥ
蔇 ㄧ
葞 ㄧ
萷 ㄠ
萺 ㄠ
萴 ㄜ
葺 ㄧ
葃 ㄛ
葸 ㄧ
萲 ㄢ
葅 ㄩ
萩 ㄡ
菙 ㄟ
葋 ㄩ
萯 ㄨ
葂 ㄢ
萭 ㄩ
葟 ㄤ
葰 ㄣ
萹 ㄢ
葎 ㄩ
葌 ㄢ
葒 ㄥ
葯 ㄠ
蓅 ㄡ
蒎 ㄞ
萻 ㄢ
葇 ㄡ
萶 ㄣ
萳 ㄢ
葨 ㄟ
葾 ㄢ
葄 ㄛ
萫 ㄤ
葠 ㄣ
葔 ㄡ
葮 ㄢ
葐 ㄣ
蜋 ㄤ
蜄 ㄣ
蛷 ㄡ
蜌 ㄧ
蛺 ㄚ
蛖 ㄤ
蛵 ㄥ
蝍 ㄝ
蛸 ㄠ
蜎 ㄢ
蜉 ㄨ
蜁 ㄢ
蛶 ㄝ
蜍 ㄨ
蜅 ㄨ
裖 ㄣ
裋 ㄨ
裍 ㄣ
裎 ㄥ
裞 ㄟ
裛 ㄧ
裚 ㄧ
裌 ㄚ
裐 ㄢ
覛 ㄛ
觟 ㄚ
觥 ㄥ
觤 ㄟ
觡 ㄜ
觠 ㄢ
觢 ㄓ
觜 ㄟ
触 ㄥ
詶 ㄡ
誆 ㄤ
詿 ㄚ
詡 ㄩ
訿 ㄗ
詷 ㄥ
誂 ㄠ
誄 ㄟ
詵 ㄣ
誃 ㄔ
誁 ㄥ
詴 ㄟ
詺 ㄥ
谼 ㄥ
豋 ㄥ
豊 ㄧ
豥 ㄞ
豤 ㄣ
豦 ㄩ
貆 ㄢ
貄 ㄙ
貅 ㄡ
賌 ㄞ
赨 ㄥ
赩 ㄧ
趑 ㄗ
趌 ㄝ
趎 ㄨ
趏 ㄚ
趍 ㄔ
趓 ㄛ
趔 ㄝ
趐 ㄝ
趒 ㄠ
跰 ㄥ
跠 ㄧ
跬 ㄟ
跱 ㄓ
跮 ㄔ
跐 ㄘ
跩 ㄕ
跣 ㄢ
跢 ㄞ
跧 ㄢ
跲 ㄚ
跫 ㄥ
跴 ㄞ
輆 ㄞ
軿 ㄥ
輁 ㄥ
輀 ㄦ
輅 ㄨ
輇 ㄢ
輈 ㄡ
輂 ㄩ
輋 ㄩ
遒 ㄡ
逿 ㄤ
遄 ㄢ
遉 ㄣ
逽 ㄛ
鄐 ㄨ
鄍 ㄥ
鄏 ㄨ
鄑 ㄗ
鄖 ㄣ
鄔 ㄨ
鄋 ㄡ
鄎 ㄧ
酮 ㄥ
酯 ㄓ
鉈 ㄛ
鉒 ㄨ
鈰 ㄕ
鈺 ㄩ
鉦 ㄥ
鈳 ㄜ
鉥 ㄨ
鉞 ㄝ
銃 ㄥ
鈮 ㄧ
鉊 ㄠ
鉆 ㄢ
鉭 ㄢ
鉬 ㄨ
鉏 ㄨ
鉠 ㄤ
鉧 ㄨ
鉯 ㄧ
鈶 ㄧ
鉡 ㄢ
鉰 ㄙ
鈱 ㄣ
鉔 ㄚ
鉣 ㄝ
鉐 ㄕ
鉲 ㄚ
鉎 ㄥ
鉓 ㄔ
鉌 ㄜ
鉖 ㄥ
鈲 ㄨ
閟 ㄧ
閜 ㄜ
閞 ㄢ
閛 ㄥ
隒 ㄢ
隓 ㄟ
隑 ㄞ
隗 ㄟ
雎 ㄩ
雺 ㄥ
雽 ㄩ
雵 ㄤ
靳 ㄣ
靷 ㄣ
靸 ㄚ
靲 ㄣ
頏 ㄤ
頍 ㄟ
頎 ㄧ
颬 ㄚ
飶 ㄧ
飹 ㄡ
馯 ㄢ
馲 ㄛ
馰 ㄧ
馵 ㄨ
骭 ㄢ
骫 ㄟ
魛 ㄠ
鳪 ㄨ
鳭 ㄠ
鳧 ㄨ
麀 ㄡ
黽 ㄣ
僦 ㄡ
僔 ㄣ
僗 ㄠ
僨 ㄣ
僳 ㄨ
僛 ㄧ
僪 ㄝ
僝 ㄢ
僤 ㄢ
僓 ㄟ
僬 ㄠ
僰 ㄛ
僯 ㄣ
僣 ㄝ
僠 ㄢ
凘 ㄙ
劀 ㄚ
劁 ㄠ
勩 ㄧ
勫 ㄢ
匰 ㄢ
厬 ㄟ
嘧 ㄧ
嘕 ㄢ
嘌 ㄠ
嘒 ㄟ
嗼 ㄛ
嘏 ㄨ
嘜 ㄛ
嘁 ㄧ
嘓 ㄛ
嘂 ㄠ
嗺 ㄟ
嘝 ㄨ
嘄 ㄠ
嗿 ㄢ
嗹 ㄢ
墉 ㄥ
塼 ㄢ
墐 ㄣ
墘 ㄧ
墆 ㄧ
墁 ㄢ
塿 ㄡ
塴 ㄥ
墋 ㄣ
塺 ㄟ
墇 ㄤ
墑 ㄧ
墎 ㄛ
塶 ㄨ
墂 ㄠ
墈 ㄢ
塻 ㄛ
墔 ㄟ
墏 ㄤ
壾 ㄤ
奫 ㄣ
嫜 ㄤ
嫮 ㄨ
嫥 ㄢ
嫕 ㄧ
嫪 ㄠ
嫚 ㄢ
嫭 ㄨ
嫫 ㄛ
嫳 ㄧ
嫢 ㄟ
嫠 ㄧ
嫛 ㄧ
嫬 ㄜ
嫞 ㄥ
嫝 ㄤ
嫙 ㄢ
嫨 ㄢ
嫟 ㄧ
孷 ㄧ
寠 ㄩ
寣 ㄨ
屣 ㄧ
嶂 ㄤ
嶀 ㄝ
嵽 ㄧ
嶆 ㄠ
嵺 ㄠ
嶁 ㄡ
嵷 ㄥ
嶊 ㄟ
嶉 ㄟ
嶈 ㄤ
嵾 ㄣ
嵼 ㄢ
嶍 ㄧ
嵹 ㄤ
嵿 ㄥ
幘 ㄜ
幙 ㄨ
幓 ㄣ
廘 ㄨ
廑 ㄣ
廗 ㄞ
廎 ㄥ
廜 ㄨ
廕 ㄣ
廙 ㄧ
廒 ㄠ
廔 ㄡ
彄 ㄡ
彃 ㄧ
彯 ㄠ
徶 ㄝ
愬 ㄨ
愨 ㄝ
慁 ㄣ
慞 ㄤ
慱 ㄢ
慳 ㄢ
慒 ㄥ
慓 ㄠ
慲 ㄢ
慬 ㄣ
憀 ㄠ
慴 ㄜ
慔 ㄛ
慺 ㄩ
慥 ㄠ
愻 ㄣ
慪 ㄡ
慡 ㄤ
慖 ㄛ
戩 ㄢ
戧 ㄤ
戫 ㄩ
搫 ㄢ
摍 ㄛ
摛 ㄔ
摝 ㄨ
摴 ㄨ
摶 ㄢ
摲 ㄢ
摳 ㄡ
摽 ㄠ
摵 ㄛ
摦 ㄚ
撦 ㄜ
摎 ㄠ
撂 ㄝ
摞 ㄛ
摜 ㄢ
摋 ㄚ
摓 ㄥ
摠 ㄥ
摐 ㄤ
摿 ㄣ
搿 ㄜ
摬 ㄥ
摫 ㄟ
摙 ㄢ
摥 ㄤ
摷 ㄠ
敳 ㄞ
斠 ㄠ
暡 ㄥ
暠 ㄠ
暟 ㄞ
朅 ㄝ
朄 ㄣ
朢 ㄤ
榱 ㄟ
榶 ㄤ
槉 ㄧ
榠 ㄥ
槎 ㄚ
榖 ㄨ
榰 ㄓ
榬 ㄢ
榼 ㄜ
榑 ㄨ
榙 ㄚ
榎 ㄚ
榧 ㄟ
榍 ㄝ
榩 ㄢ
榾 ㄨ
榯 ㄕ
榿 ㄧ
槄 ㄠ
榽 ㄧ
榤 ㄝ
槔 ㄠ
榹 ㄙ
槊 ㄛ
榚 ㄠ
槏 ㄢ
榳 ㄥ
榓 ㄧ
榪 ㄚ
榡 ㄨ
榞 ㄢ
槙 ㄢ
榗 ㄣ
榐 ㄢ
槂 ㄣ
榵 ㄥ
榥 ㄤ
槆 ㄣ
歊 ㄠ
歍 ㄨ
歋 ㄧ
殞 ㄣ
殟 ㄣ
殠 ㄡ
毃 ㄝ
毄 ㄧ
毾 ㄚ
滎 ㄥ
滵 ㄧ
滱 ㄡ
漃 ㄧ
漥 ㄚ
滸 ㄨ
漷 ㄛ
滻 ㄢ
漮 ㄤ
漉 ㄨ
潎 ㄧ
漙 ㄢ
漚 ㄡ
漧 ㄢ
漘 ㄣ
漻 ㄠ
漒 ㄤ
滭 ㄧ
漊 ㄡ
漶 ㄢ
潳 ㄨ
滹 ㄨ
滮 ㄠ
漭 ㄤ
潀 ㄥ
漰 ㄥ
漼 ㄟ
漵 ㄩ
滫 ㄡ
漇 ㄧ
漎 ㄥ
潃 ㄡ
漅 ㄠ
滽 ㄥ
滶 ㄠ
漹 ㄢ
漜 ㄝ
滼 ㄢ
漺 ㄤ
漟 ㄤ
漍 ㄛ
漞 ㄧ
漈 ㄧ
漡 ㄤ
熇 ㄜ
熐 ㄥ
熉 ㄣ
熀 ㄤ
熅 ㄣ
熂 ㄧ
熏 ㄣ
煻 ㄤ
熆 ㄜ
熁 ㄝ
熗 ㄤ
牄 ㄤ
牓 ㄤ
犗 ㄝ
犕 ㄟ
犓 ㄨ
獃 ㄞ
獍 ㄥ
獑 ㄢ
獌 ㄢ
瑢 ㄥ
瑳 ㄛ
瑱 ㄢ
瑵 ㄠ
瑲 ㄤ
瑧 ㄣ
瑮 ㄧ
甀 ㄟ
甂 ㄢ
甃 ㄡ
畽 ㄣ
疐 ㄓ
瘖 ㄣ
瘈 ㄧ
瘌 ㄚ
瘕 ㄚ
瘑 ㄚ
瘊 ㄡ
瘔 ㄨ
皸 ㄣ
瞁 ㄩ
睼 ㄧ
瞅 ㄡ
瞂 ㄚ
睮 ㄩ
瞀 ㄠ
睯 ㄣ
睾 ㄠ
瞃 ㄣ
碲 ㄧ
碪 ㄣ
碴 ㄚ
碭 ㄤ
碨 ㄟ
硾 ㄟ
碫 ㄢ
碞 ㄢ
碥 ㄢ
碠 ㄥ
碬 ㄚ
碢 ㄛ
碤 ㄥ
禘 ㄧ
禊 ㄧ
禋 ㄣ
禖 ㄟ
禕 ㄧ
禔 ㄧ
禓 ㄤ
禗 ㄙ
禈 ㄟ
禒 ㄢ
禐 ㄢ
稫 ㄧ
穊 ㄧ
稰 ㄩ
稯 ㄥ
稨 ㄢ
稦 ㄧ
窨 ㄣ
窫 ㄚ
窬 ㄩ
竮 ㄥ
箈 ㄔ
箜 ㄥ
箊 ㄩ
箑 ㄚ
箐 ㄥ
箖 ㄣ
箍 ㄨ
箌 ㄠ
箛 ㄨ
箎 ㄔ
箅 ㄧ
箘 ㄣ
劄 ㄚ
箙 ㄨ
箤 ㄩ
箂 ㄞ
粻 ㄤ
粿 ㄛ
粼 ㄣ
粺 ㄞ
綧 ㄣ
綷 ㄟ
緂 ㄢ
綣 ㄢ
綪 ㄢ
緁 ㄝ
緀 ㄝ
緅 ㄡ
綝 ㄣ
緎 ㄩ
緄 ㄣ
緆 ㄧ
緋 ㄟ
緌 ㄟ
綯 ㄠ
綹 ㄡ
綖 ㄢ
綼 ㄟ
綟 ㄧ
綦 ㄧ
綮 ㄧ
綩 ㄢ
綡 ㄤ
緉 ㄤ
罳 ㄙ
翢 ㄠ
翣 ㄚ
翥 ㄨ
翞 ㄤ
耤 ㄧ
聝 ㄛ
聜 ㄧ
膉 ㄧ
膆 ㄨ
膃 ㄚ
膇 ㄟ
膍 ㄧ
膌 ㄧ
膋 ㄠ
舕 ㄢ
蒗 ㄤ
蒤 ㄨ
蒡 ㄤ
蒟 ㄩ
蒺 ㄧ
蓎 ㄤ
蓂 ㄥ
蒬 ㄢ
蒮 ㄩ
蒫 ㄛ
蒹 ㄢ
蒴 ㄛ
蓁 ㄣ
蓍 ㄕ
蒪 ㄛ
蒚 ㄜ
蒱 ㄨ
蓐 ㄨ
蒝 ㄢ
蒧 ㄣ
蒻 ㄛ
蒢 ㄨ
蒔 ㄕ
蓇 ㄨ
蓌 ㄛ
蒛 ㄝ
蒩 ㄨ
蒯 ㄞ
蒨 ㄢ
蓖 ㄧ
蒘 ㄨ
蒶 ㄣ
蓏 ㄛ
蒠 ㄧ
蓗 ㄥ
蓔 ㄠ
蓒 ㄢ
蓛 ㄜ
蒰 ㄢ
蒑 ㄣ
虡 ㄩ
蜳 ㄣ
蜣 ㄤ
蜨 ㄝ
蝫 ㄨ
蝀 ㄥ
蜮 ㄩ
蜞 ㄧ
蜡 ㄚ
蜙 ㄥ
蜛 ㄩ
蝃 ㄛ
蜬 ㄢ
蝁 ㄜ
蜾 ㄛ
蝆 ㄤ
蜠 ㄣ
蜲 ㄟ
蜪 ㄠ
蜭 ㄢ
蜼 ㄟ
蜒 ㄢ
蜺 ㄧ
蜱 ㄧ
蜵 ㄢ
蝂 ㄢ
蜦 ㄣ
蜧 ㄧ
蜸 ㄢ
蜤 ㄙ
蜚 ㄟ
蜰 ㄟ
蜑 ㄢ
裷 ㄢ
裧 ㄢ
裱 ㄠ
裲 ㄤ
裺 ㄢ
裾 ㄩ
裮 ㄤ
裼 ㄧ
裶 ㄟ
裻 ㄨ
裰 ㄛ
裬 ㄥ
裫 ㄢ
覝 ㄢ
覡 ㄧ
覟 ㄓ
覞 ㄠ
觩 ㄡ
觫 ㄨ
觨 ㄢ
誫 ㄣ
誙 ㄥ
誋 ㄧ
誒 ㄞ
誏 ㄤ
誖 ㄟ
谽 ㄢ
豨 ㄧ
豩 ㄣ
賕 ㄡ
賏 ㄥ
賗 ㄢ
趖 ㄛ
踉 ㄤ
踂 ㄝ
跿 ㄨ
踍 ㄠ
跽 ㄧ
踊 ㄥ
踃 ㄠ
踇 ㄡ
踆 ㄣ
踅 ㄝ
跾 ㄨ
踀 ㄨ
踄 ㄛ
輐 ㄢ
輑 ㄣ
輎 ㄠ
輍 ㄩ
鄣 ㄤ
鄜 ㄨ
鄠 ㄨ
鄢 ㄢ
鄟 ㄢ
鄝 ㄠ
鄚 ㄛ
鄤 ㄢ
鄡 ㄠ
鄛 ㄠ
酺 ㄨ
酲 ㄥ
酹 ㄟ
酳 ㄣ
銥 ㄧ
銤 ㄧ
鉶 ㄥ
銛 ㄢ
鉺 ㄦ
銠 ㄠ
銔 ㄧ
銪 ㄡ
銍 ㄓ
銦 ㄣ
銚 ㄠ
銫 ㄜ
鉹 ㄔ
銗 ㄡ
鉿 ㄚ
銣 ㄨ
鋮 ㄥ
銎 ㄥ
銂 ㄡ
銕 ㄧ
銢 ㄥ
鉽 ㄕ
銈 ㄟ
銡 ㄧ
銊 ㄩ
銆 ㄛ
銌 ㄣ
銙 ㄚ
銧 ㄤ
鉾 ㄡ
銇 ㄟ
銩 ㄡ
銝 ㄡ
銋 ㄣ
鈭 ㄗ
隞 ㄠ
隡 ㄚ
雿 ㄠ
靘 ㄥ
靽 ㄢ
靺 ㄛ
靾 ㄧ
鞃 ㄥ
鞀 ㄠ
鞂 ㄚ
靻 ㄨ
鞄 ㄠ
鞁 ㄛ
靿 ㄠ
韎 ㄟ
韍 ㄨ
頖 ㄢ
颭 ㄢ
颮 ㄠ
餂 ㄢ
餀 ㄞ
餇 ㄥ
馝 ㄧ
馜 ㄧ
駃 ㄞ
馹 ㄖ
馻 ㄣ
馺 ㄚ
駂 ㄠ
馽 ㄓ
駇 ㄣ
骱 ㄝ
髣 ㄤ
髧 ㄢ
鬾 ㄧ
鬿 ㄧ
魠 ㄛ
魡 ㄠ
魟 ㄥ
鳱 ㄢ
鳲 ㄕ
鳵 ㄠ
麧 ㄜ
僿 ㄞ
儃 ㄢ
儰 ㄟ
僸 ㄣ
儆 ㄥ
儇 ㄢ
僶 ㄣ
僾 ㄞ
儋 ㄢ
儌 ㄠ
僽 ㄡ
儊 ㄨ
劋 ㄠ
劌 ㄟ
勱 ㄞ
勯 ㄢ
噈 ㄨ
噂 ㄣ
噌 ㄥ
嘵 ㄠ
噁 ㄨ
噊 ㄩ
噉 ㄢ
噆 ㄢ
噘 ㄝ
噚 ㄣ
噀 ㄣ
嘳 ㄟ
嘽 ㄢ
嘬 ㄞ
嘾 ㄢ
嘸 ㄨ
嘪 ㄞ
嘺 ㄠ
圚 ㄟ
墫 ㄣ
墝 ㄠ
墱 ㄥ
墠 ㄢ
墣 ㄨ
墯 ㄛ
墬 ㄟ
墥 ㄥ
墡 ㄢ
壿 ㄣ
嫿 ㄚ
嫴 ㄨ
嫽 ㄠ
嫷 ㄛ
嫶 ㄠ
嬃 ㄩ
嫸 ㄢ
嬂 ㄓ
嫹 ㄠ
嬁 ㄥ
嬇 ㄟ
嬅 ㄚ
嬏 ㄢ
屧 ㄝ
嶙 ㄣ
嶗 ㄠ
嶟 ㄣ
嶒 ㄥ
嶢 ㄠ
嶓 ㄛ
嶕 ㄠ
嶠 ㄠ
嶜 ㄣ
嶡 ㄟ
嶚 ㄠ
嶞 ㄛ
幩 ㄣ
幝 ㄢ
幠 ㄨ
幜 ㄥ
緳 ㄝ
廛 ㄢ
廞 ㄣ
廡 ㄨ
彉 ㄤ
徲 ㄔ
憋 ㄝ
憃 ㄤ
慹 ㄓ
憱 ㄡ
憰 ㄝ
憢 ㄠ
憉 ㄥ
憛 ㄢ
憓 ㄟ
憯 ㄢ
憭 ㄠ
憟 ㄨ
憒 ㄟ
憪 ㄢ
憡 ㄜ
憍 ㄠ
慦 ㄡ
憳 ㄢ
戭 ㄢ
摮 ㄠ
摰 ㄔ
撖 ㄢ
撠 ㄧ
撅 ㄝ
撗 ㄤ
撜 ㄥ
撏 ㄣ
撋 ㄢ
撊 ㄢ
撌 ㄟ
撣 ㄢ
撟 ㄠ
撱 ㄛ
撘 ㄚ
敶 ㄣ
敺 ㄩ
敹 ㄠ
敻 ㄢ
斲 ㄛ
斳 ㄣ
暵 ㄢ
暰 ㄥ
暩 ㄟ
暲 ㄤ
暷 ㄢ
暯 ㄛ
樀 ㄧ
樆 ㄧ
樗 ㄨ
槥 ㄟ
槸 ㄧ
樕 ㄨ
槱 ㄡ
槤 ㄢ
樠 ㄣ
槿 ㄣ
槬 ㄚ
槢 ㄧ
樛 ㄡ
樝 ㄚ
槾 ㄢ
樧 ㄚ
槲 ㄨ
槮 ㄣ
樔 ㄠ
槷 ㄧ
槧 ㄢ
橀 ㄧ
樈 ㄥ
槦 ㄥ
槻 ㄟ
樍 ㄧ
槼 ㄟ
槫 ㄢ
樉 ㄤ
樄 ㄣ
樘 ㄤ
樥 ㄥ
樏 ㄟ
槶 ㄟ
樦 ㄨ
樇 ㄡ
槴 ㄨ
樖 ㄜ
歑 ㄨ
殥 ㄣ
殣 ㄣ
殢 ㄧ
殦 ㄠ
氁 ㄨ
氀 ㄩ
毿 ㄢ
氂 ㄧ
潁 ㄥ
漦 ㄧ
潾 ㄣ
澇 ㄠ
濆 ㄣ
澒 ㄥ
澍 ㄨ
澉 ㄢ
澌 ㄙ
潢 ㄤ
潏 ㄝ
澅 ㄚ
潚 ㄠ
澖 ㄢ
潶 ㄟ
潬 ㄢ
澂 ㄥ
潕 ㄨ
潲 ㄠ
潒 ㄤ
潐 ㄠ
潗 ㄧ
澔 ㄠ
澓 ㄨ
潝 ㄧ
漀 ㄥ
潡 ㄣ
潫 ㄢ
潽 ㄨ
潧 ㄣ
澐 ㄣ
潓 ㄟ
澋 ㄥ
潩 ㄧ
潿 ㄟ
澕 ㄜ
潣 ㄣ
潷 ㄧ
潪 ㄧ
潻 ㄨ
熲 ㄥ
熯 ㄢ
熛 ㄠ
熰 ㄡ
熠 ㄧ
熚 ㄧ
熩 ㄨ
熵 ㄧ
熝 ㄨ
熥 ㄥ
熞 ㄢ
熤 ㄧ
熡 ㄡ
熪 ㄧ
熜 ㄥ
熧 ㄥ
熳 ㄢ
犘 ㄚ
犚 ㄟ
獘 ㄧ
獒 ㄠ
獞 ㄥ
獟 ㄠ
獠 ㄠ
獝 ㄩ
獛 ㄨ
獡 ㄛ
獚 ㄤ
獙 ㄧ
獢 ㄠ
璇 ㄢ
璉 ㄢ
璊 ㄢ
璆 ㄡ
璁 ㄥ
瑽 ㄥ
璅 ㄛ
璈 ㄠ
瑼 ㄢ
瑹 ㄨ
甈 ㄧ
甇 ㄥ
畾 ㄟ
瘥 ㄛ
瘞 ㄧ
瘙 ㄠ
瘝 ㄢ
瘜 ㄧ
瘣 ㄟ
瘚 ㄝ
瘨 ㄢ
瘛 ㄔ
皜 ㄠ
皝 ㄤ
皞 ㄠ
皛 ㄥ
瞍 ㄡ
瞏 ㄥ
瞉 ㄡ
瞈 ㄥ
磍 ㄚ
碻 ㄝ
磏 ㄢ
磌 ㄢ
磑 ㄟ
磎 ㄧ
磔 ㄜ
磈 ㄟ
磃 ㄙ
磄 ㄤ
磉 ㄤ
禚 ㄛ
禡 ㄚ
禠 ㄙ
禜 ㄥ
禢 ㄚ
禛 ㄣ
歶 ㄩ
稹 ㄣ
窲 ㄠ
窴 ㄢ
窳 ㄩ
箷 ㄕ
篋 ㄝ
箾 ㄛ
箬 ㄛ
篎 ㄠ
箯 ㄢ
箹 ㄝ
篊 ㄥ
箵 ㄥ
糅 ㄡ
糈 ㄩ
糌 ㄢ
糋 ㄢ
緷 ㄣ
緛 ㄢ
緪 ㄥ
緧 ㄡ
緗 ㄤ
緡 ㄣ
縃 ㄩ
緺 ㄚ
緦 ㄙ
緶 ㄢ
緱 ㄡ
緰 ㄩ
緮 ㄨ
緟 ㄥ
罶 ㄡ
羬 ㄢ
羰 ㄢ
羭 ㄩ
翭 ㄡ
翫 ㄢ
翪 ㄥ
翬 ㄟ
翦 ㄢ
翨 ㄕ
聤 ㄥ
聧 ㄟ
膣 ㄓ
膟 ㄩ
膞 ㄢ
膕 ㄛ
膢 ㄩ
膙 ㄤ
舖 ㄨ
艏 ㄡ
艓 ㄝ
艒 ㄠ
艐 ㄥ
艎 ㄤ
艑 ㄢ
蔤 ㄧ
蔻 ㄡ
蔏 ㄤ
蔀 ㄨ
蔩 ㄣ
蔎 ㄜ
蔉 ㄣ
蔍 ㄨ
蔟 ㄨ
蔊 ㄢ
蔧 ㄟ
蔜 ㄠ
蓻 ㄧ
蔫 ㄢ
蓺 ㄧ
蔈 ㄠ
蔌 ㄨ
蓴 ㄣ
蔪 ㄢ
蓲 ㄡ
蔕 ㄧ
蓷 ㄟ
蓫 ㄨ
蓳 ㄣ
蓼 ㄨ
蔒 ㄣ
蓪 ㄥ
蓩 ㄨ
蔖 ㄛ
蓾 ㄨ
蔨 ㄣ
蔝 ㄧ
蔮 ㄟ
蔂 ㄛ
蓽 ㄧ
蔞 ㄡ
蓶 ㄟ
蔱 ㄚ
蔦 ㄠ
蓧 ㄠ
蓨 ㄡ
蓰 ㄧ
蓯 ㄥ
蓹 ㄩ
蔘 ㄣ
蔠 ㄥ
蔰 ㄨ
蔋 ㄧ
蔙 ㄢ
蔯 ㄣ
虢 ㄛ
蝖 ㄢ
蝣 ㄡ
蝤 ㄡ
蝷 ㄧ
蟡 ㄟ
蝳 ㄨ
蝘 ㄢ
蝔 ㄝ
蝛 ㄟ
蝒 ㄢ
蝡 ㄢ
蝚 ㄡ
蝑 ㄩ
蝞 ㄟ
蝭 ㄧ
蝪 ㄤ
蝐 ㄞ
蝎 ㄝ
蝟 ㄟ
蝝 ㄢ
蝯 ㄢ
蝬 ㄥ
蝺 ㄩ
蝮 ㄨ
蝜 ㄨ
蝥 ㄡ
蝏 ㄥ
蝻 ㄢ
蝵 ㄡ
蝢 ㄝ
蝧 ㄥ
蝩 ㄥ
衚 ㄨ
褅 ㄧ
褌 ㄟ
褔 ㄨ
褋 ㄝ
褗 ㄢ
褘 ㄟ
褙 ㄟ
褆 ㄕ
褖 ㄢ
褑 ㄢ
褎 ㄡ
褉 ㄧ
覢 ㄢ
覤 ㄧ
覣 ㄟ
觭 ㄧ
觰 ㄨ
觬 ㄧ
諏 ㄡ
諆 ㄧ
誸 ㄢ
諓 ㄢ
諑 ㄛ
諔 ㄨ
諕 ㄠ
誻 ㄚ
諗 ㄣ
誾 ㄣ
諀 ㄧ
諅 ㄧ
諘 ㄠ
諃 ㄣ
誺 ㄔ
誽 ㄚ
諙 ㄞ
谾 ㄥ
豍 ㄧ
貏 ㄧ
賥 ㄟ
賟 ㄢ
賙 ㄡ
賨 ㄥ
賚 ㄞ
賝 ㄣ
賧 ㄢ
趠 ㄛ
趜 ㄩ
趡 ㄟ
趛 ㄣ
踠 ㄢ
踣 ㄛ
踥 ㄝ
踤 ㄨ
踮 ㄢ
踕 ㄝ
踛 ㄨ
踖 ㄧ
踑 ㄧ
踙 ㄩ
踦 ㄧ
踧 ㄨ
踔 ㄛ
踒 ㄛ
踘 ㄩ
踓 ㄟ
踜 ㄥ
踗 ㄝ
踚 ㄣ
輬 ㄤ
輤 ㄢ
輘 ㄥ
輚 ㄢ
輠 ㄛ
輣 ㄥ
輖 ㄡ
輗 ㄧ
遳 ㄛ
遰 ㄓ
遯 ㄣ
遧 ㄤ
遫 ㄨ
鄯 ㄢ
鄫 ㄥ
鄩 ㄣ
鄪 ㄧ
鄲 ㄢ
鄦 ㄩ
鄮 ㄠ
醅 ㄟ
醆 ㄢ
醊 ㄛ
醁 ㄨ
醂 ㄢ
醄 ㄠ
醀 ㄟ
鋐 ㄥ
鋃 ㄤ
鋄 ㄢ
鋀 ㄡ
鋙 ㄨ
銶 ㄡ
鋏 ㄚ
鋱 ㄜ
鋟 ㄣ
鋘 ㄨ
鋩 ㄤ
鋗 ㄢ
鋝 ㄝ
鋌 ㄥ
鋯 ㄠ
鋂 ㄟ
鋨 ㄜ
鋊 ㄩ
鋈 ㄨ
鋎 ㄢ
鋦 ㄩ
鋍 ㄛ
鋕 ㄓ
鋉 ㄨ
鋠 ㄣ
鋞 ㄥ
鋧 ㄢ
鋑 ㄢ
鋓 ㄢ
銵 ㄥ
鋡 ㄢ
鋆 ㄣ
銴 ㄕ
镼 ㄩ
閬 ㄤ
閫 ㄣ
閮 ㄥ
閰 ㄢ
隤 ㄟ
隢 ㄠ
雓 ㄩ
霅 ㄚ
霈 ㄟ
霂 ㄨ
靚 ㄥ
鞊 ㄧ
鞎 ㄣ
鞈 ㄚ
韐 ㄜ
韏 ㄢ
頞 ㄜ
頝 ㄠ
頦 ㄞ
頩 ㄥ
頨 ㄢ
頠 ㄟ
頛 ㄟ
頧 ㄟ
颲 ㄝ
餈 ㄘ
飺 ㄘ
餑 ㄛ
餔 ㄨ
餖 ㄡ
餗 ㄨ
餕 ㄣ
駜 ㄧ
駍 ㄥ
駏 ㄩ
駓 ㄧ
駎 ㄡ
駉 ㄥ
駖 ㄥ
駘 ㄞ
駋 ㄠ
駗 ㄣ
駌 ㄢ
骳 ㄧ
髬 ㄧ
髫 ㄠ
髳 ㄠ
髲 ㄧ
髱 ㄠ
魆 ㄩ
魃 ㄚ
魧 ㄤ
魴 ㄤ
魱 ㄨ
魦 ㄚ
魶 ㄚ
魵 ㄣ
魰 ㄣ
魨 ㄣ
魤 ㄜ
魬 ㄢ
鳼 ㄣ
鳺 ㄨ
鳽 ㄢ
鳿 ㄩ
鳷 ㄓ
鴇 ㄠ
鴀 ㄡ
鳹 ㄢ
鳻 ㄣ
鴈 ㄢ
鴅 ㄢ
鴄 ㄧ
麃 ㄠ
黓 ㄧ
鼏 ㄧ
鼐 ㄞ
儜 ㄥ
儓 ㄞ
儗 ㄧ
儚 ㄥ
儑 ㄢ
凞 ㄧ
叡 ㄟ
噰 ㄥ
噠 ㄚ
噮 ㄢ
噳 ㄩ
噦 ㄝ
噣 ㄡ
噭 ㄠ
噲 ㄞ
噞 ㄢ
噷 ㄣ
圜 ㄢ
圛 ㄧ
壈 ㄢ
墽 ㄠ
壉 ㄩ
墿 ㄧ
墺 ㄠ
壂 ㄢ
墼 ㄧ
壆 ㄝ
嬗 ㄢ
嬙 ㄤ
嬛 ㄥ
嬡 ㄞ
嬔 ㄢ
嬓 ㄢ
嬐 ㄢ
嬖 ㄧ
嬨 ㄘ
嬚 ㄢ
嬠 ㄢ
嬞 ㄥ
寯 ㄣ
嶬 ㄧ
嶱 ㄜ
嶩 ㄠ
嶧 ㄧ
嶵 ㄟ
嶰 ㄝ
嶮 ㄢ
嶪 ㄝ
嶨 ㄝ
嶲 ㄟ
嶭 ㄜ
嶯 ㄧ
嶴 ㄠ
幧 ㄠ
幨 ㄢ
幦 ㄧ
幯 ㄝ
廩 ㄣ
廧 ㄤ
廦 ㄧ
廨 ㄝ
廥 ㄞ
彋 ㄥ
徼 ㄠ
憝 ㄟ
憨 ㄢ
憖 ㄣ
懅 ㄩ
憴 ㄥ
懆 ㄠ
懁 ㄢ
懌 ㄧ
憺 ㄢ
憿 ㄠ
憸 ㄢ
憌 ㄣ
擗 ㄧ
擖 ㄜ
擐 ㄢ
擏 ㄥ
擉 ㄛ
撽 ㄠ
撉 ㄣ
擛 ㄝ
擳 ㄝ
擙 ㄠ
攳 ㄣ
敿 ㄠ
敼 ㄧ
斢 ㄡ
曈 ㄥ
暾 ㄣ
曀 ㄧ
曊 ㄟ
曋 ㄣ
曏 ㄤ
暽 ㄣ
暻 ㄥ
暺 ㄢ
曌 ㄠ
朣 ㄥ
樴 ㄓ
橦 ㄥ
橉 ㄣ
橧 ㄥ
樲 ㄦ
橨 ㄣ
樾 ㄝ
橝 ㄢ
橭 ㄨ
橶 ㄧ
橛 ㄝ
橑 ㄠ
樨 ㄧ
橚 ㄨ
樻 ㄟ
樿 ㄢ
橁 ㄣ
橪 ㄢ
橤 ㄟ
橐 ㄛ
橏 ㄢ
橔 ㄟ
橯 ㄠ
橩 ㄥ
橠 ㄛ
樼 ㄣ
橞 ㄟ
橖 ㄤ
橕 ㄥ
橍 ㄣ
橎 ㄢ
橆 ㄨ
歕 ㄣ
歔 ㄩ
歖 ㄧ
殧 ㄨ
殪 ㄧ
殫 ㄢ
毈 ㄢ
毇 ㄟ
氄 ㄥ
氃 ㄥ
氆 ㄤ
澭 ㄥ
濋 ㄨ
澣 ㄢ
濇 ㄜ
澼 ㄧ
濎 ㄥ
濈 ㄧ
潞 ㄨ
濄 ㄛ
澽 ㄩ
澞 ㄩ
濊 ㄟ
澨 ㄕ
瀄 ㄝ
澥 ㄝ
澮 ㄞ
澺 ㄧ
澬 ㄗ
澪 ㄥ
濏 ㄜ
澿 ㄣ
澸 ㄢ
澢 ㄤ
濉 ㄟ
澫 ㄢ
濍 ㄥ
澯 ㄢ
澲 ㄝ
澰 ㄢ
燅 ㄢ
燂 ㄢ
熿 ㄤ
熸 ㄢ
燖 ㄣ
燀 ㄢ
燁 ㄝ
燋 ㄠ
燔 ㄢ
燊 ㄣ
燇 ㄣ
燏 ㄩ
熽 ㄠ
燘 ㄟ
熼 ㄧ
燆 ㄠ
燚 ㄧ
燛 ㄥ
犝 ㄥ
犞 ㄜ
獩 ㄟ
獦 ㄜ
獧 ㄢ
獬 ㄝ
獥 ㄧ
獫 ㄢ
獪 ㄞ
瑿 ㄧ
璚 ㄥ
璠 ㄢ
璔 ㄥ
璒 ㄥ
璕 ㄣ
璡 ㄣ
甋 ㄧ
疀 ㄚ
瘯 ㄨ
瘭 ㄠ
瘱 ㄧ
瘽 ㄣ
瘳 ㄡ
瘼 ㄛ
瘵 ㄞ
瘲 ㄥ
瘰 ㄛ
皻 ㄚ
盦 ㄢ
瞚 ㄣ
瞝 ㄔ
瞡 ㄧ
瞜 ㄡ
瞛 ㄥ
瞢 ㄥ
瞣 ㄢ
瞕 ㄤ
瞙 ㄛ
瞗 ㄠ
磝 ㄠ
磩 ㄧ
磥 ㄟ
磪 ㄟ
磞 ㄥ
磣 ㄣ
磛 ㄢ
磡 ㄢ
磢 ㄤ
磭 ㄛ
磟 ㄨ
磠 ㄨ
禤 ㄢ
穄 ㄧ
穈 ㄣ
穇 ㄢ
窶 ㄩ
窸 ㄧ
窵 ㄠ
窱 ㄠ
窷 ㄠ
篞 ㄝ
篣 ㄤ
篧 ㄛ
篝 ㄡ
篕 ㄜ
篥 ㄧ
篚 ㄟ
篨 ㄨ
篹 ㄢ
篔 ㄣ
篪 ㄔ
篢 ㄥ
篜 ㄥ
篫 ㄨ
篘 ㄡ
篟 ㄢ
糒 ㄟ
糔 ㄡ
糗 ㄡ
糐 ㄨ
糑 ㄛ
縒 ㄛ
縡 ㄞ
縗 ㄟ
縌 ㄧ
縟 ㄨ
縠 ㄨ
縓 ㄢ
縎 ㄨ
縜 ㄣ
縕 ㄣ
縚 ㄠ
縢 ㄥ
縋 ㄟ
縏 ㄢ
縖 ㄚ
縍 ㄤ
縔 ㄤ
縥 ㄣ
縤 ㄨ
罃 ㄥ
罻 ㄟ
罼 ㄧ
罺 ㄠ
羱 ㄢ
翯 ㄜ
耪 ㄤ
耩 ㄡ
聬 ㄥ
膱 ㄓ
膦 ㄢ
膮 ㄠ
膹 ㄣ
膵 ㄟ
膫 ㄠ
膰 ㄢ
膬 ㄟ
膴 ㄨ
膲 ㄠ
膷 ㄣ
膧 ㄥ
臲 ㄝ
艕 ㄤ
艖 ㄚ
艗 ㄧ
蕖 ㄩ
蕅 ㄡ
蕫 ㄥ
蕍 ㄩ
蕓 ㄣ
蕡 ㄣ
蕘 ㄠ
蕀 ㄧ
蕆 ㄢ
蕤 ㄟ
蕁 ㄣ
蕢 ㄟ
蕄 ㄥ
蕑 ㄢ
蕇 ㄢ
蕣 ㄣ
蔾 ㄧ
蕛 ㄧ
蕱 ㄠ
蕎 ㄠ
蕮 ㄧ
蕵 ㄣ
蕕 ㄡ
蕧 ㄨ
蕠 ㄨ
薌 ㄤ
蕦 ㄩ
蕝 ㄝ
蕔 ㄠ
蕥 ㄚ
蕬 ㄙ
虣 ㄠ
虥 ㄢ
虤 ㄢ
螛 ㄜ
螏 ㄧ
螗 ㄤ
螓 ㄣ
螒 ㄢ
螈 ㄢ
螁 ㄟ
螖 ㄚ
螘 ㄧ
蝹 ㄣ
螇 ㄧ
螣 ㄥ
螅 ㄧ
螐 ㄨ
螑 ㄡ
螝 ㄧ
螄 ㄕ
螔 ㄧ
螜 ㄨ
螚 ㄞ
螉 ㄥ
褞 ㄣ
褦 ㄞ
褰 ㄢ
褭 ㄠ
褮 ㄥ
褧 ㄥ
褱 ㄞ
褢 ㄞ
褩 ㄢ
褣 ㄥ
褯 ㄝ
褬 ㄤ
褟 ㄚ
觱 ㄧ
諠 ㄢ
諢 ㄣ
諲 ㄣ
諴 ㄢ
諵 ㄢ
諝 ㄩ
謔 ㄝ
諤 ㄜ
諟 ㄕ
諰 ㄧ
諈 ㄟ
諞 ㄢ
諡 ㄕ
諨 ㄨ
諿 ㄧ
諯 ㄢ
諻 ㄥ
貑 ㄚ
貒 ㄢ
貐 ㄩ
賵 ㄥ
賮 ㄣ
賱 ㄣ
賰 ㄣ
賳 ㄞ
赬 ㄥ
赮 ㄚ
趥 ㄡ
趧 ㄧ
踳 ㄣ
踾 ㄨ
踸 ㄣ
蹀 ㄝ
蹅 ㄚ
踶 ㄧ
踼 ㄤ
踽 ㄩ
蹁 ㄢ
踰 ㄩ
踿 ㄨ
躽 ㄢ
輶 ㄡ
輮 ㄡ
輵 ㄜ
輲 ㄢ
輹 ㄨ
輷 ㄥ
輴 ㄣ
遶 ㄠ
遹 ㄩ
遻 ㄨ
邆 ㄥ
郺 ㄥ
鄳 ㄥ
鄵 ㄠ
鄶 ㄞ
醓 ㄢ
醐 ㄨ
醑 ㄩ
醍 ㄧ
醏 ㄨ
錧 ㄢ
錞 ㄣ
錈 ㄢ
錟 ㄢ
錆 ㄤ
錏 ㄚ
鍺 ㄜ
錸 ㄞ
錼 ㄞ
錛 ㄣ
錣 ㄛ
錒 ㄚ
錁 ㄛ
鍆 ㄣ
錭 ㄠ
錎 ㄢ
錍 ㄧ
鋋 ㄢ
錝 ㄥ
鋺 ㄢ
錥 ㄩ
錓 ㄥ
鋹 ㄤ
鋷 ㄟ
錴 ㄨ
錂 ㄥ
錤 ㄧ
鋿 ㄤ
錩 ㄤ
錹 ㄣ
錵 ㄚ
錪 ㄢ
錔 ㄚ
錌 ㄢ
錋 ㄥ
鋾 ㄠ
錉 ㄣ
錀 ㄣ
鋻 ㄢ
錖 ㄨ
閼 ㄜ
闍 ㄨ
閾 ㄩ
閹 ㄢ
閺 ㄣ
閶 ㄤ
閿 ㄣ
閵 ㄣ
閽 ㄣ
隩 ㄩ
雔 ㄡ
霋 ㄧ
霒 ㄥ
霐 ㄥ
鞙 ㄢ
鞗 ㄠ
鞔 ㄢ
韰 ㄝ
韸 ㄥ
頵 ㄣ
頯 ㄟ
頲 ㄥ
餤 ㄢ
餟 ㄟ
餧 ㄟ
餩 ㄜ
馞 ㄛ
駮 ㄛ
駬 ㄦ
駥 ㄥ
駤 ㄓ
駰 ㄣ
駣 ㄠ
駪 ㄣ
駩 ㄢ
駧 ㄥ
骹 ㄠ
骿 ㄢ
骴 ㄘ
骻 ㄚ
髶 ㄥ
髺 ㄚ
髹 ㄡ
髷 ㄩ
鬳 ㄢ
鮀 ㄛ
鮅 ㄧ
鮇 ㄟ
魼 ㄩ
魾 ㄧ
魻 ㄚ
鮂 ㄡ
鮓 ㄚ
鮒 ㄨ
鮐 ㄞ
魺 ㄜ
鮕 ㄨ
魽 ㄢ
鮈 ㄩ
鴥 ㄩ
鴗 ㄧ
鴠 ㄢ
鴞 ㄠ
鴔 ㄨ
鴩 ㄓ
鴝 ㄩ
鴘 ㄢ
鴢 ㄡ
鴐 ㄚ
鴙 ㄓ
鴟 ㄔ
麈 ㄨ
麆 ㄨ
麇 ㄣ
麮 ㄩ
麭 ㄠ
黕 ㄣ
黖 ㄧ
黺 ㄣ
鼒 ㄗ
鼽 ㄡ
儦 ㄠ
儥 ㄨ
儢 ㄩ
儤 ㄠ
儠 ㄝ
儩 ㄙ
勴 ㄩ
嚓 ㄚ
嚌 ㄧ
嚍 ㄣ
嚆 ㄠ
嚄 ㄛ
嚃 ㄚ
噾 ㄣ
嚂 ㄢ
噿 ㄟ
嚁 ㄧ
壖 ㄢ
壔 ㄠ
壏 ㄢ
壒 ㄞ
嬭 ㄞ
嬥 ㄠ
嬲 ㄠ
嬣 ㄥ
嬬 ㄩ
嬧 ㄣ
嬦 ㄡ
嬯 ㄞ
嬮 ㄢ
寱 ㄧ
寲 ㄧ
嶷 ㄧ
幬 ㄠ
幪 ㄥ
徾 ㄟ
徻 ㄟ
懃 ㄣ
憵 ㄧ
憼 ㄥ
懧 ㄛ
懠 ㄧ
懥 ㄓ
懤 ㄡ
懨 ㄢ
懞 ㄥ
擯 ㄣ
擩 ㄨ
擣 ㄠ
擫 ㄝ
擤 ㄥ
擨 ㄝ
斁 ㄨ
斀 ㄛ
斶 ㄨ
旚 ㄠ
曒 ㄠ
檍 ㄧ
檖 ㄟ
檁 ㄣ
檥 ㄧ
檉 ㄥ
檟 ㄚ
檛 ㄚ
檡 ㄜ
檞 ㄝ
檇 ㄟ
檓 ㄟ
檎 ㄣ
檕 ㄧ
檃 ㄣ
檨 ㄜ
檤 ㄠ
檑 ㄟ
橿 ㄤ
檦 ㄠ
檚 ㄨ
檅 ㄟ
檌 ㄟ
檒 ㄥ
歛 ㄢ
殭 ㄤ
氉 ㄠ
濌 ㄚ
澩 ㄝ
濴 ㄥ
濔 ㄧ
濣 ㄛ
濜 ㄣ
濭 ㄞ
濧 ㄟ
濦 ㄣ
濞 ㄧ
濲 ㄨ
濝 ㄧ
濢 ㄟ
濨 ㄘ
燡 ㄧ
燱 ㄧ
燨 ㄧ
燲 ㄝ
燤 ㄞ
燰 ㄟ
燢 ㄝ
獮 ㄢ
獯 ㄣ
璗 ㄤ
璲 ㄟ
璫 ㄤ
璐 ㄨ
璪 ㄠ
璭 ㄣ
璱 ㄜ
璥 ㄥ
璯 ㄟ
甐 ㄣ
甑 ㄥ
甒 ㄨ
甏 ㄤ
疄 ㄣ
癃 ㄥ
癈 ㄟ
癉 ㄢ
癇 ㄢ
皤 ㄛ
盩 ㄡ
瞵 ㄣ
瞫 ㄣ
瞲 ㄩ
瞷 ㄢ
瞶 ㄟ
瞴 ㄨ
瞱 ㄝ
瞨 ㄨ
矰 ㄥ
磳 ㄥ
磽 ㄠ
礂 ㄧ
磻 ㄢ
磼 ㄚ
磲 ㄩ
礅 ㄣ
磹 ㄢ
磾 ㄧ
礄 ㄠ
禫 ㄢ
禨 ㄧ
穜 ㄥ
穛 ㄛ
穖 ㄧ
穘 ㄠ
穔 ㄤ
穚 ㄠ
窾 ㄢ
竀 ㄥ
竁 ㄟ
簅 ㄢ
簏 ㄨ
篲 ㄟ
簀 ㄜ
篿 ㄢ
篻 ㄠ
簎 ㄚ
篴 ㄧ
簋 ㄟ
篳 ㄧ
簂 ㄛ
簉 ㄡ
簃 ㄧ
簁 ㄧ
篸 ㄣ
篽 ㄩ
簆 ㄡ
篰 ㄨ
篱 ㄧ
簐 ㄢ
簊 ㄧ
糨 ㄤ
縭 ㄧ
縼 ㄢ
繂 ㄞ
縳 ㄢ
顈 ㄥ
縸 ㄛ
縪 ㄧ
繉 ㄣ
繀 ㄟ
繇 ㄡ
縩 ㄞ
縰 ㄧ
縻 ㄧ
縶 ㄓ
繄 ㄧ
縺 ㄢ
罅 ㄚ
罿 ㄥ
罾 ㄥ
罽 ㄧ
翴 ㄢ
翲 ㄠ
耬 ㄡ
膻 ㄢ
臄 ㄝ
臌 ㄨ
臊 ㄠ
臅 ㄨ
臇 ㄢ
膼 ㄚ
臩 ㄤ
艛 ㄡ
艚 ㄠ
艜 ㄞ
薃 ㄠ
薀 ㄣ
薏 ㄧ
薧 ㄠ
薕 ㄢ
薠 ㄢ
薋 ㄘ
薣 ㄨ
蕻 ㄥ
薤 ㄝ
薚 ㄤ
薞 ㄣ
蕷 ㄩ
蕼 ㄙ
薉 ㄟ
薡 ㄥ
蕺 ㄧ
蕸 ㄚ
蕗 ㄨ
薎 ㄝ
薖 ㄜ
薆 ㄞ
薍 ㄢ
薙 ㄧ
薝 ㄢ
薁 ㄩ
薢 ㄝ
薂 ㄧ
薈 ㄟ
薅 ㄠ
蕹 ㄥ
蕶 ㄥ
薘 ㄚ
薐 ㄥ
薟 ㄢ
虨 ㄢ
螾 ㄣ
螪 ㄤ
螭 ㄔ
蟅 ㄜ
螰 ㄨ
螬 ㄠ
螹 ㄢ
螵 ㄠ
螼 ㄣ
螮 ㄧ
蟉 ㄠ
蟃 ㄢ
蟂 ㄠ
蟌 ㄥ
螷 ㄧ
螯 ㄠ
蟄 ㄓ
蟊 ㄠ
螴 ㄣ
螶 ㄩ
螿 ㄤ
螸 ㄩ
螽 ㄥ
蟞 ㄝ
螲 ㄓ
褵 ㄧ
褳 ㄢ
褼 ㄢ
褾 ㄠ
襁 ㄤ
襒 ㄝ
褷 ㄕ
襂 ㄣ
覭 ㄥ
覯 ㄡ
覮 ㄥ
觲 ㄥ
觳 ㄨ
謞 ㄝ
謘 ㄔ
謖 ㄨ
謑 ㄧ
謅 ㄡ
謋 ㄛ
謢 ㄨ
謏 ㄠ
謒 ㄤ
謕 ㄧ
謇 ㄢ
謍 ㄥ
謈 ㄛ
謆 ㄢ
謜 ㄢ
謓 ㄣ
謚 ㄧ
豏 ㄢ
豰 ㄨ
豲 ㄢ
豱 ㄣ
豯 ㄧ
貕 ㄧ
貔 ㄧ
賹 ㄞ
赯 ㄤ
蹎 ㄢ
蹍 ㄢ
蹓 ㄡ
蹐 ㄧ
蹌 ㄤ
蹇 ㄢ
轃 ㄣ
轀 ㄣ
邅 ㄢ
遾 ㄕ
鄸 ㄥ
醚 ㄧ
醢 ㄞ
醛 ㄢ
醙 ㄡ
醟 ㄥ
醡 ㄚ
醝 ㄛ
醠 ㄤ
鎡 ㄗ
鎃 ㄞ
鎯 ㄛ
鍤 ㄚ
鍖 ㄣ
鍇 ㄞ
鍼 ㄣ
鍘 ㄚ
鍜 ㄚ
鍶 ㄙ
鍉 ㄧ
鍐 ㄥ
鍑 ㄨ
鍠 ㄤ
鍭 ㄡ
鎏 ㄡ
鍌 ㄢ
鍪 ㄡ
鍹 ㄢ
鍗 ㄧ
鍕 ㄡ
鍒 ㄡ
鍏 ㄟ
鍱 ㄝ
鍷 ㄟ
鍻 ㄝ
鍡 ㄟ
鍞 ㄥ
鍣 ㄠ
鍧 ㄥ
鎀 ㄡ
鍎 ㄨ
鍙 ㄥ
闇 ㄢ
闀 ㄤ
闉 ㄣ
闃 ㄩ
闅 ㄣ
閷 ㄞ
隮 ㄧ
隰 ㄧ
隬 ㄧ
霠 ㄣ
霟 ㄥ
霘 ㄥ
霝 ㄥ
霙 ㄥ
鞚 ㄥ
鞡 ㄚ
鞜 ㄚ
鞞 ㄥ
鞝 ㄤ
韔 ㄤ
韱 ㄢ
顁 ㄥ
顄 ㄢ
顊 ㄧ
顉 ㄣ
顅 ㄢ
顃 ㄢ
餥 ㄟ
餫 ㄣ
餬 ㄨ
餪 ㄢ
餳 ㄥ
餲 ㄜ
餯 ㄟ
餭 ㄤ
餱 ㄡ
餰 ㄢ
馘 ㄛ
馣 ㄢ
馡 ㄟ
騂 ㄥ
駺 ㄤ
駴 ㄝ
駷 ㄥ
駹 ㄤ
駸 ㄣ
駶 ㄩ
駻 ㄢ
駽 ㄢ
駾 ㄟ
駼 ㄨ
騃 ㄞ
骾 ㄥ
髾 ㄠ
髽 ㄚ
鬁 ㄧ
髼 ㄥ
魈 ㄠ
鮚 ㄝ
鮨 ㄧ
鮞 ㄦ
鮛 ㄚ
鮦 ㄥ
鮡 ㄠ
鮥 ㄛ
鮤 ㄝ
鮆 ㄧ
鮢 ㄨ
鮠 ㄟ
鮯 ㄜ
鴳 ㄢ
鵁 ㄠ
鵧 ㄥ
鴶 ㄧ
鴮 ㄨ
鴯 ㄦ
鴱 ㄞ
鴸 ㄨ
鴰 ㄚ
鵅 ㄛ
鵂 ㄡ
鵃 ㄡ
鴾 ㄡ
鴷 ㄝ
鵀 ㄣ
鴽 ㄨ
翵 ㄩ
鴭 ㄟ
麊 ㄧ
麉 ㄢ
麍 ㄡ
麰 ㄡ
黚 ㄢ
黻 ㄨ
黿 ㄢ
鼤 ㄣ
鼣 ㄟ
鼢 ㄣ
齔 ㄣ
龠 ㄝ
儱 ㄥ
儭 ㄣ
儮 ㄧ
嚘 ㄡ
嚜 ㄛ
嚗 ㄠ
嚚 ㄣ
嚝 ㄤ
嚙 ㄝ
奰 ㄟ
嬼 ㄡ
屩 ㄝ
屪 ㄠ
巀 ㄝ
幭 ㄝ
幮 ㄨ
懘 ㄔ
懟 ㄟ
懭 ㄤ
懮 ㄡ
懱 ㄝ
懪 ㄛ
懰 ㄡ
懫 ㄓ
懖 ㄚ
懩 ㄤ
擿 ㄓ
攄 ㄨ
擽 ㄝ
擸 ㄝ
攁 ㄤ
攃 ㄚ
擼 ㄨ
斔 ㄩ
旛 ㄢ
曚 ㄥ
曛 ㄣ
曘 ㄨ
櫅 ㄧ
檹 ㄧ
檽 ㄦ
櫡 ㄨ
櫆 ㄟ
檺 ㄠ
檶 ㄢ
檷 ㄧ
櫇 ㄛ
檴 ㄛ
檭 ㄣ
歞 ㄢ
毉 ㄧ
氋 ㄥ
瀇 ㄤ
瀌 ㄠ
瀍 ㄢ
瀁 ㄤ
瀅 ㄥ
瀔 ㄨ
瀎 ㄝ
濿 ㄧ
瀀 ㄡ
濻 ㄟ
瀦 ㄨ
濼 ㄛ
濷 ㄟ
瀊 ㄢ
爁 ㄢ
燿 ㄠ
燹 ㄢ
爃 ㄥ
燽 ㄡ
獶 ㄠ
璸 ㄣ
瓀 ㄢ
璵 ㄩ
瓁 ㄛ
璾 ㄧ
璶 ㄣ
璻 ㄟ
瓂 ㄞ
甔 ㄢ
甓 ㄧ
癜 ㄢ
癤 ㄝ
癙 ㄨ
癐 ㄞ
癓 ㄟ
癗 ㄟ
癚 ㄢ
皦 ㄠ
皽 ㄢ
盬 ㄨ
矂 ㄠ
瞺 ㄟ
磿 ㄧ
礌 ㄟ
礓 ㄤ
礔 ㄧ
礉 ㄜ
礐 ㄝ
礒 ㄧ
礑 ㄤ
禭 ㄟ
禬 ㄟ
穟 ㄟ
簜 ㄤ
簩 ㄠ
簙 ㄛ
簠 ㄨ
簟 ㄢ
簭 ㄕ
簝 ㄠ
簦 ㄥ
簨 ㄣ
簢 ㄠ
簥 ㄠ
簰 ㄞ
繜 ㄣ
繐 ㄟ
繖 ㄢ
繣 ㄚ
繘 ㄩ
繢 ㄟ
繟 ㄢ
繑 ㄠ
繠 ㄟ
繗 ㄣ
繓 ㄛ
羵 ㄣ
羳 ㄢ
翷 ㄣ
聵 ㄟ
臑 ㄨ
臒 ㄛ
臐 ㄣ
艟 ㄥ
艞 ㄠ
薴 ㄥ
藆 ㄢ
藀 ㄥ
藃 ㄠ
薳 ㄟ
薵 ㄡ
薽 ㄣ
藇 ㄩ
藄 ㄧ
薿 ㄧ
藋 ㄧ
藎 ㄣ
藈 ㄟ
藅 ㄚ
薱 ㄟ
薶 ㄞ
藒 ㄝ
蘤 ㄟ
薸 ㄠ
薷 ㄨ
薾 ㄦ
虩 ㄧ
蟧 ㄠ
蟦 ㄟ
蟢 ㄧ
蟛 ㄥ
蟫 ㄣ
蟪 ㄟ
蟥 ㄤ
蟟 ㄠ
蟳 ㄣ
蟤 ㄢ
蟔 ㄛ
蟜 ㄠ
蟓 ㄤ
蟭 ㄠ
蟘 ㄜ
蟣 ㄧ
螤 ㄩ
蟗 ㄡ
蟙 ㄓ
蠁 ㄤ
蟴 ㄙ
蟨 ㄝ
蟝 ㄩ
襓 ㄠ
襋 ㄧ
襏 ㄛ
襌 ㄢ
襆 ㄨ
襐 ㄤ
襑 ㄣ
襉 ㄢ
謪 ㄤ
謧 ㄧ
謣 ㄩ
謳 ㄡ
謰 ㄢ
謵 ㄧ
譇 ㄜ
謯 ㄚ
謼 ㄠ
謾 ㄢ
謱 ㄡ
謷 ㄠ
謦 ㄥ
謶 ㄛ
謮 ㄜ
謤 ㄠ
謻 ㄧ
謽 ㄤ
謺 ㄜ
豂 ㄠ
豵 ㄥ
貙 ㄨ
貘 ㄛ
貗 ㄩ
賾 ㄜ
贄 ㄓ
贂 ㄣ
贀 ㄟ
蹜 ㄛ
蹢 ㄧ
蹠 ㄓ
蹗 ㄨ
蹖 ㄥ
蹞 ㄟ
蹥 ㄢ
蹧 ㄠ
蹛 ㄞ
蹚 ㄤ
蹡 ㄤ
蹝 ㄧ
蹩 ㄝ
蹔 ㄢ
轆 ㄨ
轇 ㄡ
轈 ㄠ
轋 ㄣ
鄨 ㄧ
鄺 ㄤ
鄻 ㄢ
鄾 ㄡ
醨 ㄧ
醥 ㄠ
醧 ㄩ
醯 ㄧ
醪 ㄠ
鎵 ㄚ
鎌 ㄢ
鎒 ㄡ
鎷 ㄚ
鎛 ㄛ
鎝 ㄚ
鎉 ㄚ
鎧 ㄞ
鎎 ㄧ
鎪 ㄡ
鎞 ㄧ
鎦 ㄡ
鎕 ㄤ
鎈 ㄚ
鎙 ㄛ
鎟 ㄤ
鎍 ㄛ
鎱 ㄢ
鎑 ㄝ
鎲 ㄤ
鎤 ㄤ
鎨 ㄣ
鎴 ㄧ
鎣 ㄥ
鎥 ㄠ
闒 ㄚ
闓 ㄞ
闑 ㄝ
隳 ㄟ
雗 ㄢ
雚 ㄢ
巂 ㄧ
雟 ㄟ
雘 ㄛ
雝 ㄥ
霣 ㄣ
霢 ㄛ
霥 ㄥ
鞬 ㄢ
鞮 ㄧ
鞨 ㄜ
鞫 ㄩ
鞤 ㄤ
鞪 ㄨ
鞢 ㄝ
韗 ㄣ
韙 ㄟ
韖 ㄡ
韘 ㄜ
韺 ㄥ
顐 ㄣ
顑 ㄢ
顒 ㄥ
颸 ㄙ
饁 ㄝ
餼 ㄧ
餺 ㄛ
騏 ㄧ
騋 ㄞ
騉 ㄣ
騍 ㄜ
騄 ㄨ
騑 ㄟ
騊 ㄠ
騅 ㄟ
騇 ㄜ
騆 ㄡ
髀 ㄧ
髜 ㄠ
鬈 ㄢ
鬄 ㄧ
鬅 ㄥ
鬩 ㄧ
鬵 ㄢ
魊 ㄩ
魌 ㄧ
魋 ㄟ
鯇 ㄣ
鯆 ㄨ
鯃 ㄨ
鮿 ㄜ
鯁 ㄥ
鮵 ㄛ
鮸 ㄢ
鯓 ㄧ
鮶 ㄣ
鯄 ㄡ
鮹 ㄠ
鮽 ㄩ
鵜 ㄧ
鵓 ㄛ
鵏 ㄨ
鵊 ㄚ
鵛 ㄥ
鵋 ㄧ
鵙 ㄩ
鵖 ㄧ
鵌 ㄩ
鵗 ㄧ
鵒 ㄩ
鵔 ㄣ
鵟 ㄤ
鵘 ㄣ
鵚 ㄨ
麎 ㄣ
麌 ㄨ
黟 ㄧ
鼁 ㄩ
鼀 ㄨ
鼖 ㄣ
鼥 ㄚ
鼫 ㄕ
鼪 ㄥ
鼩 ㄩ
鼨 ㄥ
齌 ㄧ
齕 ㄜ
儴 ㄤ
儵 ㄨ
劖 ㄢ
勷 ㄤ
厴 ㄢ
嚫 ㄣ
嚭 ㄧ
嚦 ㄧ
嚧 ㄨ
嚪 ㄢ
嚬 ㄣ
壚 ㄨ
壝 ㄟ
壛 ㄢ
夒 ㄠ
嬽 ㄢ
嬾 ㄢ
嬿 ㄢ
巃 ㄥ
幰 ㄢ
徿 ㄥ
懻 ㄧ
攇 ㄢ
攐 ㄢ
攍 ㄥ
攉 ㄛ
攌 ㄢ
攎 ㄨ
斄 ㄧ
旞 ㄟ
旝 ㄞ
曞 ㄧ
櫧 ㄨ
櫠 ㄟ
櫌 ㄡ
櫑 ㄟ
櫙 ㄡ
櫋 ㄢ
櫟 ㄧ
櫜 ㄠ
櫐 ㄟ
櫫 ㄨ
櫏 ㄢ
櫍 ㄓ
櫞 ㄢ
歠 ㄛ
殰 ㄨ
氌 ㄨ
瀙 ㄣ
瀧 ㄥ
瀠 ㄥ
瀖 ㄛ
瀫 ㄨ
瀡 ㄟ
瀢 ㄟ
瀣 ㄝ
瀩 ㄟ
瀗 ㄢ
瀤 ㄞ
瀜 ㄥ
瀪 ㄢ
爌 ㄤ
爊 ㄠ
爇 ㄛ
爂 ㄠ
爅 ㄛ
犥 ㄠ
犦 ㄠ
犤 ㄧ
犣 ㄝ
犡 ㄧ
瓋 ㄜ
瓅 ㄧ
璷 ㄨ
瓃 ㄟ
甖 ㄥ
癠 ㄧ
矉 ㄣ
矊 ㄢ
矄 ㄣ
矱 ㄛ
礝 ㄢ
礛 ㄢ
礡 ㄛ
礜 ㄩ
礗 ㄣ
礞 ㄥ
禰 ㄧ
穧 ㄧ
穨 ㄟ
簳 ㄢ
簼 ㄡ
簹 ㄤ
簬 ㄨ
簻 ㄜ
糬 ㄨ
糪 ㄛ
繶 ㄧ
繵 ㄢ
繸 ㄟ
繰 ㄠ
繷 ㄠ
繯 ㄢ
繺 ㄞ
繲 ㄝ
繴 ㄛ
繨 ㄚ
罋 ㄥ
罊 ㄥ
羃 ㄧ
羆 ㄧ
羷 ㄢ
翽 ㄟ
翾 ㄢ
聸 ㄢ
臗 ㄢ
臕 ㄠ
艤 ㄧ
艡 ㄤ
艣 ㄨ
藫 ㄢ
藱 ㄟ
藭 ㄥ
藙 ㄧ
藡 ㄧ
藨 ㄠ
藚 ㄩ
藗 ㄨ
藬 ㄟ
藲 ㄨ
藸 ㄨ
藘 ㄩ
藟 ㄟ
藣 ㄧ
藜 ㄧ
藑 ㄥ
藰 ㄡ
藦 ㄛ
藯 ㄟ
藞 ㄚ
藢 ㄓ
蠀 ㄗ
蟺 ㄢ
蠃 ㄛ
蟶 ㄥ
蟷 ㄤ
蠉 ㄢ
蠌 ㄜ
蠋 ㄨ
蠆 ㄞ
蟼 ㄥ
蠈 ㄜ
蟿 ㄧ
蠊 ㄢ
蠂 ㄜ
襢 ㄢ
襚 ㄟ
襛 ㄥ
襗 ㄛ
襡 ㄨ
襜 ㄢ
襘 ㄟ
襝 ㄢ
襙 ㄠ
覈 ㄜ
覷 ㄩ
覶 ㄛ
觶 ㄓ
譐 ㄣ
譈 ㄟ
譊 ㄠ
譀 ㄢ
譓 ㄟ
譖 ㄣ
譔 ㄢ
譋 ㄢ
譕 ㄨ
譑 ㄠ
譂 ㄢ
譒 ㄛ
譗 ㄚ
豃 ㄢ
豷 ㄧ
豶 ㄣ
貚 ㄢ
贆 ㄠ
贇 ㄣ
贉 ㄢ
趬 ㄠ
趪 ㄤ
趭 ㄠ
趫 ㄠ
蹭 ㄥ
蹸 ㄣ
蹳 ㄛ
蹪 ㄟ
蹯 ㄢ
蹻 ㄠ
軂 ㄠ
轒 ㄣ
轑 ㄠ
轏 ㄢ
轐 ㄨ
轓 ㄢ
辴 ㄣ
酀 ㄢ
鄿 ㄧ
醰 ㄢ
醭 ㄨ
鏞 ㄥ
鏇 ㄢ
鏏 ㄟ
鏂 ㄡ
鏚 ㄧ
鏐 ㄡ
鏹 ㄤ
鏬 ㄚ
鏌 ㄛ
鏙 ㄟ
鎩 ㄚ
鏦 ㄥ
鏊 ㄠ
鏔 ㄣ
鏮 ㄤ
鏣 ㄨ
鏕 ㄨ
鏄 ㄛ
鏎 ㄧ
鏀 ㄨ
鏒 ㄠ
鏧 ㄥ
镽 ㄠ
闚 ㄟ
闛 ㄤ
雡 ㄡ
霩 ㄛ
霫 ㄧ
霬 ㄧ
霨 ㄟ
霦 ㄣ
鞳 ㄚ
鞶 ㄢ
韝 ㄡ
韞 ㄣ
韟 ㄠ
顜 ㄤ
顙 ㄤ
顝 ㄨ
顗 ㄧ
颿 ㄢ
颽 ㄞ
颻 ㄠ
颾 ㄠ
饈 ㄡ
饇 ㄩ
饃 ㄛ
馦 ㄢ
馧 ㄣ
騚 ㄢ
騕 ㄠ
騥 ㄡ
騝 ㄢ
騤 ㄟ
騛 ㄟ
騢 ㄚ
騠 ㄧ
騧 ㄚ
騣 ㄥ
騞 ㄛ
騜 ㄤ
騔 ㄜ
髂 ㄚ
鬋 ㄢ
鬊 ㄣ
鬎 ㄚ
鬌 ㄛ
鬷 ㄥ
鯪 ㄥ
鯫 ㄡ
鯠 ㄞ
鯞 ㄡ
鯤 ㄣ
鯦 ㄡ
鯢 ㄧ
鯰 ㄢ
鯔 ㄗ
鯗 ㄤ
鯬 ㄧ
鯜 ㄝ
鯙 ㄣ
鯥 ㄨ
鯕 ㄧ
鯡 ㄟ
鯚 ㄧ
鵷 ㄢ
鶁 ㄥ
鶊 ㄥ
鶄 ㄥ
鶈 ㄧ
鵱 ㄨ
鶀 ㄧ
鵸 ㄧ
鶆 ㄞ
鶋 ㄩ
鶌 ㄩ
鵽 ㄛ
鵫 ㄠ
鵴 ㄩ
鵵 ㄨ
鵰 ㄠ
鵩 ㄨ
鶅 ㄗ
鵳 ㄢ
鵻 ㄟ
鶂 ㄧ
鵯 ㄟ
鵹 ㄧ
鵿 ㄥ
鶇 ㄥ
鵨 ㄨ
麔 ㄡ
麑 ㄧ
黀 ㄡ
黼 ㄨ
鼭 ㄕ
齀 ㄨ
齁 ㄡ
齍 ㄗ
齖 ㄚ
齗 ㄣ
齘 ㄝ
匷 ㄩ
嚲 ㄛ
嚵 ㄢ
嚳 ㄨ
壣 ㄣ
孅 ㄢ
巆 ㄥ
巇 ㄧ
廮 ㄥ
廯 ㄢ
忀 ㄤ
忁 ㄠ
懹 ㄤ
攗 ㄟ
攖 ㄥ
攕 ㄢ
攓 ㄢ
旟 ㄩ
曨 ㄥ
曣 ㄢ
曤 ㄛ
櫳 ㄥ
櫰 ㄞ
櫪 ㄧ
櫨 ㄨ
櫹 ㄠ
櫱 ㄝ
櫮 ㄜ
櫯 ㄨ
瀼 ㄤ
瀵 ㄣ
瀯 ㄥ
瀷 ㄧ
瀴 ㄥ
瀱 ㄧ
灂 ㄛ
瀸 ㄢ
瀿 ㄢ
瀺 ㄢ
瀹 ㄝ
灀 ㄤ
瀻 ㄞ
瀳 ㄢ
灁 ㄢ
爓 ㄢ
爔 ㄧ
犨 ㄡ
獽 ㄤ
獼 ㄧ
璺 ㄣ
皫 ㄠ
皪 ㄧ
皾 ㄨ
盭 ㄧ
矌 ㄤ
矎 ㄢ
矏 ㄢ
矍 ㄝ
矲 ㄞ
礥 ㄢ
礣 ㄝ
礧 ㄟ
礨 ㄟ
礤 ㄚ
礩 ㄓ
禲 ㄧ
穮 ㄠ
穬 ㄥ
穭 ㄩ
竷 ㄢ
籉 ㄞ
籈 ㄣ
籊 ㄧ
籇 ㄠ
籅 ㄩ
糮 ㄢ
繻 ㄩ
繾 ㄢ
纁 ㄣ
纀 ㄨ
翿 ㄠ
聹 ㄥ
臛 ㄨ
臙 ㄢ
舋 ㄣ
艨 ㄥ
艩 ㄧ
蘢 ㄥ
藿 ㄛ
蘁 ㄨ
藾 ㄞ
蘛 ㄩ
蘀 ㄛ
藶 ㄧ
蘄 ㄧ
蘉 ㄤ
蘅 ㄥ
蘌 ㄩ
藽 ㄣ
蠙 ㄣ
蠐 ㄧ
蠑 ㄥ
蠗 ㄛ
蠓 ㄥ
蠖 ㄛ
襣 ㄧ
襦 ㄨ
覹 ㄟ
觷 ㄝ
譠 ㄢ
譪 ㄞ
譝 ㄥ
譨 ㄡ
譣 ㄢ
譥 ㄠ
譧 ㄢ
譭 ㄟ
趮 ㄠ
躆 ㄩ
躈 ㄠ
躄 ㄧ
轙 ㄧ
轖 ㄜ
轗 ㄢ
轕 ㄜ
轘 ㄢ
轚 ㄧ
邍 ㄢ
酃 ㄥ
酁 ㄢ
醷 ㄧ
醵 ㄩ
醲 ㄥ
醳 ㄧ
鐋 ㄤ
鐓 ㄣ
鏻 ㄣ
鐠 ㄨ
鐏 ㄣ
鐔 ㄢ
鏾 ㄢ
鐕 ㄢ
鐐 ㄠ
鐨 ㄟ
鐙 ㄥ
鐍 ㄝ
鏵 ㄚ
鐀 ㄟ
鏷 ㄨ
鐇 ㄢ
鐎 ㄠ
鐖 ㄧ
鐒 ㄠ
鏺 ㄛ
鐉 ㄢ
鏸 ㄟ
鐊 ㄤ
鏿 ㄥ
鏼 ㄛ
鐌 ㄤ
鏶 ㄧ
鐑 ㄝ
鐆 ㄟ
闞 ㄢ
闠 ㄟ
闟 ㄧ
霮 ㄢ
霯 ㄥ
鞹 ㄛ
鞻 ㄡ
韽 ㄣ
韾 ㄣ
顠 ㄠ
顢 ㄢ
顣 ㄧ
顟 ㄠ
飁 ㄧ
飂 ㄠ
饐 ㄧ
饎 ㄔ
饙 ㄣ
饌 ㄢ
饋 ㄟ
饓 ㄥ
騲 ㄠ
騴 ㄢ
騱 ㄧ
騬 ㄥ
騪 ㄡ
騶 ㄡ
騩 ㄟ
騮 ㄡ
騸 ㄢ
騭 ㄓ
髇 ㄠ
髊 ㄛ
髆 ㄛ
鬐 ㄧ
鬒 ㄣ
鬑 ㄢ
鰋 ㄢ
鰈 ㄝ
鯷 ㄕ
鰅 ㄩ
鰒 ㄨ
鯸 ㄡ
鱀 ㄧ
鰇 ㄡ
鰎 ㄢ
鰆 ㄣ
鰗 ㄨ
鰔 ㄢ
鰉 ㄤ
鶟 ㄨ
鶙 ㄧ
鶤 ㄣ
鶝 ㄨ
鶒 ㄔ
鶘 ㄨ
鶐 ㄨ
鶛 ㄝ
鶠 ㄢ
鶔 ㄡ
鶜 ㄠ
鶪 ㄩ
鶗 ㄧ
鶡 ㄜ
鶚 ㄜ
鶢 ㄢ
鶨 ㄣ
鶞 ㄣ
鶣 ㄣ
鶿 ㄘ
鶩 ㄨ
鶖 ㄡ
鶦 ㄨ
鶧 ㄥ
麙 ㄢ
麛 ㄧ
麚 ㄚ
黥 ㄥ
黤 ㄢ
黧 ㄧ
黦 ㄩ
鼰 ㄢ
鼮 ㄥ
齛 ㄕ
齠 ㄠ
齞 ㄢ
齝 ㄔ
齙 ㄠ
龑 ㄢ
儺 ㄛ
儹 ㄢ
劘 ㄛ
劗 ㄢ
嚽 ㄛ
嚾 ㄢ
孈 ㄞ
孇 ㄤ
巋 ㄟ
巏 ㄢ
廱 ㄥ
懽 ㄢ
攛 ㄢ
欂 ㄛ
櫼 ㄢ
欃 ㄢ
櫸 ㄩ
欀 ㄤ
灃 ㄥ
灄 ㄜ
灊 ㄢ
灈 ㄩ
灉 ㄥ
灅 ㄟ
灆 ㄢ
爝 ㄝ
爚 ㄝ
爙 ㄤ
獾 ㄢ
甗 ㄢ
癪 ㄧ
矐 ㄛ
礭 ㄝ
礱 ㄥ
礯 ㄥ
籔 ㄡ
籓 ㄢ
糲 ㄧ
纊 ㄤ
纇 ㄟ
纈 ㄝ
纋 ㄡ
纆 ㄛ
纍 ㄟ
罍 ㄟ
羻 ㄤ
耰 ㄡ
臝 ㄛ
蘘 ㄤ
蘪 ㄧ
蘦 ㄥ
蘟 ㄣ
蘜 ㄩ
蘙 ㄧ
蘧 ㄩ
蘮 ㄧ
蘡 ㄥ
蘠 ㄤ
蘩 ㄢ
蘞 ㄢ
蘥 ㄝ
蠩 ㄨ
蠝 ㄟ
蠛 ㄝ
蠠 ㄧ
蠤 ㄡ
蠜 ㄢ
蠫 ㄧ
衊 ㄝ
襭 ㄝ
襩 ㄨ
襮 ㄛ
襫 ㄕ
觺 ㄧ
譹 ㄠ
譸 ㄡ
譅 ㄜ
譺 ㄧ
譻 ㄥ
贐 ㄣ
贔 ㄧ
趯 ㄝ
躎 ㄢ
躌 ㄨ
轞 ㄢ
轛 ㄟ
轝 ㄩ
酆 ㄥ
酄 ㄢ
酅 ㄧ
醹 ㄨ
鐿 ㄧ
鐻 ㄩ
鐶 ㄢ
鐩 ㄟ
鐽 ㄚ
鐼 ㄣ
鐰 ㄠ
鐹 ㄛ
鐪 ㄨ
鐷 ㄝ
鐬 ㄟ
鑀 ㄞ
鐱 ㄢ
闥 ㄚ
闤 ㄢ
闣 ㄤ
霵 ㄧ
霺 ㄟ
鞿 ㄧ
韡 ㄟ
顤 ㄠ
飉 ㄠ
飆 ㄠ
飀 ㄡ
饘 ㄢ
饖 ㄟ
騹 ㄧ
騽 ㄧ
驆 ㄧ
驄 ㄥ
驂 ㄢ
驁 ㄠ
騺 ㄓ
騿 ㄤ
髍 ㄛ
鬕 ㄛ
鬗 ㄢ
鬘 ㄢ
鬖 ㄢ
鬺 ㄤ
魒 ㄠ
鰫 ㄥ
鰝 ㄠ
鰜 ㄢ
鰬 ㄢ
鰣 ㄕ
鰨 ㄚ
鰩 ㄠ
鰤 ㄕ
鰡 ㄡ
鶷 ㄚ
鶶 ㄤ
鶼 ㄢ
鷁 ㄧ
鷇 ㄡ
鷊 ㄧ
鷏 ㄣ
鶾 ㄢ
鷅 ㄧ
鷃 ㄢ
鶻 ㄨ
鶵 ㄨ
鷎 ㄡ
鶹 ㄡ
鶺 ㄧ
鶬 ㄤ
鷈 ㄧ
鶱 ㄢ
鶭 ㄤ
鷌 ㄚ
鶳 ㄕ
鷍 ㄠ
鶲 ㄥ
鹺 ㄛ
麜 ㄧ
黫 ㄣ
黮 ㄢ
黭 ㄢ
鼛 ㄠ
鼘 ㄢ
鼚 ㄤ
鼱 ㄥ
齎 ㄧ
齥 ㄝ
齤 ㄢ
龒 ㄥ
亹 ㄟ
囆 ㄞ
囅 ㄢ
囋 ㄢ
奱 ㄢ
孋 ㄧ
孌 ㄢ
巕 ㄝ
巑 ㄢ
廲 ㄧ
攡 ㄧ
攠 ㄧ
攦 ㄧ
攢 ㄢ
欋 ㄩ
欈 ㄟ
氍 ㄩ
灕 ㄧ
灖 ㄧ
灗 ㄢ
灒 ㄢ
爞 ㄥ
爟 ㄢ
犩 ㄟ
獿 ㄠ
瓘 ㄢ
瓕 ㄧ
瓙 ㄠ
瓗 ㄧ
癭 ㄥ
皭 ㄠ
礵 ㄤ
禴 ㄝ
穰 ㄤ
穱 ㄝ
籗 ㄛ
籜 ㄛ
籙 ㄨ
籛 ㄢ
籚 ㄨ
糴 ㄧ
糱 ㄝ
纑 ㄨ
罏 ㄨ
羇 ㄧ
臞 ㄩ
艫 ㄨ
蘴 ㄥ
蘵 ㄓ
蘳 ㄥ
蘬 ㄟ
蘲 ㄟ
蘶 ㄟ
蠬 ㄥ
蠨 ㄠ
蠦 ㄨ
蠪 ㄥ
蠥 ㄝ
襱 ㄥ
覿 ㄧ
覾 ㄣ
觻 ㄧ
譾 ㄢ
讄 ㄟ
讂 ㄢ
讆 ㄟ
讅 ㄣ
譿 ㄟ
贕 ㄨ
躕 ㄨ
躔 ㄢ
躚 ㄢ
躒 ㄧ
躐 ㄝ
躖 ㄢ
躗 ㄟ
轠 ㄟ
轢 ㄧ
酇 ㄢ
鑌 ㄣ
鑐 ㄩ
鑊 ㄛ
鑋 ㄥ
鑏 ㄥ
鑇 ㄧ
鑅 ㄥ
鑈 ㄝ
鑉 ㄚ
鑆 ㄟ
霿 ㄥ
韣 ㄨ
顪 ㄟ
顩 ㄢ
飋 ㄜ
饔 ㄥ
饛 ㄥ
驎 ㄣ
驓 ㄥ
驔 ㄢ
驌 ㄨ
驏 ㄢ
驈 ㄩ
驊 ㄚ
驉 ㄩ
驒 ㄛ
驐 ㄣ
髐 ㄠ
鬙 ㄥ
鬫 ㄢ
鬻 ㄩ
魖 ㄩ
魕 ㄧ
鱆 ㄤ
鱈 ㄝ
鰿 ㄧ
鱄 ㄢ
鰹 ㄢ
鰳 ㄜ
鱁 ㄨ
鰼 ㄧ
鰷 ㄠ
鰴 ㄟ
鰲 ㄠ
鰽 ㄡ
鰶 ㄧ
鷛 ㄥ
鷒 ㄢ
鷞 ㄤ
鷚 ㄠ
鷋 ㄨ
鷐 ㄣ
鷜 ㄡ
鷑 ㄧ
鷟 ㄛ
鷩 ㄧ
鷙 ㄓ
鷘 ㄔ
鷖 ㄧ
鷵 ㄨ
鷕 ㄠ
鷝 ㄧ
麶 ㄔ
黰 ㄣ
鼵 ㄨ
鼳 ㄩ
鼲 ㄣ
齂 ㄧ
齫 ㄣ
龕 ㄢ
龢 ㄜ
儽 ㄟ
劙 ㄧ
壨 ㄟ
壧 ㄢ
奲 ㄜ
孍 ㄢ
巘 ㄢ
蠯 ㄧ
彏 ㄝ
戁 ㄢ
戃 ㄤ
戄 ㄝ
攩 ㄤ
攥 ㄢ
斖 ㄟ
曫 ㄢ
欑 ㄢ
欒 ㄢ
欏 ㄛ
毊 ㄠ
灛 ㄢ
灚 ㄠ
爢 ㄧ
玂 ㄧ
玁 ㄢ
玃 ㄝ
癰 ㄥ
矔 ㄢ
籧 ㄩ
籦 ㄥ
纕 ㄤ
艬 ㄢ
蘺 ㄧ
虀 ㄧ
蘹 ㄞ
蘼 ㄧ
蘱 ㄟ
蘻 ㄧ
蘾 ㄞ
蠰 ㄤ
蠲 ㄢ
蠮 ㄝ
蠳 ㄥ
襶 ㄞ
襴 ㄢ
襳 ㄢ
觾 ㄢ
讌 ㄢ
讎 ㄡ
讋 ㄜ
讈 ㄧ
豅 ㄥ
贙 ㄢ
躘 ㄥ
轤 ㄨ
轣 ㄧ
醼 ㄢ
鑢 ㄩ
鑕 ㄓ
鑝 ㄥ
鑗 ㄧ
鑞 ㄚ
韄 ㄛ
韅 ㄢ
頀 ㄨ
驖 ㄝ
驙 ㄢ
鬞 ㄥ
鬟 ㄢ
鬠 ㄞ
鱒 ㄣ
鱘 ㄣ
鱐 ㄨ
鱊 ㄝ
鱍 ㄛ
鱋 ㄩ
鱕 ㄢ
鱙 ㄠ
鱌 ㄤ
鱎 ㄠ
鷻 ㄢ
鷷 ㄣ
鷯 ㄠ
鷣 ㄣ
鷫 ㄨ
鷸 ㄩ
鷤 ㄧ
鷶 ㄞ
鷡 ㄨ
鷮 ㄠ
鷦 ㄠ
鷲 ㄡ
鷰 ㄢ
鷢 ㄝ
鷬 ㄤ
鷴 ㄢ
鷳 ㄢ
鷨 ㄚ
鷭 ㄢ
黂 ㄣ
黐 ㄧ
黲 ㄢ
黳 ㄧ
鼆 ㄤ
鼜 ㄧ
鼸 ㄢ
鼷 ㄧ
鼶 ㄙ
齃 ㄜ
齏 ㄧ
齱 ㄡ
齰 ㄛ
齮 ㄧ
齯 ㄧ
囓 ㄝ
囍 ㄧ
孎 ㄨ
屭 ㄧ
攭 ㄧ
曭 ㄤ
曮 ㄢ
欓 ㄤ
灟 ㄨ
灡 ㄢ
灝 ㄠ
灠 ㄢ
爣 ㄤ
瓛 ㄢ
瓥 ㄧ
矕 ㄢ
礸 ㄢ
禷 ㄟ
禶 ㄢ
籪 ㄢ
纗 ㄟ
羉 ㄢ
艭 ㄤ
虃 ㄢ
蠸 ㄢ
蠷 ㄩ
蠵 ㄧ
衋 ㄕ
讔 ㄣ
讕 ㄢ
躞 ㄝ
躟 ㄤ
躠 ㄝ
躝 ㄢ
醾 ㄧ
醽 ㄥ
釂 ㄠ
鑫 ㄣ
鑨 ㄥ
鑩 ㄜ
雥 ㄚ
靆 ㄞ
靃 ㄛ
靇 ㄥ
韇 ㄨ
韥 ㄨ
驞 ㄣ
髕 ㄣ
魙 ㄢ
鱣 ㄢ
鱧 ㄧ
鱦 ㄥ
鱢 ㄠ
鱞 ㄢ
鱠 ㄞ
鸂 ㄧ
鷾 ㄧ
鸇 ㄢ
鸃 ㄧ
鸆 ㄩ
鸅 ㄜ
鸀 ㄨ
鸁 ㄛ
鸉 ㄤ
鷿 ㄧ
鷽 ㄝ
鸄 ㄧ
麠 ㄥ
鼞 ㄤ
齆 ㄥ
齴 ㄢ
齵 ㄩ
齶 ㄜ
囔 ㄤ
攮 ㄤ
斸 ㄨ
欘 ㄨ
欙 ㄟ
欗 ㄢ
欚 ㄧ
灢 ㄤ
爦 ㄢ
犪 ㄟ
矘 ㄤ
矙 ㄢ
礹 ㄢ
籩 ㄢ
籫 ㄢ
糶 ㄠ
纚 ㄧ
纘 ㄢ
纛 ㄠ
纙 ㄛ
臠 ㄢ
臡 ㄧ
虆 ㄟ
虇 ㄢ
虈 ㄠ
襹 ㄕ
襺 ㄢ
襼 ㄧ
襻 ㄢ
觿 ㄧ
讘 ㄜ
讙 ㄢ
躥 ㄢ
躤 ㄝ
躣 ㄩ
鑮 ㄛ
鑭 ㄢ
鑯 ㄢ
鑱 ㄢ
鑳 ㄢ
靉 ㄞ
顲 ㄢ
饟 ㄤ
鱨 ㄤ
鱮 ㄩ
鱭 ㄧ
鸋 ㄥ
鸍 ㄧ
鸐 ㄧ
鸏 ㄥ
鸒 ㄩ
鸑 ㄝ
麡 ㄧ
黵 ㄢ
鼉 ㄛ
齇 ㄚ
齸 ㄧ
齻 ㄢ
齺 ㄡ
齹 ㄔ
圞 ㄢ
灦 ㄢ
籯 ㄥ
蠼 ㄝ
趲 ㄢ
躦 ㄢ
釃 ㄧ
鑴 ㄧ
鑸 ㄟ
鑶 ㄤ
鑵 ㄢ
驠 ㄢ
鱴 ㄝ
鱳 ㄧ
鱱 ㄧ
鱵 ㄣ
鸔 ㄛ
鸓 ㄟ
黶 ㄢ
鼊 ㄧ
龤 ㄝ
灨 ㄢ
灥 ㄢ
糷 ㄢ
虪 ㄨ
蠾 ㄨ
蠽 ㄝ
蠿 ㄚ
讞 ㄢ
貜 ㄝ
躩 ㄝ
軉 ㄩ
靋 ㄧ
顳 ㄝ
顴 ㄢ
飌 ㄥ
饡 ㄢ
馫 ㄥ
驤 ㄤ
驦 ㄤ
驧 ㄩ
鬤 ㄤ
鸕 ㄨ
鸗 ㄥ
齈 ㄥ
戇 ㄤ
欞 ㄥ
爧 ㄥ
虌 ㄝ
躨 ㄟ
钂 ㄤ
钀 ㄝ
钁 ㄝ
驩 ㄢ
驨 ㄧ
鬮 ㄡ
鸙 ㄝ
爩 ㄩ
虋 ㄣ
讟 ㄨ
钃 ㄨ
鱹 ㄢ
麷 ㄥ
癵 ㄢ
驫 ㄠ
鱺 ㄧ
鸝 ㄧ
灩 ㄢ
灪 ㄩ
麤 ㄨ
齾 ㄚ
齉 ㄤ
龘 ㄚ
碁 ㄧ
銹 ㄡ
裏 ㄧ
墻 ㄤ
恒 ㄥ
粧 ㄤ
嫺 ㄢ
尕 ㄞ
哖 ㄢ
繌 ㄚ
鞥 ㄥ
兀 ㄨ
